#-----------------------------------------------------------
# Webtalk v2017.2 (64-bit)
# SW Build 1909853 on Thu Jun 15 18:39:10 MDT 2017
# IP Build 1909766 on Thu Jun 15 19:58:00 MDT 2017
# Start of session at: Wed Mar 13 22:56:22 2019
# Process ID: 10961
# Current directory: /home/alex/Desktop/RFNoCFrameSynchHWAccel-dev/correlatorDev/correlator/solution1/sim/verilog
# Command line: wbtcv -mode batch -source /home/alex/Desktop/RFNoCFrameSynchHWAccel-dev/correlatorDev/correlator/solution1/sim/verilog/xsim.dir/correlateTop/webtalk/xsim_webtalk.tcl -notrace
# Log file: /home/alex/Desktop/RFNoCFrameSynchHWAccel-dev/correlatorDev/correlator/solution1/sim/verilog/webtalk.log
# Journal file: /home/alex/Desktop/RFNoCFrameSynchHWAccel-dev/correlatorDev/correlator/solution1/sim/verilog/webtalk.jou
#-----------------------------------------------------------
source /home/alex/Desktop/RFNoCFrameSynchHWAccel-dev/correlatorDev/correlator/solution1/sim/verilog/xsim.dir/correlateTop/webtalk/xsim_webtalk.tcl -notrace
