

================================================================
== Vivado HLS Report for 'correlator'
================================================================
* Date:           Sat Mar  9 14:10:26 2019

* Version:        2017.4 (Build 2086221 on Fri Dec 15 21:13:33 MST 2017)
* Project:        correlator
* Solution:       solution1
* Product family: kintex7
* Target device:  xc7k160tfbg484-1


================================================================
== Performance Estimates
================================================================
+ Timing (ns): 
    * Summary: 
    +--------+-------+----------+------------+
    |  Clock | Target| Estimated| Uncertainty|
    +--------+-------+----------+------------+
    |ap_clk  |  10.00|      6.58|        1.25|
    +--------+-------+----------+------------+

+ Latency (clock cycles): 
    * Summary: 
    +-----+-----+-----+-----+----------+
    |  Latency  |  Interval | Pipeline |
    | min | max | min | max |   Type   |
    +-----+-----+-----+-----+----------+
    |    2|    2|    1|    1| function |
    +-----+-----+-----+-----+----------+

    + Detail: 
        * Instance: 
        N/A

        * Loop: 
        N/A

============================================================
+ Verbose Summary: Synthesis Manager
============================================================
InlineROM: 1
ExposeGlobal: 0
============================================================
+ Verbose Summary: CDFG Model
============================================================
IsTopModel: 1
ResetActiveHigh: 1
IsCombinational: 0
IsDatapathOnly: 0
HasWiredReturn: 1
HasMFsm: 2
HasVarLatency: 0
IsPipeline: 1
IsRtlPipelined: 1
IsInstanceOverlapped: 0
IsDontTouch: 0
HasImplIP: 0
IsGatedGlobalClock: 0

+ Individual pipeline summary: 
  * Pipeline-0: initiation interval (II) = 1, depth = 3


============================================================
+ Verbose Summary: Schedule
============================================================
* Number of FSM states : 3
* Pipeline : 1
  Pipeline-0 : II = 1, D = 3, States = { 1 2 3 }
* Dataflow Pipeline: 0

* FSM state transitions: 
1 --> 
	2  / true
2 --> 
	3  / true
3 --> 

* FSM state operations: 

 <State 1> : 6.58ns
ST_1 : Operation 4 [1/1] (0.00ns)   --->   "%start_V_read = call i1 @_ssdm_op_Read.ap_auto.i1(i1 %start_V)"
ST_1 : Operation 5 [1/1] (0.00ns)   --->   "%currentState_load = load i1* @currentState, align 1"
ST_1 : Operation 6 [1/1] (0.00ns)   --->   "br i1 %currentState_load, label %2, label %0" [correlator.cpp:206]
ST_1 : Operation 7 [1/1] (0.00ns)   --->   "br i1 %start_V_read, label %1, label %._crit_edge866" [correlator.cpp:208]
ST_1 : Operation 8 [1/1] (0.00ns)   --->   "store i1 true, i1* @currentState, align 1" [correlator.cpp:210]
ST_1 : Operation 9 [1/1] (0.00ns)   --->   "%tmp = call i1 @_ssdm_op_NbReadReq.axis.i32P.i1P(i32* %i_data_V_data_V, i1* %i_data_V_last_V, i32 1)" [correlator.cpp:214]   --->   Core 5 'AXI4Stream' <Latency = 0> <II = 1> <Delay = 1.00> <Adapter> <Opcode : >
ST_1 : Operation 10 [1/1] (0.00ns)   --->   "br i1 %tmp, label %._crit_edge868.0, label %._crit_edge867" [correlator.cpp:214]
ST_1 : Operation 11 [1/1] (0.00ns)   --->   "%empty = call { i32, i1 } @_ssdm_op_Read.axis.volatile.i32P.i1P(i32* %i_data_V_data_V, i1* %i_data_V_last_V)" [correlator.cpp:215]   --->   Core 5 'AXI4Stream' <Latency = 0> <II = 1> <Delay = 1.00> <Adapter> <Opcode : >
ST_1 : Operation 12 [1/1] (0.00ns)   --->   "%tmp_data_V_1 = extractvalue { i32, i1 } %empty, 0" [correlator.cpp:215]
ST_1 : Operation 13 [1/1] (0.00ns)   --->   "%tmp_last_V = extractvalue { i32, i1 } %empty, 1" [correlator.cpp:215]
ST_1 : Operation 14 [1/1] (0.00ns)   --->   "%tmp_1 = trunc i32 %tmp_data_V_1 to i16" [correlator.cpp:217]
ST_1 : Operation 15 [1/1] (0.00ns)   --->   "store i16 %tmp_1, i16* @newVal_V, align 2" [correlator.cpp:217]
ST_1 : Operation 16 [1/1] (0.00ns)   --->   "%phaseClass0_V_14_loa = load i16* @phaseClass0_V_14, align 4" [correlator.cpp:222]
ST_1 : Operation 17 [1/1] (0.00ns)   --->   "%phaseClass0_V_13_loa = load i16* @phaseClass0_V_13, align 2" [correlator.cpp:222]
ST_1 : Operation 18 [1/1] (0.00ns)   --->   "store i16 %phaseClass0_V_13_loa, i16* @phaseClass0_V_14, align 4" [correlator.cpp:222]
ST_1 : Operation 19 [1/1] (0.00ns)   --->   "%phaseClass0_V_12_loa = load i16* @phaseClass0_V_12, align 8" [correlator.cpp:222]
ST_1 : Operation 20 [1/1] (0.00ns)   --->   "store i16 %phaseClass0_V_12_loa, i16* @phaseClass0_V_13, align 2" [correlator.cpp:222]
ST_1 : Operation 21 [1/1] (0.00ns)   --->   "%phaseClass0_V_11_loa = load i16* @phaseClass0_V_11, align 2" [correlator.cpp:222]
ST_1 : Operation 22 [1/1] (0.00ns)   --->   "store i16 %phaseClass0_V_11_loa, i16* @phaseClass0_V_12, align 8" [correlator.cpp:222]
ST_1 : Operation 23 [1/1] (0.00ns)   --->   "%phaseClass0_V_10_loa = load i16* @phaseClass0_V_10, align 4" [correlator.cpp:222]
ST_1 : Operation 24 [1/1] (0.00ns)   --->   "store i16 %phaseClass0_V_10_loa, i16* @phaseClass0_V_11, align 2" [correlator.cpp:222]
ST_1 : Operation 25 [1/1] (0.00ns)   --->   "%phaseClass0_V_9_load = load i16* @phaseClass0_V_9, align 2" [correlator.cpp:222]
ST_1 : Operation 26 [1/1] (0.00ns)   --->   "store i16 %phaseClass0_V_9_load, i16* @phaseClass0_V_10, align 4" [correlator.cpp:222]
ST_1 : Operation 27 [1/1] (0.00ns)   --->   "%phaseClass0_V_8_load = load i16* @phaseClass0_V_8, align 16" [correlator.cpp:222]
ST_1 : Operation 28 [1/1] (0.00ns)   --->   "store i16 %phaseClass0_V_8_load, i16* @phaseClass0_V_9, align 2" [correlator.cpp:222]
ST_1 : Operation 29 [1/1] (0.00ns)   --->   "%phaseClass0_V_7_load = load i16* @phaseClass0_V_7, align 2" [correlator.cpp:222]
ST_1 : Operation 30 [1/1] (0.00ns)   --->   "store i16 %phaseClass0_V_7_load, i16* @phaseClass0_V_8, align 16" [correlator.cpp:222]
ST_1 : Operation 31 [1/1] (0.00ns)   --->   "%phaseClass0_V_6_load = load i16* @phaseClass0_V_6, align 4" [correlator.cpp:222]
ST_1 : Operation 32 [1/1] (0.00ns)   --->   "store i16 %phaseClass0_V_6_load, i16* @phaseClass0_V_7, align 2" [correlator.cpp:222]
ST_1 : Operation 33 [1/1] (0.00ns)   --->   "%phaseClass0_V_5_load = load i16* @phaseClass0_V_5, align 2" [correlator.cpp:222]
ST_1 : Operation 34 [1/1] (0.00ns)   --->   "store i16 %phaseClass0_V_5_load, i16* @phaseClass0_V_6, align 4" [correlator.cpp:222]
ST_1 : Operation 35 [1/1] (0.00ns)   --->   "%phaseClass0_V_4_load = load i16* @phaseClass0_V_4, align 8" [correlator.cpp:222]
ST_1 : Operation 36 [1/1] (0.00ns)   --->   "store i16 %phaseClass0_V_4_load, i16* @phaseClass0_V_5, align 2" [correlator.cpp:222]
ST_1 : Operation 37 [1/1] (0.00ns)   --->   "%phaseClass0_V_3_load = load i16* @phaseClass0_V_3, align 2" [correlator.cpp:222]
ST_1 : Operation 38 [1/1] (0.00ns)   --->   "store i16 %phaseClass0_V_3_load, i16* @phaseClass0_V_4, align 8" [correlator.cpp:222]
ST_1 : Operation 39 [1/1] (0.00ns)   --->   "%phaseClass0_V_2_load = load i16* @phaseClass0_V_2, align 4" [correlator.cpp:222]
ST_1 : Operation 40 [1/1] (0.00ns)   --->   "store i16 %phaseClass0_V_2_load, i16* @phaseClass0_V_3, align 2" [correlator.cpp:222]
ST_1 : Operation 41 [1/1] (0.00ns)   --->   "%phaseClass0_V_1_load = load i16* @phaseClass0_V_1, align 2" [correlator.cpp:222]
ST_1 : Operation 42 [1/1] (0.00ns)   --->   "store i16 %phaseClass0_V_1_load, i16* @phaseClass0_V_2, align 4" [correlator.cpp:222]
ST_1 : Operation 43 [1/1] (0.00ns)   --->   "%phaseClass0_V_0_load = load i16* @phaseClass0_V_0, align 16" [correlator.cpp:222]
ST_1 : Operation 44 [1/1] (0.00ns)   --->   "store i16 %phaseClass0_V_0_load, i16* @phaseClass0_V_1, align 2" [correlator.cpp:222]
ST_1 : Operation 45 [1/1] (0.00ns)   --->   "store i16 %tmp_1, i16* @phaseClass0_V_0, align 16" [correlator.cpp:224]
ST_1 : Operation 46 [1/1] (1.48ns)   --->   "%tmp2 = add i16 %phaseClass0_V_14_loa, %phaseClass0_V_12_loa" [correlator.cpp:232]   --->   Core 14 'AddSub' <Latency = 0> <II = 1> <Delay = 1.48> <FuncUnit> <Opcode : 'add' 'sub'> <InPorts = 2> <OutPorts = 1>
ST_1 : Operation 47 [1/1] (0.00ns) (grouped into TernaryAdder)   --->   "%tmp3 = add i16 %phaseClass0_V_7_load, %phaseClass0_V_9_load" [correlator.cpp:232]   --->   Core 80 'TAddSub' <Latency = 0> <II = 1> <Delay = 1.27> <IPBlock> <Opcode : 'add' 'sub'> <InPorts = 3> <OutPorts = 1> <Sync> <CReg>
ST_1 : Operation 48 [1/1] (2.54ns) (root node of TernaryAdder)   --->   "%tmp1 = add i16 %tmp2, %tmp3" [correlator.cpp:232]   --->   Core 80 'TAddSub' <Latency = 0> <II = 1> <Delay = 1.27> <IPBlock> <Opcode : 'add' 'sub'> <InPorts = 3> <OutPorts = 1> <Sync> <CReg>
ST_1 : Operation 49 [1/1] (1.48ns)   --->   "%tmp5 = add i16 %phaseClass0_V_1_load, %phaseClass0_V_2_load" [correlator.cpp:232]   --->   Core 14 'AddSub' <Latency = 0> <II = 1> <Delay = 1.48> <FuncUnit> <Opcode : 'add' 'sub'> <InPorts = 2> <OutPorts = 1>
ST_1 : Operation 50 [1/1] (1.48ns)   --->   "%tmp6 = add i16 %tmp_1, %phaseClass0_V_0_load" [correlator.cpp:232]   --->   Core 14 'AddSub' <Latency = 0> <II = 1> <Delay = 1.48> <FuncUnit> <Opcode : 'add' 'sub'> <InPorts = 2> <OutPorts = 1>
ST_1 : Operation 51 [1/1] (0.00ns) (grouped into TernaryAdder)   --->   "%tmp4 = add i16 %tmp5, %tmp6" [correlator.cpp:232]   --->   Core 80 'TAddSub' <Latency = 0> <II = 1> <Delay = 1.27> <IPBlock> <Opcode : 'add' 'sub'> <InPorts = 3> <OutPorts = 1> <Sync> <CReg>
ST_1 : Operation 52 [1/1] (2.54ns) (root node of TernaryAdder)   --->   "%p_Val2_5_4 = add i16 %tmp1, %tmp4" [correlator.cpp:232]   --->   Core 80 'TAddSub' <Latency = 0> <II = 1> <Delay = 1.27> <IPBlock> <Opcode : 'add' 'sub'> <InPorts = 3> <OutPorts = 1> <Sync> <CReg>
ST_1 : Operation 53 [1/1] (0.00ns)   --->   "store i16 %p_Val2_5_4, i16* @corHelperI_V, align 2" [correlator.cpp:232]
ST_1 : Operation 54 [1/1] (0.00ns)   --->   "store i1 true, i1* @currentState, align 1" [correlator.cpp:242]

 <State 2> : 1.06ns
ST_2 : Operation 55 [1/1] (1.06ns)   --->   "store i32 0, i32* @loadCount_V, align 4" [correlator.cpp:209]
ST_2 : Operation 56 [1/1] (0.00ns)   --->   "%p_Val2_1 = load i32* @loadCount_V, align 4" [correlator.cpp:218]
ST_2 : Operation 57 [1/1] (0.00ns)   --->   "%tmp_2 = trunc i32 %p_Val2_1 to i31" [correlator.cpp:218]
ST_2 : Operation 58 [1/1] (0.00ns)   --->   "%p_Result_s = call i32 @llvm.part.set.i32.i31(i32 %p_Val2_1, i31 %tmp_2, i32 1, i32 31)" [correlator.cpp:218]
ST_2 : Operation 59 [1/1] (0.00ns)   --->   "%p_Result_1 = call i32 @llvm.part.set.i32.i2(i32 %p_Result_s, i2 1, i32 0, i32 1)" [correlator.cpp:219]
ST_2 : Operation 60 [1/1] (1.06ns)   --->   "store i32 %p_Result_1, i32* @loadCount_V, align 4" [correlator.cpp:219]
ST_2 : Operation 61 [2/2] (0.00ns)   --->   "call void @_ssdm_op_Write.axis.volatile.i32P.i1P(i32* %o_data_V_data_V, i1* %o_data_V_last_V, i32 %p_Result_1, i1 %tmp_last_V)" [correlator.cpp:238]   --->   Core 5 'AXI4Stream' <Latency = 0> <II = 1> <Delay = 1.00> <Adapter> <Opcode : >

 <State 3> : 0.00ns
ST_3 : Operation 62 [1/1] (0.00ns)   --->   "call void (...)* @_ssdm_op_SpecBitsMap(i32* %i_data_V_data_V), !map !83"
ST_3 : Operation 63 [1/1] (0.00ns)   --->   "call void (...)* @_ssdm_op_SpecBitsMap(i1* %i_data_V_last_V), !map !87"
ST_3 : Operation 64 [1/1] (0.00ns)   --->   "call void (...)* @_ssdm_op_SpecBitsMap(i32* %o_data_V_data_V), !map !91"
ST_3 : Operation 65 [1/1] (0.00ns)   --->   "call void (...)* @_ssdm_op_SpecBitsMap(i1* %o_data_V_last_V), !map !95"
ST_3 : Operation 66 [1/1] (0.00ns)   --->   "call void (...)* @_ssdm_op_SpecBitsMap(i1 %start_V), !map !99"
ST_3 : Operation 67 [1/1] (0.00ns)   --->   "call void (...)* @_ssdm_op_SpecBitsMap(i4 %phaseClass_V), !map !105"
ST_3 : Operation 68 [1/1] (0.00ns)   --->   "call void (...)* @_ssdm_op_SpecTopModule([11 x i8]* @correlator_str) nounwind"
ST_3 : Operation 69 [1/1] (0.00ns)   --->   "call void (...)* @_ssdm_op_SpecResource(i32* %o_data_V_data_V, i1* %o_data_V_last_V, [1 x i8]* @p_str, [1 x i8]* @p_str, [1 x i8]* @p_str, i32 1, [1 x i8]* @p_str, [1 x i8]* @p_str, [1 x i8]* @p_str, [1 x i8]* @p_str, [1 x i8]* @p_str)" [correlator.cpp:12]
ST_3 : Operation 70 [1/1] (0.00ns)   --->   "call void (...)* @_ssdm_op_SpecInterface(i32 0, [13 x i8]* @p_str1, i32 0, i32 0, [1 x i8]* @p_str, i32 0, i32 0, [1 x i8]* @p_str, [1 x i8]* @p_str, [1 x i8]* @p_str, i32 0, i32 0, i32 0, i32 0, [1 x i8]* @p_str, [1 x i8]* @p_str) nounwind" [correlator.cpp:14]
ST_3 : Operation 71 [1/1] (0.00ns)   --->   "call void (...)* @_ssdm_op_SpecInterface(i32* %o_data_V_data_V, i1* %o_data_V_last_V, [5 x i8]* @p_str2, i32 1, i32 1, [5 x i8]* @p_str3, i32 0, i32 0, [1 x i8]* @p_str, [1 x i8]* @p_str, [1 x i8]* @p_str, i32 0, i32 0, i32 0, i32 0, [1 x i8]* @p_str, [1 x i8]* @p_str) nounwind" [correlator.cpp:15]
ST_3 : Operation 72 [1/1] (0.00ns)   --->   "call void (...)* @_ssdm_op_SpecInterface(i32* %i_data_V_data_V, i1* %i_data_V_last_V, [5 x i8]* @p_str2, i32 1, i32 1, [5 x i8]* @p_str3, i32 0, i32 0, [1 x i8]* @p_str, [1 x i8]* @p_str, [1 x i8]* @p_str, i32 0, i32 0, i32 0, i32 0, [1 x i8]* @p_str, [1 x i8]* @p_str) nounwind" [correlator.cpp:16]
ST_3 : Operation 73 [1/1] (0.00ns)   --->   "call void (...)* @_ssdm_op_SpecPipeline(i32 1, i32 1, i32 1, i32 0, [1 x i8]* @p_str) nounwind" [correlator.cpp:18]
ST_3 : Operation 74 [1/1] (0.00ns)   --->   "call void (...)* @_ssdm_op_SpecReset(i16* @newVal_V, i32 1, [1 x i8]* @p_str) nounwind" [correlator.cpp:165]
ST_3 : Operation 75 [1/1] (0.00ns)   --->   "call void (...)* @_ssdm_op_SpecReset(i32 1, [1 x i8]* @p_str)" [correlator.cpp:172]
ST_3 : Operation 76 [1/1] (0.00ns)   --->   "call void (...)* @_ssdm_op_SpecReset(i32 1, [1 x i8]* @p_str) nounwind" [correlator.cpp:182]
ST_3 : Operation 77 [1/1] (0.00ns)   --->   "call void (...)* @_ssdm_op_SpecReset(i32* @loadCount_V, i32 1, [1 x i8]* @p_str) nounwind" [correlator.cpp:185]
ST_3 : Operation 78 [1/1] (0.00ns)   --->   "call void (...)* @_ssdm_op_SpecReset(i32 1, [1 x i8]* @p_str) nounwind" [correlator.cpp:190]
ST_3 : Operation 79 [1/1] (0.00ns)   --->   "call void (...)* @_ssdm_op_SpecReset(i16* @corHelperI_V, i32 1, [1 x i8]* @p_str) nounwind" [correlator.cpp:193]
ST_3 : Operation 80 [1/1] (0.00ns)   --->   "call void (...)* @_ssdm_op_SpecReset(i32 1, [1 x i8]* @p_str) nounwind" [correlator.cpp:196]
ST_3 : Operation 81 [1/1] (0.00ns)   --->   "call void (...)* @_ssdm_op_SpecReset(i1* @currentState, i32 1, [1 x i8]* @p_str) nounwind" [correlator.cpp:201]
ST_3 : Operation 82 [1/1] (0.00ns)   --->   "br label %._crit_edge866" [correlator.cpp:211]
ST_3 : Operation 83 [1/1] (0.00ns)   --->   "br label %._crit_edge865" [correlator.cpp:212]
ST_3 : Operation 84 [1/2] (0.00ns)   --->   "call void @_ssdm_op_Write.axis.volatile.i32P.i1P(i32* %o_data_V_data_V, i1* %o_data_V_last_V, i32 %p_Result_1, i1 %tmp_last_V)" [correlator.cpp:238]   --->   Core 5 'AXI4Stream' <Latency = 0> <II = 1> <Delay = 1.00> <Adapter> <Opcode : >
ST_3 : Operation 85 [1/1] (0.00ns)   --->   "br label %._crit_edge867" [correlator.cpp:244]
ST_3 : Operation 86 [1/1] (0.00ns)   --->   "br label %._crit_edge865" [correlator.cpp:245]
ST_3 : Operation 87 [1/1] (0.00ns)   --->   "ret void" [correlator.cpp:591]


============================================================
+ Verbose Summary: Timing violations
============================================================
Target clock period: 10ns, clock uncertainty: 1.25ns.

 <State 1>: 6.58ns
The critical path consists of the following:
	'load' operation ('phaseClass0_V_14_loa', correlator.cpp:222) on static variable 'phaseClass0_V_14' [71]  (0 ns)
	'add' operation ('tmp2', correlator.cpp:232) [101]  (1.49 ns)
	'add' operation ('tmp1', correlator.cpp:232) [103]  (2.54 ns)
	'add' operation ('p_Val2_5_4', correlator.cpp:232) [107]  (2.54 ns)

 <State 2>: 1.06ns
The critical path consists of the following:
	'store' operation (correlator.cpp:209) of constant 0 on static variable 'loadCount_V' [52]  (1.06 ns)

 <State 3>: 0ns
The critical path consists of the following:


============================================================
+ Verbose Summary: Binding
============================================================
N/A
* FSMD analyzer results:
  - Output states:
 - Input state : 
  - Chain level:
	State 1
	State 2
	State 3


============================================================
+ Verbose Summary: Datapath Resource usage 
============================================================
N/A
