

================================================================
== Vivado HLS Report for 'correlator'
================================================================
* Date:           Tue Mar  5 23:50:05 2019

* Version:        2017.2 (Build 1909853 on Thu Jun 15 18:55:24 MDT 2017)
* Project:        correlator
* Solution:       solution1
* Product family: kintex7
* Target device:  xc7k160tfbg484-1


================================================================
== Performance Estimates
================================================================
+ Timing (ns): 
    * Summary: 
    +--------+-------+----------+------------+
    |  Clock | Target| Estimated| Uncertainty|
    +--------+-------+----------+------------+
    |ap_clk  |  10.00|      4.22|        1.25|
    +--------+-------+----------+------------+

+ Latency (clock cycles): 
    * Summary: 
    +-----+-----+-----+-----+----------+
    |  Latency  |  Interval | Pipeline |
    | min | max | min | max |   Type   |
    +-----+-----+-----+-----+----------+
    |    2|    2|    1|    1| function |
    +-----+-----+-----+-----+----------+

    + Detail: 
        * Instance: 
        N/A

        * Loop: 
        N/A

============================================================
+ Verbose Summary: Synthesis Manager
============================================================
InlineROM: 1
ExposeGlobal: 0
============================================================
+ Verbose Summary: CDFG Model
============================================================
IsTopModel: 1
ResetActiveHigh: 1
IsCombinational: 0
IsDatapathOnly: 0
HasWiredReturn: 1
HasMFsm: 2
HasVarLatency: 0
IsPipeline: 1
IsRtlPipelined: 1
IsInstanceOverlapped: 0
IsDontTouch: 0
HasImplIP: 0
IsGatedGlobalClock: 0

+ Individual pipeline summary: 
  * Pipeline-0: initiation interval (II) = 1, depth = 3


============================================================
+ Verbose Summary: Schedule
============================================================
* Number of FSM states: 3
* Pipeline: 1
  Pipeline-0: II = 1, D = 3, States = { 1 2 3 }
* Dataflow Pipeline: 0

* FSM state transitions: 
1 --> 
	2  / true
2 --> 
	3  / true
3 --> 
* FSM state operations: 

 <State 1>: 4.22ns
ST_1: start_V_read (43)  [1/1] 0.00ns
.preheader594.preheader:7  %start_V_read = call i1 @_ssdm_op_Read.ap_auto.i1(i1 %start_V)

ST_1: currentState_load (56)  [1/1] 0.00ns  loc: correlator.cpp:205
.preheader594.preheader:20  %currentState_load = load i2* @currentState, align 1

ST_1: phaseClass0_V_13_loa (57)  [1/1] 0.00ns  loc: correlator.cpp:220
.preheader594.preheader:21  %phaseClass0_V_13_loa = load i16* @phaseClass0_V_13, align 2

ST_1: phaseClass0_V_10_loa (58)  [1/1] 0.00ns  loc: correlator.cpp:220
.preheader594.preheader:22  %phaseClass0_V_10_loa = load i16* @phaseClass0_V_10, align 2

ST_1: phaseClass0_V_8_load (59)  [1/1] 0.00ns  loc: correlator.cpp:220
.preheader594.preheader:23  %phaseClass0_V_8_load = load i16* @phaseClass0_V_8, align 2

ST_1: phaseClass0_V_3_load (60)  [1/1] 0.00ns  loc: correlator.cpp:220
.preheader594.preheader:24  %phaseClass0_V_3_load = load i16* @phaseClass0_V_3, align 2

ST_1: phaseClass0_V_2_load (61)  [1/1] 0.00ns  loc: correlator.cpp:220
.preheader594.preheader:25  %phaseClass0_V_2_load = load i16* @phaseClass0_V_2, align 2

ST_1: phaseClass0_V_1_load (62)  [1/1] 0.00ns  loc: correlator.cpp:220
.preheader594.preheader:26  %phaseClass0_V_1_load = load i16* @phaseClass0_V_1, align 2

ST_1: phaseClass0_V_0_load (63)  [1/1] 0.00ns  loc: correlator.cpp:220
.preheader594.preheader:27  %phaseClass0_V_0_load = load i16* @phaseClass0_V_0, align 2

ST_1: StgValue_13 (64)  [1/1] 1.97ns  loc: correlator.cpp:205
.preheader594.preheader:28  switch i2 %currentState_load, label %.loopexit [
    i2 0, label %0
    i2 1, label %2
    i2 -2, label %._crit_edge846.0
    i2 -1, label %4
  ]

ST_1: phaseClass0_V_15_loa (71)  [1/1] 0.00ns  loc: correlator.cpp:238
._crit_edge846.0:0  %phaseClass0_V_15_loa = load i16* @phaseClass0_V_15, align 2

ST_1: Phase0_V_8_load (72)  [1/1] 0.00ns  loc: correlator.cpp:241
._crit_edge846.0:1  %Phase0_V_8_load = load i16* @Phase0_V_8, align 16

ST_1: StgValue_16 (73)  [1/1] 0.00ns  loc: correlator.cpp:241
._crit_edge846.0:2  store i16 %Phase0_V_8_load, i16* @Phase0_V_9, align 2

ST_1: Phase0_V_7_load (74)  [1/1] 0.00ns  loc: correlator.cpp:241
._crit_edge846.0:3  %Phase0_V_7_load = load i16* @Phase0_V_7, align 2

ST_1: StgValue_18 (75)  [1/1] 0.00ns  loc: correlator.cpp:241
._crit_edge846.0:4  store i16 %Phase0_V_7_load, i16* @Phase0_V_8, align 16

ST_1: Phase0_V_6_load (76)  [1/1] 0.00ns  loc: correlator.cpp:241
._crit_edge846.0:5  %Phase0_V_6_load = load i16* @Phase0_V_6, align 4

ST_1: StgValue_20 (77)  [1/1] 0.00ns  loc: correlator.cpp:241
._crit_edge846.0:6  store i16 %Phase0_V_6_load, i16* @Phase0_V_7, align 2

ST_1: Phase0_V_5_load (78)  [1/1] 0.00ns  loc: correlator.cpp:241
._crit_edge846.0:7  %Phase0_V_5_load = load i16* @Phase0_V_5, align 2

ST_1: StgValue_22 (79)  [1/1] 0.00ns  loc: correlator.cpp:241
._crit_edge846.0:8  store i16 %Phase0_V_5_load, i16* @Phase0_V_6, align 4

ST_1: Phase0_V_4_load (80)  [1/1] 0.00ns  loc: correlator.cpp:241
._crit_edge846.0:9  %Phase0_V_4_load = load i16* @Phase0_V_4, align 8

ST_1: StgValue_24 (81)  [1/1] 0.00ns  loc: correlator.cpp:241
._crit_edge846.0:10  store i16 %Phase0_V_4_load, i16* @Phase0_V_5, align 2

ST_1: Phase0_V_3_load (82)  [1/1] 0.00ns  loc: correlator.cpp:241
._crit_edge846.0:11  %Phase0_V_3_load = load i16* @Phase0_V_3, align 2

ST_1: StgValue_26 (83)  [1/1] 0.00ns  loc: correlator.cpp:241
._crit_edge846.0:12  store i16 %Phase0_V_3_load, i16* @Phase0_V_4, align 8

ST_1: Phase0_V_2_load (84)  [1/1] 0.00ns  loc: correlator.cpp:241
._crit_edge846.0:13  %Phase0_V_2_load = load i16* @Phase0_V_2, align 4

ST_1: StgValue_28 (85)  [1/1] 0.00ns  loc: correlator.cpp:241
._crit_edge846.0:14  store i16 %Phase0_V_2_load, i16* @Phase0_V_3, align 2

ST_1: Phase0_V_1_load (86)  [1/1] 0.00ns  loc: correlator.cpp:241
._crit_edge846.0:15  %Phase0_V_1_load = load i16* @Phase0_V_1, align 2

ST_1: StgValue_30 (87)  [1/1] 0.00ns  loc: correlator.cpp:241
._crit_edge846.0:16  store i16 %Phase0_V_1_load, i16* @Phase0_V_2, align 4

ST_1: Phase0_V_0_load (88)  [1/1] 0.00ns  loc: correlator.cpp:241
._crit_edge846.0:17  %Phase0_V_0_load = load i16* @Phase0_V_0, align 16

ST_1: StgValue_32 (89)  [1/1] 0.00ns  loc: correlator.cpp:241
._crit_edge846.0:18  store i16 %Phase0_V_0_load, i16* @Phase0_V_1, align 2

ST_1: tmp7 (90)  [1/1] 1.68ns  loc: correlator.cpp:238
._crit_edge846.0:19  %tmp7 = add i16 %phaseClass0_V_2_load, %phaseClass0_V_1_load

ST_1: tmp8 (91)  [1/1] 1.68ns  loc: correlator.cpp:238
._crit_edge846.0:20  %tmp8 = add i16 %phaseClass0_V_3_load, %phaseClass0_V_8_load

ST_1: tmp6 (92)  [1/1] 1.27ns  loc: correlator.cpp:238
._crit_edge846.0:21  %tmp6 = add i16 %tmp8, %tmp7

ST_1: tmp1 (93)  [1/1] 1.27ns  loc: correlator.cpp:238
._crit_edge846.0:22  %tmp1 = add i16 %phaseClass0_V_13_loa, %phaseClass0_V_10_loa

ST_1: tmp2 (94)  [1/1] 1.68ns  loc: correlator.cpp:238
._crit_edge846.0:23  %tmp2 = add i16 %phaseClass0_V_15_loa, %phaseClass0_V_0_load

ST_1: tmp9 (95)  [1/1] 1.27ns  loc: correlator.cpp:238
._crit_edge846.0:24  %tmp9 = add i16 %tmp2, %tmp1

ST_1: p_Val2_3_4 (96)  [1/1] 1.27ns  loc: correlator.cpp:238
._crit_edge846.0:25  %p_Val2_3_4 = add i16 %tmp9, %tmp6

ST_1: StgValue_40 (97)  [1/1] 0.00ns  loc: correlator.cpp:238
._crit_edge846.0:26  store i16 %p_Val2_3_4, i16* @corHelperI_V, align 2

ST_1: StgValue_41 (98)  [1/1] 0.00ns  loc: correlator.cpp:243
._crit_edge846.0:27  store i16 %p_Val2_3_4, i16* @Phase0_V_0, align 16

ST_1: StgValue_42 (99)  [1/1] 1.14ns  loc: correlator.cpp:245
._crit_edge846.0:28  store i2 -1, i2* @currentState, align 1

ST_1: tmp (102)  [1/1] 0.00ns  loc: correlator.cpp:212
:0  %tmp = call i1 @_ssdm_op_NbReadReq.axis.i32P.i1P(i32* %i_data_V_data_V, i1* %i_data_V_last_V, i32 1)

ST_1: StgValue_44 (103)  [1/1] 1.03ns  loc: correlator.cpp:212
:1  br i1 %tmp, label %3, label %._crit_edge845

ST_1: empty (105)  [1/1] 0.00ns  loc: correlator.cpp:213
:0  %empty = call { i32, i1 } @_ssdm_op_Read.axis.volatile.i32P.i1P(i32* %i_data_V_data_V, i1* %i_data_V_last_V)

ST_1: tmp_data_V_2 (106)  [1/1] 0.00ns  loc: correlator.cpp:213
:1  %tmp_data_V_2 = extractvalue { i32, i1 } %empty, 0

ST_1: tmp_1 (107)  [1/1] 0.00ns  loc: correlator.cpp:216
:2  %tmp_1 = trunc i32 %tmp_data_V_2 to i16

ST_1: StgValue_48 (108)  [1/1] 0.00ns  loc: correlator.cpp:216
:3  store i16 %tmp_1, i16* @newVal_V, align 2

ST_1: phaseClass0_V_14_loa (109)  [1/1] 0.00ns  loc: correlator.cpp:220
:4  %phaseClass0_V_14_loa = load i16* @phaseClass0_V_14, align 4

ST_1: StgValue_50 (110)  [1/1] 0.00ns  loc: correlator.cpp:220
:5  store i16 %phaseClass0_V_14_loa, i16* @phaseClass0_V_15, align 2

ST_1: StgValue_51 (111)  [1/1] 0.00ns  loc: correlator.cpp:220
:6  store i16 %phaseClass0_V_13_loa, i16* @phaseClass0_V_14, align 4

ST_1: phaseClass0_V_12_loa (112)  [1/1] 0.00ns  loc: correlator.cpp:220
:7  %phaseClass0_V_12_loa = load i16* @phaseClass0_V_12, align 8

ST_1: StgValue_53 (113)  [1/1] 0.00ns  loc: correlator.cpp:220
:8  store i16 %phaseClass0_V_12_loa, i16* @phaseClass0_V_13, align 2

ST_1: phaseClass0_V_11_loa (114)  [1/1] 0.00ns  loc: correlator.cpp:220
:9  %phaseClass0_V_11_loa = load i16* @phaseClass0_V_11, align 2

ST_1: StgValue_55 (115)  [1/1] 0.00ns  loc: correlator.cpp:220
:10  store i16 %phaseClass0_V_11_loa, i16* @phaseClass0_V_12, align 8

ST_1: StgValue_56 (116)  [1/1] 0.00ns  loc: correlator.cpp:220
:11  store i16 %phaseClass0_V_10_loa, i16* @phaseClass0_V_11, align 2

ST_1: phaseClass0_V_9_load (117)  [1/1] 0.00ns  loc: correlator.cpp:220
:12  %phaseClass0_V_9_load = load i16* @phaseClass0_V_9, align 2

ST_1: StgValue_58 (118)  [1/1] 0.00ns  loc: correlator.cpp:220
:13  store i16 %phaseClass0_V_9_load, i16* @phaseClass0_V_10, align 4

ST_1: StgValue_59 (119)  [1/1] 0.00ns  loc: correlator.cpp:220
:14  store i16 %phaseClass0_V_8_load, i16* @phaseClass0_V_9, align 2

ST_1: phaseClass0_V_7_load (120)  [1/1] 0.00ns  loc: correlator.cpp:220
:15  %phaseClass0_V_7_load = load i16* @phaseClass0_V_7, align 2

ST_1: StgValue_61 (121)  [1/1] 0.00ns  loc: correlator.cpp:220
:16  store i16 %phaseClass0_V_7_load, i16* @phaseClass0_V_8, align 16

ST_1: phaseClass0_V_6_load (122)  [1/1] 0.00ns  loc: correlator.cpp:220
:17  %phaseClass0_V_6_load = load i16* @phaseClass0_V_6, align 4

ST_1: StgValue_63 (123)  [1/1] 0.00ns  loc: correlator.cpp:220
:18  store i16 %phaseClass0_V_6_load, i16* @phaseClass0_V_7, align 2

ST_1: phaseClass0_V_5_load (124)  [1/1] 0.00ns  loc: correlator.cpp:220
:19  %phaseClass0_V_5_load = load i16* @phaseClass0_V_5, align 2

ST_1: StgValue_65 (125)  [1/1] 0.00ns  loc: correlator.cpp:220
:20  store i16 %phaseClass0_V_5_load, i16* @phaseClass0_V_6, align 4

ST_1: phaseClass0_V_4_load (126)  [1/1] 0.00ns  loc: correlator.cpp:220
:21  %phaseClass0_V_4_load = load i16* @phaseClass0_V_4, align 8

ST_1: StgValue_67 (127)  [1/1] 0.00ns  loc: correlator.cpp:220
:22  store i16 %phaseClass0_V_4_load, i16* @phaseClass0_V_5, align 2

ST_1: StgValue_68 (128)  [1/1] 0.00ns  loc: correlator.cpp:220
:23  store i16 %phaseClass0_V_3_load, i16* @phaseClass0_V_4, align 8

ST_1: StgValue_69 (129)  [1/1] 0.00ns  loc: correlator.cpp:220
:24  store i16 %phaseClass0_V_2_load, i16* @phaseClass0_V_3, align 2

ST_1: StgValue_70 (130)  [1/1] 0.00ns  loc: correlator.cpp:220
:25  store i16 %phaseClass0_V_1_load, i16* @phaseClass0_V_2, align 4

ST_1: StgValue_71 (131)  [1/1] 0.00ns  loc: correlator.cpp:220
:26  store i16 %phaseClass0_V_0_load, i16* @phaseClass0_V_1, align 2

ST_1: StgValue_72 (132)  [1/1] 0.00ns  loc: correlator.cpp:223
:27  store i16 %tmp_1, i16* @phaseClass0_V_0, align 16

ST_1: StgValue_73 (133)  [1/1] 1.03ns  loc: correlator.cpp:227
:28  br label %._crit_edge845

ST_1: storemerge (135)  [1/1] 0.00ns
._crit_edge845:0  %storemerge = phi i2 [ -2, %3 ], [ 1, %2 ]

ST_1: StgValue_75 (136)  [1/1] 1.14ns  loc: correlator.cpp:228
._crit_edge845:1  store i2 %storemerge, i2* @currentState, align 1

ST_1: StgValue_76 (139)  [1/1] 0.00ns  loc: correlator.cpp:207
:0  br i1 %start_V_read, label %1, label %._crit_edge844

ST_1: StgValue_77 (141)  [1/1] 1.14ns  loc: correlator.cpp:208
:0  store i2 1, i2* @currentState, align 1


 <State 2>: 0.00ns
ST_2: corHelperI_V_load (66)  [1/1] 0.00ns  loc: correlator.cpp:251
:0  %corHelperI_V_load = load i16* @corHelperI_V, align 2

ST_2: p_Result_s (67)  [1/1] 0.00ns  loc: correlator.cpp:251
:1  %p_Result_s = call i32 @llvm.part.set.i32.i16(i32 undef, i16 %corHelperI_V_load, i32 0, i32 15)

ST_2: StgValue_80 (68)  [2/2] 0.00ns  loc: correlator.cpp:253
:2  call void @_ssdm_op_Write.axis.volatile.i32P.i1P(i32* %o_data_V_data_V, i1* %o_data_V_last_V, i32 %p_Result_s, i1 false)


 <State 3>: 0.00ns
ST_3: StgValue_81 (36)  [1/1] 0.00ns
.preheader594.preheader:0  call void (...)* @_ssdm_op_SpecBitsMap(i32* %i_data_V_data_V), !map !77

ST_3: StgValue_82 (37)  [1/1] 0.00ns
.preheader594.preheader:1  call void (...)* @_ssdm_op_SpecBitsMap(i1* %i_data_V_last_V), !map !81

ST_3: StgValue_83 (38)  [1/1] 0.00ns
.preheader594.preheader:2  call void (...)* @_ssdm_op_SpecBitsMap(i32* %o_data_V_data_V), !map !85

ST_3: StgValue_84 (39)  [1/1] 0.00ns
.preheader594.preheader:3  call void (...)* @_ssdm_op_SpecBitsMap(i1* %o_data_V_last_V), !map !89

ST_3: StgValue_85 (40)  [1/1] 0.00ns
.preheader594.preheader:4  call void (...)* @_ssdm_op_SpecBitsMap(i1 %start_V), !map !93

ST_3: StgValue_86 (41)  [1/1] 0.00ns
.preheader594.preheader:5  call void (...)* @_ssdm_op_SpecBitsMap(i4 %phaseClass_V), !map !99

ST_3: StgValue_87 (42)  [1/1] 0.00ns
.preheader594.preheader:6  call void (...)* @_ssdm_op_SpecTopModule([11 x i8]* @correlator_str) nounwind

ST_3: StgValue_88 (44)  [1/1] 0.00ns  loc: correlator.cpp:12
.preheader594.preheader:8  call void (...)* @_ssdm_op_SpecResource(i32* %o_data_V_data_V, i1* %o_data_V_last_V, [1 x i8]* @p_str, [1 x i8]* @p_str, [1 x i8]* @p_str, i32 1, [1 x i8]* @p_str, [1 x i8]* @p_str, [1 x i8]* @p_str, [1 x i8]* @p_str, [1 x i8]* @p_str)

ST_3: StgValue_89 (45)  [1/1] 0.00ns  loc: correlator.cpp:14
.preheader594.preheader:9  call void (...)* @_ssdm_op_SpecInterface(i32 0, [13 x i8]* @p_str1, i32 0, i32 0, [1 x i8]* @p_str, i32 0, i32 0, [1 x i8]* @p_str, [1 x i8]* @p_str, [1 x i8]* @p_str, i32 0, i32 0, i32 0, i32 0, [1 x i8]* @p_str, [1 x i8]* @p_str) nounwind

ST_3: StgValue_90 (46)  [1/1] 0.00ns  loc: correlator.cpp:15
.preheader594.preheader:10  call void (...)* @_ssdm_op_SpecInterface(i32* %o_data_V_data_V, i1* %o_data_V_last_V, [5 x i8]* @p_str2, i32 1, i32 1, [5 x i8]* @p_str3, i32 0, i32 0, [1 x i8]* @p_str, [1 x i8]* @p_str, [1 x i8]* @p_str, i32 0, i32 0, i32 0, i32 0, [1 x i8]* @p_str, [1 x i8]* @p_str) nounwind

ST_3: StgValue_91 (47)  [1/1] 0.00ns  loc: correlator.cpp:16
.preheader594.preheader:11  call void (...)* @_ssdm_op_SpecInterface(i32* %i_data_V_data_V, i1* %i_data_V_last_V, [5 x i8]* @p_str2, i32 1, i32 1, [5 x i8]* @p_str3, i32 0, i32 0, [1 x i8]* @p_str, [1 x i8]* @p_str, [1 x i8]* @p_str, i32 0, i32 0, i32 0, i32 0, [1 x i8]* @p_str, [1 x i8]* @p_str) nounwind

ST_3: StgValue_92 (48)  [1/1] 0.00ns  loc: correlator.cpp:18
.preheader594.preheader:12  call void (...)* @_ssdm_op_SpecPipeline(i32 1, i32 1, i32 1, i32 0, [1 x i8]* @p_str) nounwind

ST_3: StgValue_93 (49)  [1/1] 0.00ns  loc: correlator.cpp:165
.preheader594.preheader:13  call void (...)* @_ssdm_op_SpecReset(i16* @newVal_V, i32 1, [1 x i8]* @p_str) nounwind

ST_3: StgValue_94 (50)  [1/1] 0.00ns  loc: correlator.cpp:172
.preheader594.preheader:14  call void (...)* @_ssdm_op_SpecReset(i32 1, [1 x i8]* @p_str)

ST_3: StgValue_95 (51)  [1/1] 0.00ns  loc: correlator.cpp:182
.preheader594.preheader:15  call void (...)* @_ssdm_op_SpecReset(i32 1, [1 x i8]* @p_str) nounwind

ST_3: StgValue_96 (52)  [1/1] 0.00ns  loc: correlator.cpp:185
.preheader594.preheader:16  call void (...)* @_ssdm_op_SpecReset(i32 1, [1 x i8]* @p_str) nounwind

ST_3: StgValue_97 (53)  [1/1] 0.00ns  loc: correlator.cpp:190
.preheader594.preheader:17  call void (...)* @_ssdm_op_SpecReset(i32 1, [1 x i8]* @p_str) nounwind

ST_3: StgValue_98 (54)  [1/1] 0.00ns  loc: correlator.cpp:193
.preheader594.preheader:18  call void (...)* @_ssdm_op_SpecReset(i16* @corHelperI_V, i32 1, [1 x i8]* @p_str) nounwind

ST_3: StgValue_99 (55)  [1/1] 0.00ns  loc: correlator.cpp:196
.preheader594.preheader:19  call void (...)* @_ssdm_op_SpecReset(i32 1, [1 x i8]* @p_str) nounwind

ST_3: StgValue_100 (68)  [1/2] 0.00ns  loc: correlator.cpp:253
:2  call void @_ssdm_op_Write.axis.volatile.i32P.i1P(i32* %o_data_V_data_V, i1* %o_data_V_last_V, i32 %p_Result_s, i1 false)

ST_3: StgValue_101 (69)  [1/1] 0.00ns  loc: correlator.cpp:254
:3  br label %.loopexit

ST_3: StgValue_102 (100)  [1/1] 0.00ns
._crit_edge846.0:29  br label %.loopexit

ST_3: StgValue_103 (137)  [1/1] 0.00ns  loc: correlator.cpp:230
._crit_edge845:2  br label %.loopexit

ST_3: StgValue_104 (142)  [1/1] 0.00ns  loc: correlator.cpp:209
:1  br label %._crit_edge844

ST_3: StgValue_105 (144)  [1/1] 0.00ns  loc: correlator.cpp:210
._crit_edge844:0  br label %.loopexit

ST_3: StgValue_106 (146)  [1/1] 0.00ns  loc: correlator.cpp:578
.loopexit:0  ret void



============================================================
+ Verbose Summary: Binding
============================================================
STG Binding: 
---------------- STG Properties BEGIN ----------------
- Is combinational: 0
- Is one-state seq: 0
- Is datapath-only: 0
- Is pipelined: 1
- Is top level: 1
Port [ Return ] is wired: 1; IO mode=ap_ctrl_none:ce=0
Port [ i_data_V_data_V]:  wired=1; compound=1; hidden=0; nouse=0; global=0; static=0; extern=0; dir=0; type=0; pingpong=0; private_global=0; IO mode=axis:ce=0
Port [ i_data_V_last_V]:  wired=1; compound=1; hidden=0; nouse=0; global=0; static=0; extern=0; dir=0; type=0; pingpong=0; private_global=0; IO mode=axis:ce=0
Port [ o_data_V_data_V]:  wired=1; compound=1; hidden=0; nouse=0; global=0; static=0; extern=0; dir=1; type=0; pingpong=0; private_global=0; IO mode=axis:ce=0
Port [ o_data_V_last_V]:  wired=1; compound=1; hidden=0; nouse=0; global=0; static=0; extern=0; dir=1; type=0; pingpong=0; private_global=0; IO mode=axis:ce=0
Port [ start_V]:  wired=1; compound=0; hidden=0; nouse=0; global=0; static=0; extern=0; dir=0; type=0; pingpong=0; private_global=0; IO mode=ap_none:ce=0
Port [ phaseClass_V]:  wired=1; compound=0; hidden=0; nouse=1; global=0; static=0; extern=0; dir=0; type=0; pingpong=0; private_global=0; IO mode=ap_none:ce=0
Port [ currentState]:  wired=0; compound=0; hidden=1; nouse=0; global=1; static=1; extern=0; dir=2; type=0; pingpong=0; private_global=1; linkage=7; visibility=0; IO mode=ap_ovld:ce=0
Port [ phaseClass0_V_13]:  wired=0; compound=0; hidden=1; nouse=0; global=1; static=1; extern=0; dir=2; type=0; pingpong=0; private_global=1; linkage=7; visibility=0; IO mode=ap_ovld:ce=0
Port [ phaseClass0_V_10]:  wired=0; compound=0; hidden=1; nouse=0; global=1; static=1; extern=0; dir=2; type=0; pingpong=0; private_global=1; linkage=7; visibility=0; IO mode=ap_ovld:ce=0
Port [ phaseClass0_V_8]:  wired=0; compound=0; hidden=1; nouse=0; global=1; static=1; extern=0; dir=2; type=0; pingpong=0; private_global=1; linkage=7; visibility=0; IO mode=ap_ovld:ce=0
Port [ phaseClass0_V_3]:  wired=0; compound=0; hidden=1; nouse=0; global=1; static=1; extern=0; dir=2; type=0; pingpong=0; private_global=1; linkage=7; visibility=0; IO mode=ap_ovld:ce=0
Port [ phaseClass0_V_2]:  wired=0; compound=0; hidden=1; nouse=0; global=1; static=1; extern=0; dir=2; type=0; pingpong=0; private_global=1; linkage=7; visibility=0; IO mode=ap_ovld:ce=0
Port [ phaseClass0_V_1]:  wired=0; compound=0; hidden=1; nouse=0; global=1; static=1; extern=0; dir=2; type=0; pingpong=0; private_global=1; linkage=7; visibility=0; IO mode=ap_ovld:ce=0
Port [ phaseClass0_V_0]:  wired=0; compound=0; hidden=1; nouse=0; global=1; static=1; extern=0; dir=2; type=0; pingpong=0; private_global=1; linkage=7; visibility=0; IO mode=ap_ovld:ce=0
Port [ newVal_V]:  wired=0; compound=0; hidden=1; nouse=0; global=1; static=1; extern=0; dir=1; type=0; pingpong=0; private_global=1; linkage=7; visibility=0; IO mode=ap_vld:ce=0
Port [ phaseClass0_V_14]:  wired=0; compound=0; hidden=1; nouse=0; global=1; static=1; extern=0; dir=2; type=0; pingpong=0; private_global=1; linkage=7; visibility=0; IO mode=ap_ovld:ce=0
Port [ phaseClass0_V_15]:  wired=0; compound=0; hidden=1; nouse=0; global=1; static=1; extern=0; dir=2; type=0; pingpong=0; private_global=1; linkage=7; visibility=0; IO mode=ap_ovld:ce=0
Port [ phaseClass0_V_12]:  wired=0; compound=0; hidden=1; nouse=0; global=1; static=1; extern=0; dir=2; type=0; pingpong=0; private_global=1; linkage=7; visibility=0; IO mode=ap_ovld:ce=0
Port [ phaseClass0_V_11]:  wired=0; compound=0; hidden=1; nouse=0; global=1; static=1; extern=0; dir=2; type=0; pingpong=0; private_global=1; linkage=7; visibility=0; IO mode=ap_ovld:ce=0
Port [ phaseClass0_V_9]:  wired=0; compound=0; hidden=1; nouse=0; global=1; static=1; extern=0; dir=2; type=0; pingpong=0; private_global=1; linkage=7; visibility=0; IO mode=ap_ovld:ce=0
Port [ phaseClass0_V_7]:  wired=0; compound=0; hidden=1; nouse=0; global=1; static=1; extern=0; dir=2; type=0; pingpong=0; private_global=1; linkage=7; visibility=0; IO mode=ap_ovld:ce=0
Port [ phaseClass0_V_6]:  wired=0; compound=0; hidden=1; nouse=0; global=1; static=1; extern=0; dir=2; type=0; pingpong=0; private_global=1; linkage=7; visibility=0; IO mode=ap_ovld:ce=0
Port [ phaseClass0_V_5]:  wired=0; compound=0; hidden=1; nouse=0; global=1; static=1; extern=0; dir=2; type=0; pingpong=0; private_global=1; linkage=7; visibility=0; IO mode=ap_ovld:ce=0
Port [ phaseClass0_V_4]:  wired=0; compound=0; hidden=1; nouse=0; global=1; static=1; extern=0; dir=2; type=0; pingpong=0; private_global=1; linkage=7; visibility=0; IO mode=ap_ovld:ce=0
Port [ Phase0_V_8]:  wired=0; compound=0; hidden=1; nouse=0; global=1; static=1; extern=0; dir=2; type=0; pingpong=0; private_global=1; linkage=7; visibility=0; IO mode=ap_ovld:ce=0
Port [ Phase0_V_9]:  wired=0; compound=0; hidden=1; nouse=0; global=1; static=1; extern=0; dir=1; type=0; pingpong=0; private_global=1; linkage=7; visibility=0; IO mode=ap_vld:ce=0
Port [ Phase0_V_7]:  wired=0; compound=0; hidden=1; nouse=0; global=1; static=1; extern=0; dir=2; type=0; pingpong=0; private_global=1; linkage=7; visibility=0; IO mode=ap_ovld:ce=0
Port [ Phase0_V_6]:  wired=0; compound=0; hidden=1; nouse=0; global=1; static=1; extern=0; dir=2; type=0; pingpong=0; private_global=1; linkage=7; visibility=0; IO mode=ap_ovld:ce=0
Port [ Phase0_V_5]:  wired=0; compound=0; hidden=1; nouse=0; global=1; static=1; extern=0; dir=2; type=0; pingpong=0; private_global=1; linkage=7; visibility=0; IO mode=ap_ovld:ce=0
Port [ Phase0_V_4]:  wired=0; compound=0; hidden=1; nouse=0; global=1; static=1; extern=0; dir=2; type=0; pingpong=0; private_global=1; linkage=7; visibility=0; IO mode=ap_ovld:ce=0
Port [ Phase0_V_3]:  wired=0; compound=0; hidden=1; nouse=0; global=1; static=1; extern=0; dir=2; type=0; pingpong=0; private_global=1; linkage=7; visibility=0; IO mode=ap_ovld:ce=0
Port [ Phase0_V_2]:  wired=0; compound=0; hidden=1; nouse=0; global=1; static=1; extern=0; dir=2; type=0; pingpong=0; private_global=1; linkage=7; visibility=0; IO mode=ap_ovld:ce=0
Port [ Phase0_V_1]:  wired=0; compound=0; hidden=1; nouse=0; global=1; static=1; extern=0; dir=2; type=0; pingpong=0; private_global=1; linkage=7; visibility=0; IO mode=ap_ovld:ce=0
Port [ Phase0_V_0]:  wired=0; compound=0; hidden=1; nouse=0; global=1; static=1; extern=0; dir=2; type=0; pingpong=0; private_global=1; linkage=7; visibility=0; IO mode=ap_ovld:ce=0
Port [ corHelperI_V]:  wired=0; compound=0; hidden=1; nouse=0; global=1; static=1; extern=0; dir=2; type=0; pingpong=0; private_global=1; linkage=7; visibility=0; IO mode=ap_ovld:ce=0
---------------- STG Properties END ------------------

---------------- Datapath Model BEGIN ----------------

<LifeTime>
<method=bitvector/>
start_V_read         (read         ) [ 0111]
currentState_load    (load         ) [ 0111]
phaseClass0_V_13_loa (load         ) [ 0000]
phaseClass0_V_10_loa (load         ) [ 0000]
phaseClass0_V_8_load (load         ) [ 0000]
phaseClass0_V_3_load (load         ) [ 0000]
phaseClass0_V_2_load (load         ) [ 0000]
phaseClass0_V_1_load (load         ) [ 0000]
phaseClass0_V_0_load (load         ) [ 0000]
StgValue_13          (switch       ) [ 0000]
phaseClass0_V_15_loa (load         ) [ 0000]
Phase0_V_8_load      (load         ) [ 0000]
StgValue_16          (store        ) [ 0000]
Phase0_V_7_load      (load         ) [ 0000]
StgValue_18          (store        ) [ 0000]
Phase0_V_6_load      (load         ) [ 0000]
StgValue_20          (store        ) [ 0000]
Phase0_V_5_load      (load         ) [ 0000]
StgValue_22          (store        ) [ 0000]
Phase0_V_4_load      (load         ) [ 0000]
StgValue_24          (store        ) [ 0000]
Phase0_V_3_load      (load         ) [ 0000]
StgValue_26          (store        ) [ 0000]
Phase0_V_2_load      (load         ) [ 0000]
StgValue_28          (store        ) [ 0000]
Phase0_V_1_load      (load         ) [ 0000]
StgValue_30          (store        ) [ 0000]
Phase0_V_0_load      (load         ) [ 0000]
StgValue_32          (store        ) [ 0000]
tmp7                 (add          ) [ 0000]
tmp8                 (add          ) [ 0000]
tmp6                 (add          ) [ 0000]
tmp1                 (add          ) [ 0000]
tmp2                 (add          ) [ 0000]
tmp9                 (add          ) [ 0000]
p_Val2_3_4           (add          ) [ 0000]
StgValue_40          (store        ) [ 0000]
StgValue_41          (store        ) [ 0000]
StgValue_42          (store        ) [ 0000]
tmp                  (nbreadreq    ) [ 0100]
StgValue_44          (br           ) [ 0000]
empty                (read         ) [ 0000]
tmp_data_V_2         (extractvalue ) [ 0000]
tmp_1                (trunc        ) [ 0000]
StgValue_48          (store        ) [ 0000]
phaseClass0_V_14_loa (load         ) [ 0000]
StgValue_50          (store        ) [ 0000]
StgValue_51          (store        ) [ 0000]
phaseClass0_V_12_loa (load         ) [ 0000]
StgValue_53          (store        ) [ 0000]
phaseClass0_V_11_loa (load         ) [ 0000]
StgValue_55          (store        ) [ 0000]
StgValue_56          (store        ) [ 0000]
phaseClass0_V_9_load (load         ) [ 0000]
StgValue_58          (store        ) [ 0000]
StgValue_59          (store        ) [ 0000]
phaseClass0_V_7_load (load         ) [ 0000]
StgValue_61          (store        ) [ 0000]
phaseClass0_V_6_load (load         ) [ 0000]
StgValue_63          (store        ) [ 0000]
phaseClass0_V_5_load (load         ) [ 0000]
StgValue_65          (store        ) [ 0000]
phaseClass0_V_4_load (load         ) [ 0000]
StgValue_67          (store        ) [ 0000]
StgValue_68          (store        ) [ 0000]
StgValue_69          (store        ) [ 0000]
StgValue_70          (store        ) [ 0000]
StgValue_71          (store        ) [ 0000]
StgValue_72          (store        ) [ 0000]
StgValue_73          (br           ) [ 0000]
storemerge           (phi          ) [ 0000]
StgValue_75          (store        ) [ 0000]
StgValue_76          (br           ) [ 0000]
StgValue_77          (store        ) [ 0000]
corHelperI_V_load    (load         ) [ 0000]
p_Result_s           (partset      ) [ 0101]
StgValue_81          (specbitsmap  ) [ 0000]
StgValue_82          (specbitsmap  ) [ 0000]
StgValue_83          (specbitsmap  ) [ 0000]
StgValue_84          (specbitsmap  ) [ 0000]
StgValue_85          (specbitsmap  ) [ 0000]
StgValue_86          (specbitsmap  ) [ 0000]
StgValue_87          (spectopmodule) [ 0000]
StgValue_88          (specresource ) [ 0000]
StgValue_89          (specinterface) [ 0000]
StgValue_90          (specinterface) [ 0000]
StgValue_91          (specinterface) [ 0000]
StgValue_92          (specpipeline ) [ 0000]
StgValue_93          (specreset    ) [ 0000]
StgValue_94          (specreset    ) [ 0000]
StgValue_95          (specreset    ) [ 0000]
StgValue_96          (specreset    ) [ 0000]
StgValue_97          (specreset    ) [ 0000]
StgValue_98          (specreset    ) [ 0000]
StgValue_99          (specreset    ) [ 0000]
StgValue_100         (write        ) [ 0000]
StgValue_101         (br           ) [ 0000]
StgValue_102         (br           ) [ 0000]
StgValue_103         (br           ) [ 0000]
StgValue_104         (br           ) [ 0000]
StgValue_105         (br           ) [ 0000]
StgValue_106         (ret          ) [ 0000]
</LifeTime>

<model>

<comp_list>
<comp id="0" class="1000" name="i_data_V_data_V">
<pin_list>
<pin id="1" dir="1" index="0" bw="1" slack="0"/>
</pin_list>
<bind>
<StgValue><ssdm name="i_data_V_data_V"/></StgValue>
</bind>
</comp>

<comp id="2" class="1000" name="i_data_V_last_V">
<pin_list>
<pin id="3" dir="1" index="0" bw="1" slack="0"/>
</pin_list>
<bind>
<StgValue><ssdm name="i_data_V_last_V"/></StgValue>
</bind>
</comp>

<comp id="4" class="1000" name="o_data_V_data_V">
<pin_list>
<pin id="5" dir="1" index="0" bw="1" slack="0"/>
</pin_list>
<bind>
<StgValue><ssdm name="o_data_V_data_V"/></StgValue>
</bind>
</comp>

<comp id="6" class="1000" name="o_data_V_last_V">
<pin_list>
<pin id="7" dir="1" index="0" bw="1" slack="0"/>
</pin_list>
<bind>
<StgValue><ssdm name="o_data_V_last_V"/></StgValue>
</bind>
</comp>

<comp id="8" class="1000" name="start_V">
<pin_list>
<pin id="9" dir="1" index="0" bw="1" slack="0"/>
</pin_list>
<bind>
<StgValue><ssdm name="start_V"/></StgValue>
</bind>
</comp>

<comp id="10" class="1000" name="phaseClass_V">
<pin_list>
<pin id="11" dir="1" index="0" bw="1" slack="2147483647"/>
</pin_list>
<bind>
<StgValue><ssdm name="phaseClass_V"/></StgValue>
</bind>
</comp>

<comp id="12" class="1000" name="currentState">
<pin_list>
<pin id="13" dir="1" index="0" bw="1" slack="0"/>
</pin_list>
<bind>
<StgValue><ssdm name="currentState"/></StgValue>
</bind>
</comp>

<comp id="14" class="1000" name="phaseClass0_V_13">
<pin_list>
<pin id="15" dir="1" index="0" bw="1" slack="0"/>
</pin_list>
<bind>
<StgValue><ssdm name="phaseClass0_V_13"/></StgValue>
</bind>
</comp>

<comp id="16" class="1000" name="phaseClass0_V_10">
<pin_list>
<pin id="17" dir="1" index="0" bw="1" slack="0"/>
</pin_list>
<bind>
<StgValue><ssdm name="phaseClass0_V_10"/></StgValue>
</bind>
</comp>

<comp id="18" class="1000" name="phaseClass0_V_8">
<pin_list>
<pin id="19" dir="1" index="0" bw="1" slack="0"/>
</pin_list>
<bind>
<StgValue><ssdm name="phaseClass0_V_8"/></StgValue>
</bind>
</comp>

<comp id="20" class="1000" name="phaseClass0_V_3">
<pin_list>
<pin id="21" dir="1" index="0" bw="1" slack="0"/>
</pin_list>
<bind>
<StgValue><ssdm name="phaseClass0_V_3"/></StgValue>
</bind>
</comp>

<comp id="22" class="1000" name="phaseClass0_V_2">
<pin_list>
<pin id="23" dir="1" index="0" bw="1" slack="0"/>
</pin_list>
<bind>
<StgValue><ssdm name="phaseClass0_V_2"/></StgValue>
</bind>
</comp>

<comp id="24" class="1000" name="phaseClass0_V_1">
<pin_list>
<pin id="25" dir="1" index="0" bw="1" slack="0"/>
</pin_list>
<bind>
<StgValue><ssdm name="phaseClass0_V_1"/></StgValue>
</bind>
</comp>

<comp id="26" class="1000" name="phaseClass0_V_0">
<pin_list>
<pin id="27" dir="1" index="0" bw="1" slack="0"/>
</pin_list>
<bind>
<StgValue><ssdm name="phaseClass0_V_0"/></StgValue>
</bind>
</comp>

<comp id="28" class="1000" name="newVal_V">
<pin_list>
<pin id="29" dir="1" index="0" bw="1" slack="0"/>
</pin_list>
<bind>
<StgValue><ssdm name="newVal_V"/></StgValue>
</bind>
</comp>

<comp id="30" class="1000" name="phaseClass0_V_14">
<pin_list>
<pin id="31" dir="1" index="0" bw="1" slack="0"/>
</pin_list>
<bind>
<StgValue><ssdm name="phaseClass0_V_14"/></StgValue>
</bind>
</comp>

<comp id="32" class="1000" name="phaseClass0_V_15">
<pin_list>
<pin id="33" dir="1" index="0" bw="1" slack="0"/>
</pin_list>
<bind>
<StgValue><ssdm name="phaseClass0_V_15"/></StgValue>
</bind>
</comp>

<comp id="34" class="1000" name="phaseClass0_V_12">
<pin_list>
<pin id="35" dir="1" index="0" bw="1" slack="0"/>
</pin_list>
<bind>
<StgValue><ssdm name="phaseClass0_V_12"/></StgValue>
</bind>
</comp>

<comp id="36" class="1000" name="phaseClass0_V_11">
<pin_list>
<pin id="37" dir="1" index="0" bw="1" slack="0"/>
</pin_list>
<bind>
<StgValue><ssdm name="phaseClass0_V_11"/></StgValue>
</bind>
</comp>

<comp id="38" class="1000" name="phaseClass0_V_9">
<pin_list>
<pin id="39" dir="1" index="0" bw="1" slack="0"/>
</pin_list>
<bind>
<StgValue><ssdm name="phaseClass0_V_9"/></StgValue>
</bind>
</comp>

<comp id="40" class="1000" name="phaseClass0_V_7">
<pin_list>
<pin id="41" dir="1" index="0" bw="1" slack="0"/>
</pin_list>
<bind>
<StgValue><ssdm name="phaseClass0_V_7"/></StgValue>
</bind>
</comp>

<comp id="42" class="1000" name="phaseClass0_V_6">
<pin_list>
<pin id="43" dir="1" index="0" bw="1" slack="0"/>
</pin_list>
<bind>
<StgValue><ssdm name="phaseClass0_V_6"/></StgValue>
</bind>
</comp>

<comp id="44" class="1000" name="phaseClass0_V_5">
<pin_list>
<pin id="45" dir="1" index="0" bw="1" slack="0"/>
</pin_list>
<bind>
<StgValue><ssdm name="phaseClass0_V_5"/></StgValue>
</bind>
</comp>

<comp id="46" class="1000" name="phaseClass0_V_4">
<pin_list>
<pin id="47" dir="1" index="0" bw="1" slack="0"/>
</pin_list>
<bind>
<StgValue><ssdm name="phaseClass0_V_4"/></StgValue>
</bind>
</comp>

<comp id="48" class="1000" name="Phase0_V_8">
<pin_list>
<pin id="49" dir="1" index="0" bw="1" slack="0"/>
</pin_list>
<bind>
<StgValue><ssdm name="Phase0_V_8"/></StgValue>
</bind>
</comp>

<comp id="50" class="1000" name="Phase0_V_9">
<pin_list>
<pin id="51" dir="1" index="0" bw="1" slack="0"/>
</pin_list>
<bind>
<StgValue><ssdm name="Phase0_V_9"/></StgValue>
</bind>
</comp>

<comp id="52" class="1000" name="Phase0_V_7">
<pin_list>
<pin id="53" dir="1" index="0" bw="1" slack="0"/>
</pin_list>
<bind>
<StgValue><ssdm name="Phase0_V_7"/></StgValue>
</bind>
</comp>

<comp id="54" class="1000" name="Phase0_V_6">
<pin_list>
<pin id="55" dir="1" index="0" bw="1" slack="0"/>
</pin_list>
<bind>
<StgValue><ssdm name="Phase0_V_6"/></StgValue>
</bind>
</comp>

<comp id="56" class="1000" name="Phase0_V_5">
<pin_list>
<pin id="57" dir="1" index="0" bw="1" slack="0"/>
</pin_list>
<bind>
<StgValue><ssdm name="Phase0_V_5"/></StgValue>
</bind>
</comp>

<comp id="58" class="1000" name="Phase0_V_4">
<pin_list>
<pin id="59" dir="1" index="0" bw="1" slack="0"/>
</pin_list>
<bind>
<StgValue><ssdm name="Phase0_V_4"/></StgValue>
</bind>
</comp>

<comp id="60" class="1000" name="Phase0_V_3">
<pin_list>
<pin id="61" dir="1" index="0" bw="1" slack="0"/>
</pin_list>
<bind>
<StgValue><ssdm name="Phase0_V_3"/></StgValue>
</bind>
</comp>

<comp id="62" class="1000" name="Phase0_V_2">
<pin_list>
<pin id="63" dir="1" index="0" bw="1" slack="0"/>
</pin_list>
<bind>
<StgValue><ssdm name="Phase0_V_2"/></StgValue>
</bind>
</comp>

<comp id="64" class="1000" name="Phase0_V_1">
<pin_list>
<pin id="65" dir="1" index="0" bw="1" slack="0"/>
</pin_list>
<bind>
<StgValue><ssdm name="Phase0_V_1"/></StgValue>
</bind>
</comp>

<comp id="66" class="1000" name="Phase0_V_0">
<pin_list>
<pin id="67" dir="1" index="0" bw="1" slack="0"/>
</pin_list>
<bind>
<StgValue><ssdm name="Phase0_V_0"/></StgValue>
</bind>
</comp>

<comp id="68" class="1000" name="corHelperI_V">
<pin_list>
<pin id="69" dir="1" index="0" bw="1" slack="0"/>
</pin_list>
<bind>
<StgValue><ssdm name="corHelperI_V"/></StgValue>
</bind>
</comp>

<comp id="70" class="1001" name="const_70">
<pin_list>
<pin id="71" dir="1" index="0" bw="1" slack="0"/>
</pin_list>
<bind>
<StgValue><ssdm name="_ssdm_op_Read.ap_auto.i1"/></StgValue>
</bind>
</comp>

<comp id="72" class="1001" name="const_72">
<pin_list>
<pin id="73" dir="1" index="0" bw="1" slack="2147483647"/>
</pin_list>
<bind>
<StgValue><ssdm name=""/></StgValue>
</bind>
</comp>

<comp id="74" class="1001" name="const_74">
<pin_list>
<pin id="75" dir="1" index="0" bw="1" slack="0"/>
</pin_list>
<bind>
<StgValue><ssdm name=""/></StgValue>
</bind>
</comp>

<comp id="76" class="1001" name="const_76">
<pin_list>
<pin id="77" dir="1" index="0" bw="1" slack="0"/>
</pin_list>
<bind>
<StgValue><ssdm name=""/></StgValue>
</bind>
</comp>

<comp id="78" class="1001" name="const_78">
<pin_list>
<pin id="79" dir="1" index="0" bw="1" slack="0"/>
</pin_list>
<bind>
<StgValue><ssdm name=""/></StgValue>
</bind>
</comp>

<comp id="80" class="1001" name="const_80">
<pin_list>
<pin id="81" dir="1" index="0" bw="1" slack="0"/>
</pin_list>
<bind>
<StgValue><ssdm name="_ssdm_op_NbReadReq.axis.i32P.i1P"/></StgValue>
</bind>
</comp>

<comp id="82" class="1001" name="const_82">
<pin_list>
<pin id="83" dir="1" index="0" bw="1" slack="0"/>
</pin_list>
<bind>
<StgValue><ssdm name=""/></StgValue>
</bind>
</comp>

<comp id="84" class="1001" name="const_84">
<pin_list>
<pin id="85" dir="1" index="0" bw="1" slack="0"/>
</pin_list>
<bind>
<StgValue><ssdm name="_ssdm_op_Read.axis.volatile.i32P.i1P"/></StgValue>
</bind>
</comp>

<comp id="86" class="1001" name="const_86">
<pin_list>
<pin id="87" dir="1" index="0" bw="1" slack="0"/>
</pin_list>
<bind>
<StgValue><ssdm name="llvm.part.set.i32.i16"/></StgValue>
</bind>
</comp>

<comp id="88" class="1001" name="const_88">
<pin_list>
<pin id="89" dir="1" index="0" bw="1" slack="0"/>
</pin_list>
<bind>
<StgValue><ssdm name=""/></StgValue>
</bind>
</comp>

<comp id="90" class="1001" name="const_90">
<pin_list>
<pin id="91" dir="1" index="0" bw="1" slack="0"/>
</pin_list>
<bind>
<StgValue><ssdm name=""/></StgValue>
</bind>
</comp>

<comp id="92" class="1001" name="const_92">
<pin_list>
<pin id="93" dir="1" index="0" bw="1" slack="0"/>
</pin_list>
<bind>
<StgValue><ssdm name=""/></StgValue>
</bind>
</comp>

<comp id="94" class="1001" name="const_94">
<pin_list>
<pin id="95" dir="1" index="0" bw="1" slack="0"/>
</pin_list>
<bind>
<StgValue><ssdm name="_ssdm_op_Write.axis.volatile.i32P.i1P"/></StgValue>
</bind>
</comp>

<comp id="96" class="1001" name="const_96">
<pin_list>
<pin id="97" dir="1" index="0" bw="1" slack="0"/>
</pin_list>
<bind>
<StgValue><ssdm name=""/></StgValue>
</bind>
</comp>

<comp id="98" class="1001" name="const_98">
<pin_list>
<pin id="99" dir="1" index="0" bw="1" slack="2147483647"/>
</pin_list>
<bind>
<StgValue><ssdm name="_ssdm_op_SpecBitsMap"/></StgValue>
</bind>
</comp>

<comp id="100" class="1001" name="const_100">
<pin_list>
<pin id="101" dir="1" index="0" bw="1" slack="2147483647"/>
</pin_list>
<bind>
<StgValue><ssdm name="_ssdm_op_SpecTopModule"/></StgValue>
</bind>
</comp>

<comp id="102" class="1001" name="const_102">
<pin_list>
<pin id="103" dir="1" index="0" bw="1" slack="2147483647"/>
</pin_list>
<bind>
<StgValue><ssdm name="correlator_str"/></StgValue>
</bind>
</comp>

<comp id="104" class="1001" name="const_104">
<pin_list>
<pin id="105" dir="1" index="0" bw="1" slack="2147483647"/>
</pin_list>
<bind>
<StgValue><ssdm name="_ssdm_op_SpecResource"/></StgValue>
</bind>
</comp>

<comp id="106" class="1001" name="const_106">
<pin_list>
<pin id="107" dir="1" index="0" bw="1" slack="2147483647"/>
</pin_list>
<bind>
<StgValue><ssdm name="p_str"/></StgValue>
</bind>
</comp>

<comp id="108" class="1001" name="const_108">
<pin_list>
<pin id="109" dir="1" index="0" bw="1" slack="2147483647"/>
</pin_list>
<bind>
<StgValue><ssdm name="_ssdm_op_SpecInterface"/></StgValue>
</bind>
</comp>

<comp id="110" class="1001" name="const_110">
<pin_list>
<pin id="111" dir="1" index="0" bw="1" slack="2147483647"/>
</pin_list>
<bind>
<StgValue><ssdm name="p_str1"/></StgValue>
</bind>
</comp>

<comp id="112" class="1001" name="const_112">
<pin_list>
<pin id="113" dir="1" index="0" bw="1" slack="2147483647"/>
</pin_list>
<bind>
<StgValue><ssdm name="p_str2"/></StgValue>
</bind>
</comp>

<comp id="114" class="1001" name="const_114">
<pin_list>
<pin id="115" dir="1" index="0" bw="1" slack="2147483647"/>
</pin_list>
<bind>
<StgValue><ssdm name="p_str3"/></StgValue>
</bind>
</comp>

<comp id="116" class="1001" name="const_116">
<pin_list>
<pin id="117" dir="1" index="0" bw="1" slack="2147483647"/>
</pin_list>
<bind>
<StgValue><ssdm name="_ssdm_op_SpecPipeline"/></StgValue>
</bind>
</comp>

<comp id="118" class="1001" name="const_118">
<pin_list>
<pin id="119" dir="1" index="0" bw="1" slack="2147483647"/>
</pin_list>
<bind>
<StgValue><ssdm name="_ssdm_op_SpecReset"/></StgValue>
</bind>
</comp>

<comp id="120" class="1004" name="start_V_read_read_fu_120">
<pin_list>
<pin id="121" dir="0" index="0" bw="1" slack="0"/>
<pin id="122" dir="0" index="1" bw="1" slack="0"/>
<pin id="123" dir="1" index="2" bw="1" slack="2"/>
</pin_list>
<bind>
<opcode="read(1150) " fcode="read"/>
<opset="start_V_read/1 "/>
</bind>
</comp>

<comp id="126" class="1004" name="tmp_nbreadreq_fu_126">
<pin_list>
<pin id="127" dir="0" index="0" bw="1" slack="0"/>
<pin id="128" dir="0" index="1" bw="32" slack="0"/>
<pin id="129" dir="0" index="2" bw="1" slack="0"/>
<pin id="130" dir="0" index="3" bw="1" slack="0"/>
<pin id="131" dir="1" index="4" bw="1" slack="2147483647"/>
</pin_list>
<bind>
<opcode="nbreadreq(1156) " fcode="nbreadreq"/>
<opset="tmp/1 "/>
</bind>
</comp>

<comp id="136" class="1004" name="empty_read_fu_136">
<pin_list>
<pin id="137" dir="0" index="0" bw="33" slack="0"/>
<pin id="138" dir="0" index="1" bw="32" slack="0"/>
<pin id="139" dir="0" index="2" bw="1" slack="0"/>
<pin id="140" dir="1" index="3" bw="33" slack="0"/>
</pin_list>
<bind>
<opcode="read(1150) " fcode="read"/>
<opset="empty/1 "/>
</bind>
</comp>

<comp id="144" class="1004" name="grp_write_fu_144">
<pin_list>
<pin id="145" dir="0" index="0" bw="0" slack="0"/>
<pin id="146" dir="0" index="1" bw="32" slack="0"/>
<pin id="147" dir="0" index="2" bw="1" slack="0"/>
<pin id="148" dir="0" index="3" bw="32" slack="0"/>
<pin id="149" dir="0" index="4" bw="1" slack="0"/>
<pin id="150" dir="1" index="5" bw="0" slack="2147483647"/>
</pin_list>
<bind>
<opcode="write(1151) " fcode="write"/>
<opset="StgValue_80/2 "/>
</bind>
</comp>

<comp id="155" class="1005" name="storemerge_reg_155">
<pin_list>
<pin id="156" dir="0" index="0" bw="2" slack="2147483647"/>
<pin id="157" dir="1" index="1" bw="2" slack="2147483647"/>
</pin_list>
<bind>
<opset="storemerge (phireg) "/>
</bind>
</comp>

<comp id="158" class="1004" name="storemerge_phi_fu_158">
<pin_list>
<pin id="159" dir="0" index="0" bw="2" slack="0"/>
<pin id="160" dir="0" index="1" bw="0" slack="2147483647"/>
<pin id="161" dir="0" index="2" bw="1" slack="0"/>
<pin id="162" dir="0" index="3" bw="0" slack="2147483647"/>
<pin id="163" dir="1" index="4" bw="2" slack="0"/>
</pin_list>
<bind>
<opcode="phi(47) " fcode="phi"/>
<opset="storemerge/1 "/>
</bind>
</comp>

<comp id="166" class="1004" name="currentState_load_load_fu_166">
<pin_list>
<pin id="167" dir="0" index="0" bw="2" slack="0"/>
<pin id="168" dir="1" index="1" bw="2" slack="1"/>
</pin_list>
<bind>
<opcode="load(27) " fcode="load"/>
<opset="currentState_load/1 "/>
</bind>
</comp>

<comp id="170" class="1004" name="phaseClass0_V_13_loa_load_fu_170">
<pin_list>
<pin id="171" dir="0" index="0" bw="16" slack="0"/>
<pin id="172" dir="1" index="1" bw="16" slack="0"/>
</pin_list>
<bind>
<opcode="load(27) " fcode="load"/>
<opset="phaseClass0_V_13_loa/1 "/>
</bind>
</comp>

<comp id="174" class="1004" name="phaseClass0_V_10_loa_load_fu_174">
<pin_list>
<pin id="175" dir="0" index="0" bw="16" slack="0"/>
<pin id="176" dir="1" index="1" bw="16" slack="0"/>
</pin_list>
<bind>
<opcode="load(27) " fcode="load"/>
<opset="phaseClass0_V_10_loa/1 "/>
</bind>
</comp>

<comp id="178" class="1004" name="phaseClass0_V_8_load_load_fu_178">
<pin_list>
<pin id="179" dir="0" index="0" bw="16" slack="0"/>
<pin id="180" dir="1" index="1" bw="16" slack="0"/>
</pin_list>
<bind>
<opcode="load(27) " fcode="load"/>
<opset="phaseClass0_V_8_load/1 "/>
</bind>
</comp>

<comp id="182" class="1004" name="phaseClass0_V_3_load_load_fu_182">
<pin_list>
<pin id="183" dir="0" index="0" bw="16" slack="0"/>
<pin id="184" dir="1" index="1" bw="16" slack="0"/>
</pin_list>
<bind>
<opcode="load(27) " fcode="load"/>
<opset="phaseClass0_V_3_load/1 "/>
</bind>
</comp>

<comp id="186" class="1004" name="phaseClass0_V_2_load_load_fu_186">
<pin_list>
<pin id="187" dir="0" index="0" bw="16" slack="0"/>
<pin id="188" dir="1" index="1" bw="16" slack="0"/>
</pin_list>
<bind>
<opcode="load(27) " fcode="load"/>
<opset="phaseClass0_V_2_load/1 "/>
</bind>
</comp>

<comp id="190" class="1004" name="phaseClass0_V_1_load_load_fu_190">
<pin_list>
<pin id="191" dir="0" index="0" bw="16" slack="0"/>
<pin id="192" dir="1" index="1" bw="16" slack="0"/>
</pin_list>
<bind>
<opcode="load(27) " fcode="load"/>
<opset="phaseClass0_V_1_load/1 "/>
</bind>
</comp>

<comp id="194" class="1004" name="phaseClass0_V_0_load_load_fu_194">
<pin_list>
<pin id="195" dir="0" index="0" bw="16" slack="0"/>
<pin id="196" dir="1" index="1" bw="16" slack="0"/>
</pin_list>
<bind>
<opcode="load(27) " fcode="load"/>
<opset="phaseClass0_V_0_load/1 "/>
</bind>
</comp>

<comp id="198" class="1004" name="phaseClass0_V_15_loa_load_fu_198">
<pin_list>
<pin id="199" dir="0" index="0" bw="16" slack="0"/>
<pin id="200" dir="1" index="1" bw="16" slack="0"/>
</pin_list>
<bind>
<opcode="load(27) " fcode="load"/>
<opset="phaseClass0_V_15_loa/1 "/>
</bind>
</comp>

<comp id="202" class="1004" name="Phase0_V_8_load_load_fu_202">
<pin_list>
<pin id="203" dir="0" index="0" bw="16" slack="0"/>
<pin id="204" dir="1" index="1" bw="16" slack="0"/>
</pin_list>
<bind>
<opcode="load(27) " fcode="load"/>
<opset="Phase0_V_8_load/1 "/>
</bind>
</comp>

<comp id="206" class="1004" name="StgValue_16_store_fu_206">
<pin_list>
<pin id="207" dir="0" index="0" bw="16" slack="0"/>
<pin id="208" dir="0" index="1" bw="16" slack="0"/>
<pin id="209" dir="1" index="2" bw="0" slack="2147483647"/>
</pin_list>
<bind>
<opcode="store(28) " fcode="store"/>
<opset="StgValue_16/1 "/>
</bind>
</comp>

<comp id="212" class="1004" name="Phase0_V_7_load_load_fu_212">
<pin_list>
<pin id="213" dir="0" index="0" bw="16" slack="0"/>
<pin id="214" dir="1" index="1" bw="16" slack="0"/>
</pin_list>
<bind>
<opcode="load(27) " fcode="load"/>
<opset="Phase0_V_7_load/1 "/>
</bind>
</comp>

<comp id="216" class="1004" name="StgValue_18_store_fu_216">
<pin_list>
<pin id="217" dir="0" index="0" bw="16" slack="0"/>
<pin id="218" dir="0" index="1" bw="16" slack="0"/>
<pin id="219" dir="1" index="2" bw="0" slack="2147483647"/>
</pin_list>
<bind>
<opcode="store(28) " fcode="store"/>
<opset="StgValue_18/1 "/>
</bind>
</comp>

<comp id="222" class="1004" name="Phase0_V_6_load_load_fu_222">
<pin_list>
<pin id="223" dir="0" index="0" bw="16" slack="0"/>
<pin id="224" dir="1" index="1" bw="16" slack="0"/>
</pin_list>
<bind>
<opcode="load(27) " fcode="load"/>
<opset="Phase0_V_6_load/1 "/>
</bind>
</comp>

<comp id="226" class="1004" name="StgValue_20_store_fu_226">
<pin_list>
<pin id="227" dir="0" index="0" bw="16" slack="0"/>
<pin id="228" dir="0" index="1" bw="16" slack="0"/>
<pin id="229" dir="1" index="2" bw="0" slack="2147483647"/>
</pin_list>
<bind>
<opcode="store(28) " fcode="store"/>
<opset="StgValue_20/1 "/>
</bind>
</comp>

<comp id="232" class="1004" name="Phase0_V_5_load_load_fu_232">
<pin_list>
<pin id="233" dir="0" index="0" bw="16" slack="0"/>
<pin id="234" dir="1" index="1" bw="16" slack="0"/>
</pin_list>
<bind>
<opcode="load(27) " fcode="load"/>
<opset="Phase0_V_5_load/1 "/>
</bind>
</comp>

<comp id="236" class="1004" name="StgValue_22_store_fu_236">
<pin_list>
<pin id="237" dir="0" index="0" bw="16" slack="0"/>
<pin id="238" dir="0" index="1" bw="16" slack="0"/>
<pin id="239" dir="1" index="2" bw="0" slack="2147483647"/>
</pin_list>
<bind>
<opcode="store(28) " fcode="store"/>
<opset="StgValue_22/1 "/>
</bind>
</comp>

<comp id="242" class="1004" name="Phase0_V_4_load_load_fu_242">
<pin_list>
<pin id="243" dir="0" index="0" bw="16" slack="0"/>
<pin id="244" dir="1" index="1" bw="16" slack="0"/>
</pin_list>
<bind>
<opcode="load(27) " fcode="load"/>
<opset="Phase0_V_4_load/1 "/>
</bind>
</comp>

<comp id="246" class="1004" name="StgValue_24_store_fu_246">
<pin_list>
<pin id="247" dir="0" index="0" bw="16" slack="0"/>
<pin id="248" dir="0" index="1" bw="16" slack="0"/>
<pin id="249" dir="1" index="2" bw="0" slack="2147483647"/>
</pin_list>
<bind>
<opcode="store(28) " fcode="store"/>
<opset="StgValue_24/1 "/>
</bind>
</comp>

<comp id="252" class="1004" name="Phase0_V_3_load_load_fu_252">
<pin_list>
<pin id="253" dir="0" index="0" bw="16" slack="0"/>
<pin id="254" dir="1" index="1" bw="16" slack="0"/>
</pin_list>
<bind>
<opcode="load(27) " fcode="load"/>
<opset="Phase0_V_3_load/1 "/>
</bind>
</comp>

<comp id="256" class="1004" name="StgValue_26_store_fu_256">
<pin_list>
<pin id="257" dir="0" index="0" bw="16" slack="0"/>
<pin id="258" dir="0" index="1" bw="16" slack="0"/>
<pin id="259" dir="1" index="2" bw="0" slack="2147483647"/>
</pin_list>
<bind>
<opcode="store(28) " fcode="store"/>
<opset="StgValue_26/1 "/>
</bind>
</comp>

<comp id="262" class="1004" name="Phase0_V_2_load_load_fu_262">
<pin_list>
<pin id="263" dir="0" index="0" bw="16" slack="0"/>
<pin id="264" dir="1" index="1" bw="16" slack="0"/>
</pin_list>
<bind>
<opcode="load(27) " fcode="load"/>
<opset="Phase0_V_2_load/1 "/>
</bind>
</comp>

<comp id="266" class="1004" name="StgValue_28_store_fu_266">
<pin_list>
<pin id="267" dir="0" index="0" bw="16" slack="0"/>
<pin id="268" dir="0" index="1" bw="16" slack="0"/>
<pin id="269" dir="1" index="2" bw="0" slack="2147483647"/>
</pin_list>
<bind>
<opcode="store(28) " fcode="store"/>
<opset="StgValue_28/1 "/>
</bind>
</comp>

<comp id="272" class="1004" name="Phase0_V_1_load_load_fu_272">
<pin_list>
<pin id="273" dir="0" index="0" bw="16" slack="0"/>
<pin id="274" dir="1" index="1" bw="16" slack="0"/>
</pin_list>
<bind>
<opcode="load(27) " fcode="load"/>
<opset="Phase0_V_1_load/1 "/>
</bind>
</comp>

<comp id="276" class="1004" name="StgValue_30_store_fu_276">
<pin_list>
<pin id="277" dir="0" index="0" bw="16" slack="0"/>
<pin id="278" dir="0" index="1" bw="16" slack="0"/>
<pin id="279" dir="1" index="2" bw="0" slack="2147483647"/>
</pin_list>
<bind>
<opcode="store(28) " fcode="store"/>
<opset="StgValue_30/1 "/>
</bind>
</comp>

<comp id="282" class="1004" name="Phase0_V_0_load_load_fu_282">
<pin_list>
<pin id="283" dir="0" index="0" bw="16" slack="0"/>
<pin id="284" dir="1" index="1" bw="16" slack="0"/>
</pin_list>
<bind>
<opcode="load(27) " fcode="load"/>
<opset="Phase0_V_0_load/1 "/>
</bind>
</comp>

<comp id="286" class="1004" name="StgValue_32_store_fu_286">
<pin_list>
<pin id="287" dir="0" index="0" bw="16" slack="0"/>
<pin id="288" dir="0" index="1" bw="16" slack="0"/>
<pin id="289" dir="1" index="2" bw="0" slack="2147483647"/>
</pin_list>
<bind>
<opcode="store(28) " fcode="store"/>
<opset="StgValue_32/1 "/>
</bind>
</comp>

<comp id="292" class="1004" name="tmp7_fu_292">
<pin_list>
<pin id="293" dir="0" index="0" bw="16" slack="0"/>
<pin id="294" dir="0" index="1" bw="16" slack="0"/>
<pin id="295" dir="1" index="2" bw="16" slack="0"/>
</pin_list>
<bind>
<opcode="add(8) " fcode="add"/>
<opset="tmp7/1 "/>
</bind>
</comp>

<comp id="298" class="1004" name="tmp8_fu_298">
<pin_list>
<pin id="299" dir="0" index="0" bw="16" slack="0"/>
<pin id="300" dir="0" index="1" bw="16" slack="0"/>
<pin id="301" dir="1" index="2" bw="16" slack="0"/>
</pin_list>
<bind>
<opcode="add(8) " fcode="add"/>
<opset="tmp8/1 "/>
</bind>
</comp>

<comp id="304" class="1004" name="tmp6_fu_304">
<pin_list>
<pin id="305" dir="0" index="0" bw="16" slack="0"/>
<pin id="306" dir="0" index="1" bw="16" slack="0"/>
<pin id="307" dir="1" index="2" bw="16" slack="0"/>
</pin_list>
<bind>
<opcode="add(8) " fcode="add"/>
<opset="tmp6/1 "/>
</bind>
</comp>

<comp id="310" class="1004" name="tmp1_fu_310">
<pin_list>
<pin id="311" dir="0" index="0" bw="16" slack="0"/>
<pin id="312" dir="0" index="1" bw="16" slack="0"/>
<pin id="313" dir="1" index="2" bw="16" slack="0"/>
</pin_list>
<bind>
<opcode="add(8) " fcode="add"/>
<opset="tmp1/1 "/>
</bind>
</comp>

<comp id="316" class="1004" name="tmp2_fu_316">
<pin_list>
<pin id="317" dir="0" index="0" bw="16" slack="0"/>
<pin id="318" dir="0" index="1" bw="16" slack="0"/>
<pin id="319" dir="1" index="2" bw="16" slack="0"/>
</pin_list>
<bind>
<opcode="add(8) " fcode="add"/>
<opset="tmp2/1 "/>
</bind>
</comp>

<comp id="322" class="1004" name="tmp9_fu_322">
<pin_list>
<pin id="323" dir="0" index="0" bw="16" slack="0"/>
<pin id="324" dir="0" index="1" bw="16" slack="0"/>
<pin id="325" dir="1" index="2" bw="16" slack="0"/>
</pin_list>
<bind>
<opcode="add(8) " fcode="add"/>
<opset="tmp9/1 "/>
</bind>
</comp>

<comp id="328" class="1004" name="p_Val2_3_4_fu_328">
<pin_list>
<pin id="329" dir="0" index="0" bw="16" slack="0"/>
<pin id="330" dir="0" index="1" bw="16" slack="0"/>
<pin id="331" dir="1" index="2" bw="16" slack="0"/>
</pin_list>
<bind>
<opcode="add(8) " fcode="add"/>
<opset="p_Val2_3_4/1 "/>
</bind>
</comp>

<comp id="334" class="1004" name="StgValue_40_store_fu_334">
<pin_list>
<pin id="335" dir="0" index="0" bw="16" slack="0"/>
<pin id="336" dir="0" index="1" bw="16" slack="0"/>
<pin id="337" dir="1" index="2" bw="0" slack="2147483647"/>
</pin_list>
<bind>
<opcode="store(28) " fcode="store"/>
<opset="StgValue_40/1 "/>
</bind>
</comp>

<comp id="340" class="1004" name="StgValue_41_store_fu_340">
<pin_list>
<pin id="341" dir="0" index="0" bw="16" slack="0"/>
<pin id="342" dir="0" index="1" bw="16" slack="0"/>
<pin id="343" dir="1" index="2" bw="0" slack="2147483647"/>
</pin_list>
<bind>
<opcode="store(28) " fcode="store"/>
<opset="StgValue_41/1 "/>
</bind>
</comp>

<comp id="346" class="1004" name="StgValue_42_store_fu_346">
<pin_list>
<pin id="347" dir="0" index="0" bw="1" slack="0"/>
<pin id="348" dir="0" index="1" bw="2" slack="0"/>
<pin id="349" dir="1" index="2" bw="0" slack="2147483647"/>
</pin_list>
<bind>
<opcode="store(28) " fcode="store"/>
<opset="StgValue_42/1 "/>
</bind>
</comp>

<comp id="352" class="1004" name="tmp_data_V_2_fu_352">
<pin_list>
<pin id="353" dir="0" index="0" bw="33" slack="0"/>
<pin id="354" dir="1" index="1" bw="32" slack="0"/>
</pin_list>
<bind>
<opcode="extractvalue(56) " fcode="extractvalue"/>
<opset="tmp_data_V_2/1 "/>
</bind>
</comp>

<comp id="356" class="1004" name="tmp_1_fu_356">
<pin_list>
<pin id="357" dir="0" index="0" bw="32" slack="0"/>
<pin id="358" dir="1" index="1" bw="16" slack="0"/>
</pin_list>
<bind>
<opcode="trunc(33) " fcode="trunc"/>
<opset="tmp_1/1 "/>
</bind>
</comp>

<comp id="360" class="1004" name="StgValue_48_store_fu_360">
<pin_list>
<pin id="361" dir="0" index="0" bw="16" slack="0"/>
<pin id="362" dir="0" index="1" bw="16" slack="0"/>
<pin id="363" dir="1" index="2" bw="0" slack="2147483647"/>
</pin_list>
<bind>
<opcode="store(28) " fcode="store"/>
<opset="StgValue_48/1 "/>
</bind>
</comp>

<comp id="366" class="1004" name="phaseClass0_V_14_loa_load_fu_366">
<pin_list>
<pin id="367" dir="0" index="0" bw="16" slack="0"/>
<pin id="368" dir="1" index="1" bw="16" slack="0"/>
</pin_list>
<bind>
<opcode="load(27) " fcode="load"/>
<opset="phaseClass0_V_14_loa/1 "/>
</bind>
</comp>

<comp id="370" class="1004" name="StgValue_50_store_fu_370">
<pin_list>
<pin id="371" dir="0" index="0" bw="16" slack="0"/>
<pin id="372" dir="0" index="1" bw="16" slack="0"/>
<pin id="373" dir="1" index="2" bw="0" slack="2147483647"/>
</pin_list>
<bind>
<opcode="store(28) " fcode="store"/>
<opset="StgValue_50/1 "/>
</bind>
</comp>

<comp id="376" class="1004" name="StgValue_51_store_fu_376">
<pin_list>
<pin id="377" dir="0" index="0" bw="16" slack="0"/>
<pin id="378" dir="0" index="1" bw="16" slack="0"/>
<pin id="379" dir="1" index="2" bw="0" slack="2147483647"/>
</pin_list>
<bind>
<opcode="store(28) " fcode="store"/>
<opset="StgValue_51/1 "/>
</bind>
</comp>

<comp id="382" class="1004" name="phaseClass0_V_12_loa_load_fu_382">
<pin_list>
<pin id="383" dir="0" index="0" bw="16" slack="0"/>
<pin id="384" dir="1" index="1" bw="16" slack="0"/>
</pin_list>
<bind>
<opcode="load(27) " fcode="load"/>
<opset="phaseClass0_V_12_loa/1 "/>
</bind>
</comp>

<comp id="386" class="1004" name="StgValue_53_store_fu_386">
<pin_list>
<pin id="387" dir="0" index="0" bw="16" slack="0"/>
<pin id="388" dir="0" index="1" bw="16" slack="0"/>
<pin id="389" dir="1" index="2" bw="0" slack="2147483647"/>
</pin_list>
<bind>
<opcode="store(28) " fcode="store"/>
<opset="StgValue_53/1 "/>
</bind>
</comp>

<comp id="392" class="1004" name="phaseClass0_V_11_loa_load_fu_392">
<pin_list>
<pin id="393" dir="0" index="0" bw="16" slack="0"/>
<pin id="394" dir="1" index="1" bw="16" slack="0"/>
</pin_list>
<bind>
<opcode="load(27) " fcode="load"/>
<opset="phaseClass0_V_11_loa/1 "/>
</bind>
</comp>

<comp id="396" class="1004" name="StgValue_55_store_fu_396">
<pin_list>
<pin id="397" dir="0" index="0" bw="16" slack="0"/>
<pin id="398" dir="0" index="1" bw="16" slack="0"/>
<pin id="399" dir="1" index="2" bw="0" slack="2147483647"/>
</pin_list>
<bind>
<opcode="store(28) " fcode="store"/>
<opset="StgValue_55/1 "/>
</bind>
</comp>

<comp id="402" class="1004" name="StgValue_56_store_fu_402">
<pin_list>
<pin id="403" dir="0" index="0" bw="16" slack="0"/>
<pin id="404" dir="0" index="1" bw="16" slack="0"/>
<pin id="405" dir="1" index="2" bw="0" slack="2147483647"/>
</pin_list>
<bind>
<opcode="store(28) " fcode="store"/>
<opset="StgValue_56/1 "/>
</bind>
</comp>

<comp id="408" class="1004" name="phaseClass0_V_9_load_load_fu_408">
<pin_list>
<pin id="409" dir="0" index="0" bw="16" slack="0"/>
<pin id="410" dir="1" index="1" bw="16" slack="0"/>
</pin_list>
<bind>
<opcode="load(27) " fcode="load"/>
<opset="phaseClass0_V_9_load/1 "/>
</bind>
</comp>

<comp id="412" class="1004" name="StgValue_58_store_fu_412">
<pin_list>
<pin id="413" dir="0" index="0" bw="16" slack="0"/>
<pin id="414" dir="0" index="1" bw="16" slack="0"/>
<pin id="415" dir="1" index="2" bw="0" slack="2147483647"/>
</pin_list>
<bind>
<opcode="store(28) " fcode="store"/>
<opset="StgValue_58/1 "/>
</bind>
</comp>

<comp id="418" class="1004" name="StgValue_59_store_fu_418">
<pin_list>
<pin id="419" dir="0" index="0" bw="16" slack="0"/>
<pin id="420" dir="0" index="1" bw="16" slack="0"/>
<pin id="421" dir="1" index="2" bw="0" slack="2147483647"/>
</pin_list>
<bind>
<opcode="store(28) " fcode="store"/>
<opset="StgValue_59/1 "/>
</bind>
</comp>

<comp id="424" class="1004" name="phaseClass0_V_7_load_load_fu_424">
<pin_list>
<pin id="425" dir="0" index="0" bw="16" slack="0"/>
<pin id="426" dir="1" index="1" bw="16" slack="0"/>
</pin_list>
<bind>
<opcode="load(27) " fcode="load"/>
<opset="phaseClass0_V_7_load/1 "/>
</bind>
</comp>

<comp id="428" class="1004" name="StgValue_61_store_fu_428">
<pin_list>
<pin id="429" dir="0" index="0" bw="16" slack="0"/>
<pin id="430" dir="0" index="1" bw="16" slack="0"/>
<pin id="431" dir="1" index="2" bw="0" slack="2147483647"/>
</pin_list>
<bind>
<opcode="store(28) " fcode="store"/>
<opset="StgValue_61/1 "/>
</bind>
</comp>

<comp id="434" class="1004" name="phaseClass0_V_6_load_load_fu_434">
<pin_list>
<pin id="435" dir="0" index="0" bw="16" slack="0"/>
<pin id="436" dir="1" index="1" bw="16" slack="0"/>
</pin_list>
<bind>
<opcode="load(27) " fcode="load"/>
<opset="phaseClass0_V_6_load/1 "/>
</bind>
</comp>

<comp id="438" class="1004" name="StgValue_63_store_fu_438">
<pin_list>
<pin id="439" dir="0" index="0" bw="16" slack="0"/>
<pin id="440" dir="0" index="1" bw="16" slack="0"/>
<pin id="441" dir="1" index="2" bw="0" slack="2147483647"/>
</pin_list>
<bind>
<opcode="store(28) " fcode="store"/>
<opset="StgValue_63/1 "/>
</bind>
</comp>

<comp id="444" class="1004" name="phaseClass0_V_5_load_load_fu_444">
<pin_list>
<pin id="445" dir="0" index="0" bw="16" slack="0"/>
<pin id="446" dir="1" index="1" bw="16" slack="0"/>
</pin_list>
<bind>
<opcode="load(27) " fcode="load"/>
<opset="phaseClass0_V_5_load/1 "/>
</bind>
</comp>

<comp id="448" class="1004" name="StgValue_65_store_fu_448">
<pin_list>
<pin id="449" dir="0" index="0" bw="16" slack="0"/>
<pin id="450" dir="0" index="1" bw="16" slack="0"/>
<pin id="451" dir="1" index="2" bw="0" slack="2147483647"/>
</pin_list>
<bind>
<opcode="store(28) " fcode="store"/>
<opset="StgValue_65/1 "/>
</bind>
</comp>

<comp id="454" class="1004" name="phaseClass0_V_4_load_load_fu_454">
<pin_list>
<pin id="455" dir="0" index="0" bw="16" slack="0"/>
<pin id="456" dir="1" index="1" bw="16" slack="0"/>
</pin_list>
<bind>
<opcode="load(27) " fcode="load"/>
<opset="phaseClass0_V_4_load/1 "/>
</bind>
</comp>

<comp id="458" class="1004" name="StgValue_67_store_fu_458">
<pin_list>
<pin id="459" dir="0" index="0" bw="16" slack="0"/>
<pin id="460" dir="0" index="1" bw="16" slack="0"/>
<pin id="461" dir="1" index="2" bw="0" slack="2147483647"/>
</pin_list>
<bind>
<opcode="store(28) " fcode="store"/>
<opset="StgValue_67/1 "/>
</bind>
</comp>

<comp id="464" class="1004" name="StgValue_68_store_fu_464">
<pin_list>
<pin id="465" dir="0" index="0" bw="16" slack="0"/>
<pin id="466" dir="0" index="1" bw="16" slack="0"/>
<pin id="467" dir="1" index="2" bw="0" slack="2147483647"/>
</pin_list>
<bind>
<opcode="store(28) " fcode="store"/>
<opset="StgValue_68/1 "/>
</bind>
</comp>

<comp id="470" class="1004" name="StgValue_69_store_fu_470">
<pin_list>
<pin id="471" dir="0" index="0" bw="16" slack="0"/>
<pin id="472" dir="0" index="1" bw="16" slack="0"/>
<pin id="473" dir="1" index="2" bw="0" slack="2147483647"/>
</pin_list>
<bind>
<opcode="store(28) " fcode="store"/>
<opset="StgValue_69/1 "/>
</bind>
</comp>

<comp id="476" class="1004" name="StgValue_70_store_fu_476">
<pin_list>
<pin id="477" dir="0" index="0" bw="16" slack="0"/>
<pin id="478" dir="0" index="1" bw="16" slack="0"/>
<pin id="479" dir="1" index="2" bw="0" slack="2147483647"/>
</pin_list>
<bind>
<opcode="store(28) " fcode="store"/>
<opset="StgValue_70/1 "/>
</bind>
</comp>

<comp id="482" class="1004" name="StgValue_71_store_fu_482">
<pin_list>
<pin id="483" dir="0" index="0" bw="16" slack="0"/>
<pin id="484" dir="0" index="1" bw="16" slack="0"/>
<pin id="485" dir="1" index="2" bw="0" slack="2147483647"/>
</pin_list>
<bind>
<opcode="store(28) " fcode="store"/>
<opset="StgValue_71/1 "/>
</bind>
</comp>

<comp id="488" class="1004" name="StgValue_72_store_fu_488">
<pin_list>
<pin id="489" dir="0" index="0" bw="16" slack="0"/>
<pin id="490" dir="0" index="1" bw="16" slack="0"/>
<pin id="491" dir="1" index="2" bw="0" slack="2147483647"/>
</pin_list>
<bind>
<opcode="store(28) " fcode="store"/>
<opset="StgValue_72/1 "/>
</bind>
</comp>

<comp id="494" class="1004" name="StgValue_75_store_fu_494">
<pin_list>
<pin id="495" dir="0" index="0" bw="2" slack="0"/>
<pin id="496" dir="0" index="1" bw="2" slack="0"/>
<pin id="497" dir="1" index="2" bw="0" slack="2147483647"/>
</pin_list>
<bind>
<opcode="store(28) " fcode="store"/>
<opset="StgValue_75/1 "/>
</bind>
</comp>

<comp id="500" class="1004" name="StgValue_77_store_fu_500">
<pin_list>
<pin id="501" dir="0" index="0" bw="1" slack="0"/>
<pin id="502" dir="0" index="1" bw="2" slack="0"/>
<pin id="503" dir="1" index="2" bw="0" slack="2147483647"/>
</pin_list>
<bind>
<opcode="store(28) " fcode="store"/>
<opset="StgValue_77/1 "/>
</bind>
</comp>

<comp id="506" class="1004" name="corHelperI_V_load_load_fu_506">
<pin_list>
<pin id="507" dir="0" index="0" bw="16" slack="0"/>
<pin id="508" dir="1" index="1" bw="16" slack="0"/>
</pin_list>
<bind>
<opcode="load(27) " fcode="load"/>
<opset="corHelperI_V_load/2 "/>
</bind>
</comp>

<comp id="510" class="1004" name="p_Result_s_fu_510">
<pin_list>
<pin id="511" dir="0" index="0" bw="32" slack="0"/>
<pin id="512" dir="0" index="1" bw="1" slack="0"/>
<pin id="513" dir="0" index="2" bw="16" slack="0"/>
<pin id="514" dir="0" index="3" bw="1" slack="0"/>
<pin id="515" dir="0" index="4" bw="5" slack="0"/>
<pin id="516" dir="1" index="5" bw="32" slack="0"/>
</pin_list>
<bind>
<opcode="partset(1003) " fcode="partset"/>
<opset="p_Result_s/2 "/>
</bind>
</comp>

<comp id="523" class="1005" name="start_V_read_reg_523">
<pin_list>
<pin id="524" dir="0" index="0" bw="1" slack="2"/>
<pin id="525" dir="1" index="1" bw="1" slack="2147483647"/>
</pin_list>
<bind>
<opset="start_V_read "/>
</bind>
</comp>

<comp id="527" class="1005" name="currentState_load_reg_527">
<pin_list>
<pin id="528" dir="0" index="0" bw="2" slack="1"/>
<pin id="529" dir="1" index="1" bw="2" slack="2147483647"/>
</pin_list>
<bind>
<opset="currentState_load "/>
</bind>
</comp>

<comp id="534" class="1005" name="p_Result_s_reg_534">
<pin_list>
<pin id="535" dir="0" index="0" bw="32" slack="1"/>
<pin id="536" dir="1" index="1" bw="32" slack="1"/>
</pin_list>
<bind>
<opset="p_Result_s "/>
</bind>
</comp>

</comp_list>

<net_list>
<net id="124"><net_src comp="70" pin="0"/><net_sink comp="120" pin=0"/></net>

<net id="125"><net_src comp="8" pin="0"/><net_sink comp="120" pin=1"/></net>

<net id="132"><net_src comp="80" pin="0"/><net_sink comp="126" pin=0"/></net>

<net id="133"><net_src comp="0" pin="0"/><net_sink comp="126" pin=1"/></net>

<net id="134"><net_src comp="2" pin="0"/><net_sink comp="126" pin=2"/></net>

<net id="135"><net_src comp="82" pin="0"/><net_sink comp="126" pin=3"/></net>

<net id="141"><net_src comp="84" pin="0"/><net_sink comp="136" pin=0"/></net>

<net id="142"><net_src comp="0" pin="0"/><net_sink comp="136" pin=1"/></net>

<net id="143"><net_src comp="2" pin="0"/><net_sink comp="136" pin=2"/></net>

<net id="151"><net_src comp="94" pin="0"/><net_sink comp="144" pin=0"/></net>

<net id="152"><net_src comp="4" pin="0"/><net_sink comp="144" pin=1"/></net>

<net id="153"><net_src comp="6" pin="0"/><net_sink comp="144" pin=2"/></net>

<net id="154"><net_src comp="96" pin="0"/><net_sink comp="144" pin=4"/></net>

<net id="164"><net_src comp="76" pin="0"/><net_sink comp="158" pin=0"/></net>

<net id="165"><net_src comp="74" pin="0"/><net_sink comp="158" pin=2"/></net>

<net id="169"><net_src comp="12" pin="0"/><net_sink comp="166" pin=0"/></net>

<net id="173"><net_src comp="14" pin="0"/><net_sink comp="170" pin=0"/></net>

<net id="177"><net_src comp="16" pin="0"/><net_sink comp="174" pin=0"/></net>

<net id="181"><net_src comp="18" pin="0"/><net_sink comp="178" pin=0"/></net>

<net id="185"><net_src comp="20" pin="0"/><net_sink comp="182" pin=0"/></net>

<net id="189"><net_src comp="22" pin="0"/><net_sink comp="186" pin=0"/></net>

<net id="193"><net_src comp="24" pin="0"/><net_sink comp="190" pin=0"/></net>

<net id="197"><net_src comp="26" pin="0"/><net_sink comp="194" pin=0"/></net>

<net id="201"><net_src comp="32" pin="0"/><net_sink comp="198" pin=0"/></net>

<net id="205"><net_src comp="48" pin="0"/><net_sink comp="202" pin=0"/></net>

<net id="210"><net_src comp="202" pin="1"/><net_sink comp="206" pin=0"/></net>

<net id="211"><net_src comp="50" pin="0"/><net_sink comp="206" pin=1"/></net>

<net id="215"><net_src comp="52" pin="0"/><net_sink comp="212" pin=0"/></net>

<net id="220"><net_src comp="212" pin="1"/><net_sink comp="216" pin=0"/></net>

<net id="221"><net_src comp="48" pin="0"/><net_sink comp="216" pin=1"/></net>

<net id="225"><net_src comp="54" pin="0"/><net_sink comp="222" pin=0"/></net>

<net id="230"><net_src comp="222" pin="1"/><net_sink comp="226" pin=0"/></net>

<net id="231"><net_src comp="52" pin="0"/><net_sink comp="226" pin=1"/></net>

<net id="235"><net_src comp="56" pin="0"/><net_sink comp="232" pin=0"/></net>

<net id="240"><net_src comp="232" pin="1"/><net_sink comp="236" pin=0"/></net>

<net id="241"><net_src comp="54" pin="0"/><net_sink comp="236" pin=1"/></net>

<net id="245"><net_src comp="58" pin="0"/><net_sink comp="242" pin=0"/></net>

<net id="250"><net_src comp="242" pin="1"/><net_sink comp="246" pin=0"/></net>

<net id="251"><net_src comp="56" pin="0"/><net_sink comp="246" pin=1"/></net>

<net id="255"><net_src comp="60" pin="0"/><net_sink comp="252" pin=0"/></net>

<net id="260"><net_src comp="252" pin="1"/><net_sink comp="256" pin=0"/></net>

<net id="261"><net_src comp="58" pin="0"/><net_sink comp="256" pin=1"/></net>

<net id="265"><net_src comp="62" pin="0"/><net_sink comp="262" pin=0"/></net>

<net id="270"><net_src comp="262" pin="1"/><net_sink comp="266" pin=0"/></net>

<net id="271"><net_src comp="60" pin="0"/><net_sink comp="266" pin=1"/></net>

<net id="275"><net_src comp="64" pin="0"/><net_sink comp="272" pin=0"/></net>

<net id="280"><net_src comp="272" pin="1"/><net_sink comp="276" pin=0"/></net>

<net id="281"><net_src comp="62" pin="0"/><net_sink comp="276" pin=1"/></net>

<net id="285"><net_src comp="66" pin="0"/><net_sink comp="282" pin=0"/></net>

<net id="290"><net_src comp="282" pin="1"/><net_sink comp="286" pin=0"/></net>

<net id="291"><net_src comp="64" pin="0"/><net_sink comp="286" pin=1"/></net>

<net id="296"><net_src comp="186" pin="1"/><net_sink comp="292" pin=0"/></net>

<net id="297"><net_src comp="190" pin="1"/><net_sink comp="292" pin=1"/></net>

<net id="302"><net_src comp="182" pin="1"/><net_sink comp="298" pin=0"/></net>

<net id="303"><net_src comp="178" pin="1"/><net_sink comp="298" pin=1"/></net>

<net id="308"><net_src comp="298" pin="2"/><net_sink comp="304" pin=0"/></net>

<net id="309"><net_src comp="292" pin="2"/><net_sink comp="304" pin=1"/></net>

<net id="314"><net_src comp="170" pin="1"/><net_sink comp="310" pin=0"/></net>

<net id="315"><net_src comp="174" pin="1"/><net_sink comp="310" pin=1"/></net>

<net id="320"><net_src comp="198" pin="1"/><net_sink comp="316" pin=0"/></net>

<net id="321"><net_src comp="194" pin="1"/><net_sink comp="316" pin=1"/></net>

<net id="326"><net_src comp="316" pin="2"/><net_sink comp="322" pin=0"/></net>

<net id="327"><net_src comp="310" pin="2"/><net_sink comp="322" pin=1"/></net>

<net id="332"><net_src comp="322" pin="2"/><net_sink comp="328" pin=0"/></net>

<net id="333"><net_src comp="304" pin="2"/><net_sink comp="328" pin=1"/></net>

<net id="338"><net_src comp="328" pin="2"/><net_sink comp="334" pin=0"/></net>

<net id="339"><net_src comp="68" pin="0"/><net_sink comp="334" pin=1"/></net>

<net id="344"><net_src comp="328" pin="2"/><net_sink comp="340" pin=0"/></net>

<net id="345"><net_src comp="66" pin="0"/><net_sink comp="340" pin=1"/></net>

<net id="350"><net_src comp="78" pin="0"/><net_sink comp="346" pin=0"/></net>

<net id="351"><net_src comp="12" pin="0"/><net_sink comp="346" pin=1"/></net>

<net id="355"><net_src comp="136" pin="3"/><net_sink comp="352" pin=0"/></net>

<net id="359"><net_src comp="352" pin="1"/><net_sink comp="356" pin=0"/></net>

<net id="364"><net_src comp="356" pin="1"/><net_sink comp="360" pin=0"/></net>

<net id="365"><net_src comp="28" pin="0"/><net_sink comp="360" pin=1"/></net>

<net id="369"><net_src comp="30" pin="0"/><net_sink comp="366" pin=0"/></net>

<net id="374"><net_src comp="366" pin="1"/><net_sink comp="370" pin=0"/></net>

<net id="375"><net_src comp="32" pin="0"/><net_sink comp="370" pin=1"/></net>

<net id="380"><net_src comp="170" pin="1"/><net_sink comp="376" pin=0"/></net>

<net id="381"><net_src comp="30" pin="0"/><net_sink comp="376" pin=1"/></net>

<net id="385"><net_src comp="34" pin="0"/><net_sink comp="382" pin=0"/></net>

<net id="390"><net_src comp="382" pin="1"/><net_sink comp="386" pin=0"/></net>

<net id="391"><net_src comp="14" pin="0"/><net_sink comp="386" pin=1"/></net>

<net id="395"><net_src comp="36" pin="0"/><net_sink comp="392" pin=0"/></net>

<net id="400"><net_src comp="392" pin="1"/><net_sink comp="396" pin=0"/></net>

<net id="401"><net_src comp="34" pin="0"/><net_sink comp="396" pin=1"/></net>

<net id="406"><net_src comp="174" pin="1"/><net_sink comp="402" pin=0"/></net>

<net id="407"><net_src comp="36" pin="0"/><net_sink comp="402" pin=1"/></net>

<net id="411"><net_src comp="38" pin="0"/><net_sink comp="408" pin=0"/></net>

<net id="416"><net_src comp="408" pin="1"/><net_sink comp="412" pin=0"/></net>

<net id="417"><net_src comp="16" pin="0"/><net_sink comp="412" pin=1"/></net>

<net id="422"><net_src comp="178" pin="1"/><net_sink comp="418" pin=0"/></net>

<net id="423"><net_src comp="38" pin="0"/><net_sink comp="418" pin=1"/></net>

<net id="427"><net_src comp="40" pin="0"/><net_sink comp="424" pin=0"/></net>

<net id="432"><net_src comp="424" pin="1"/><net_sink comp="428" pin=0"/></net>

<net id="433"><net_src comp="18" pin="0"/><net_sink comp="428" pin=1"/></net>

<net id="437"><net_src comp="42" pin="0"/><net_sink comp="434" pin=0"/></net>

<net id="442"><net_src comp="434" pin="1"/><net_sink comp="438" pin=0"/></net>

<net id="443"><net_src comp="40" pin="0"/><net_sink comp="438" pin=1"/></net>

<net id="447"><net_src comp="44" pin="0"/><net_sink comp="444" pin=0"/></net>

<net id="452"><net_src comp="444" pin="1"/><net_sink comp="448" pin=0"/></net>

<net id="453"><net_src comp="42" pin="0"/><net_sink comp="448" pin=1"/></net>

<net id="457"><net_src comp="46" pin="0"/><net_sink comp="454" pin=0"/></net>

<net id="462"><net_src comp="454" pin="1"/><net_sink comp="458" pin=0"/></net>

<net id="463"><net_src comp="44" pin="0"/><net_sink comp="458" pin=1"/></net>

<net id="468"><net_src comp="182" pin="1"/><net_sink comp="464" pin=0"/></net>

<net id="469"><net_src comp="46" pin="0"/><net_sink comp="464" pin=1"/></net>

<net id="474"><net_src comp="186" pin="1"/><net_sink comp="470" pin=0"/></net>

<net id="475"><net_src comp="20" pin="0"/><net_sink comp="470" pin=1"/></net>

<net id="480"><net_src comp="190" pin="1"/><net_sink comp="476" pin=0"/></net>

<net id="481"><net_src comp="22" pin="0"/><net_sink comp="476" pin=1"/></net>

<net id="486"><net_src comp="194" pin="1"/><net_sink comp="482" pin=0"/></net>

<net id="487"><net_src comp="24" pin="0"/><net_sink comp="482" pin=1"/></net>

<net id="492"><net_src comp="356" pin="1"/><net_sink comp="488" pin=0"/></net>

<net id="493"><net_src comp="26" pin="0"/><net_sink comp="488" pin=1"/></net>

<net id="498"><net_src comp="158" pin="4"/><net_sink comp="494" pin=0"/></net>

<net id="499"><net_src comp="12" pin="0"/><net_sink comp="494" pin=1"/></net>

<net id="504"><net_src comp="74" pin="0"/><net_sink comp="500" pin=0"/></net>

<net id="505"><net_src comp="12" pin="0"/><net_sink comp="500" pin=1"/></net>

<net id="509"><net_src comp="68" pin="0"/><net_sink comp="506" pin=0"/></net>

<net id="517"><net_src comp="86" pin="0"/><net_sink comp="510" pin=0"/></net>

<net id="518"><net_src comp="88" pin="0"/><net_sink comp="510" pin=1"/></net>

<net id="519"><net_src comp="506" pin="1"/><net_sink comp="510" pin=2"/></net>

<net id="520"><net_src comp="90" pin="0"/><net_sink comp="510" pin=3"/></net>

<net id="521"><net_src comp="92" pin="0"/><net_sink comp="510" pin=4"/></net>

<net id="522"><net_src comp="510" pin="5"/><net_sink comp="144" pin=3"/></net>

<net id="526"><net_src comp="120" pin="2"/><net_sink comp="523" pin=0"/></net>

<net id="530"><net_src comp="166" pin="1"/><net_sink comp="527" pin=0"/></net>

<net id="537"><net_src comp="510" pin="5"/><net_sink comp="534" pin=0"/></net>

<net id="538"><net_src comp="534" pin="1"/><net_sink comp="144" pin=3"/></net>

</net_list>

</model> 
---------------- Datapath Model END ------------------

* FSMD analyzer results:
  - Output states:
	Port: o_data_V_data_V | {3 }
	Port: o_data_V_last_V | {3 }
	Port: currentState | {1 }
	Port: phaseClass0_V_13 | {1 }
	Port: phaseClass0_V_10 | {1 }
	Port: phaseClass0_V_8 | {1 }
	Port: phaseClass0_V_3 | {1 }
	Port: phaseClass0_V_2 | {1 }
	Port: phaseClass0_V_1 | {1 }
	Port: phaseClass0_V_0 | {1 }
	Port: newVal_V | {1 }
	Port: phaseClass0_V_14 | {1 }
	Port: phaseClass0_V_15 | {1 }
	Port: phaseClass0_V_12 | {1 }
	Port: phaseClass0_V_11 | {1 }
	Port: phaseClass0_V_9 | {1 }
	Port: phaseClass0_V_7 | {1 }
	Port: phaseClass0_V_6 | {1 }
	Port: phaseClass0_V_5 | {1 }
	Port: phaseClass0_V_4 | {1 }
	Port: Phase0_V_8 | {1 }
	Port: Phase0_V_9 | {1 }
	Port: Phase0_V_7 | {1 }
	Port: Phase0_V_6 | {1 }
	Port: Phase0_V_5 | {1 }
	Port: Phase0_V_4 | {1 }
	Port: Phase0_V_3 | {1 }
	Port: Phase0_V_2 | {1 }
	Port: Phase0_V_1 | {1 }
	Port: Phase0_V_0 | {1 }
	Port: corHelperI_V | {1 }
 - Input state : 
	Port: correlator : i_data_V_data_V | {1 }
	Port: correlator : i_data_V_last_V | {1 }
	Port: correlator : start_V | {1 }
	Port: correlator : currentState | {1 }
	Port: correlator : phaseClass0_V_13 | {1 }
	Port: correlator : phaseClass0_V_10 | {1 }
	Port: correlator : phaseClass0_V_8 | {1 }
	Port: correlator : phaseClass0_V_3 | {1 }
	Port: correlator : phaseClass0_V_2 | {1 }
	Port: correlator : phaseClass0_V_1 | {1 }
	Port: correlator : phaseClass0_V_0 | {1 }
	Port: correlator : phaseClass0_V_14 | {1 }
	Port: correlator : phaseClass0_V_15 | {1 }
	Port: correlator : phaseClass0_V_12 | {1 }
	Port: correlator : phaseClass0_V_11 | {1 }
	Port: correlator : phaseClass0_V_9 | {1 }
	Port: correlator : phaseClass0_V_7 | {1 }
	Port: correlator : phaseClass0_V_6 | {1 }
	Port: correlator : phaseClass0_V_5 | {1 }
	Port: correlator : phaseClass0_V_4 | {1 }
	Port: correlator : Phase0_V_8 | {1 }
	Port: correlator : Phase0_V_7 | {1 }
	Port: correlator : Phase0_V_6 | {1 }
	Port: correlator : Phase0_V_5 | {1 }
	Port: correlator : Phase0_V_4 | {1 }
	Port: correlator : Phase0_V_3 | {1 }
	Port: correlator : Phase0_V_2 | {1 }
	Port: correlator : Phase0_V_1 | {1 }
	Port: correlator : Phase0_V_0 | {1 }
	Port: correlator : corHelperI_V | {2 }
  - Chain level:
	State 1
		StgValue_13 : 1
		StgValue_16 : 1
		StgValue_18 : 1
		StgValue_20 : 1
		StgValue_22 : 1
		StgValue_24 : 1
		StgValue_26 : 1
		StgValue_28 : 1
		StgValue_30 : 1
		StgValue_32 : 1
		tmp7 : 1
		tmp8 : 1
		tmp6 : 2
		tmp1 : 1
		tmp2 : 1
		tmp9 : 2
		p_Val2_3_4 : 3
		StgValue_40 : 4
		StgValue_41 : 4
		tmp_1 : 1
		StgValue_48 : 2
		StgValue_50 : 1
		StgValue_51 : 1
		StgValue_53 : 1
		StgValue_55 : 1
		StgValue_56 : 1
		StgValue_58 : 1
		StgValue_59 : 1
		StgValue_61 : 1
		StgValue_63 : 1
		StgValue_65 : 1
		StgValue_67 : 1
		StgValue_68 : 1
		StgValue_69 : 1
		StgValue_70 : 1
		StgValue_71 : 1
		StgValue_72 : 2
		storemerge : 1
		StgValue_75 : 2
	State 2
		p_Result_s : 1
		StgValue_80 : 2
	State 3


============================================================
+ Verbose Summary: Datapath Resource usage 
============================================================

* Functional unit list:
|----------|--------------------------|---------|---------|
| Operation|      Functional Unit     |    FF   |   LUT   |
|----------|--------------------------|---------|---------|
|          |        tmp7_fu_292       |    53   |    21   |
|          |        tmp8_fu_298       |    53   |    21   |
|          |        tmp6_fu_304       |    0    |    16   |
|    add   |        tmp1_fu_310       |    0    |    16   |
|          |        tmp2_fu_316       |    53   |    21   |
|          |        tmp9_fu_322       |    0    |    16   |
|          |     p_Val2_3_4_fu_328    |    0    |    16   |
|----------|--------------------------|---------|---------|
|   read   | start_V_read_read_fu_120 |    0    |    0    |
|          |     empty_read_fu_136    |    0    |    0    |
|----------|--------------------------|---------|---------|
| nbreadreq|   tmp_nbreadreq_fu_126   |    0    |    0    |
|----------|--------------------------|---------|---------|
|   write  |     grp_write_fu_144     |    0    |    0    |
|----------|--------------------------|---------|---------|
|extractvalue|    tmp_data_V_2_fu_352   |    0    |    0    |
|----------|--------------------------|---------|---------|
|   trunc  |       tmp_1_fu_356       |    0    |    0    |
|----------|--------------------------|---------|---------|
|  partset |     p_Result_s_fu_510    |    0    |    0    |
|----------|--------------------------|---------|---------|
|   Total  |                          |   159   |   127   |
|----------|--------------------------|---------|---------|

Memories:
N/A

* Register list:
+-------------------------+--------+
|                         |   FF   |
+-------------------------+--------+
|currentState_load_reg_527|    2   |
|    p_Result_s_reg_534   |   32   |
|   start_V_read_reg_523  |    1   |
|    storemerge_reg_155   |    2   |
+-------------------------+--------+
|          Total          |   37   |
+-------------------------+--------+

* Multiplexer (MUX) list: 
|------------------|------|------|------|--------||---------||---------|
|       Comp       |  Pin | Size |  BW  | S x BW ||  Delay  ||   LUT   |
|------------------|------|------|------|--------||---------||---------|
| grp_write_fu_144 |  p3  |   2  |  32  |   64   ||    9    |
|------------------|------|------|------|--------||---------||---------|
|       Total      |      |      |      |   64   ||  1.029  ||    9    |
|------------------|------|------|------|--------||---------||---------|



* Summary:
+-----------+--------+--------+--------+
|           |  Delay |   FF   |   LUT  |
+-----------+--------+--------+--------+
|  Function |    -   |   159  |   127  |
|   Memory  |    -   |    -   |    -   |
|Multiplexer|    1   |    -   |    9   |
|  Register |    -   |   37   |    -   |
+-----------+--------+--------+--------+
|   Total   |    1   |   196  |   136  |
+-----------+--------+--------+--------+
