

================================================================
== Vivado HLS Report for 'shiftSampleIn'
================================================================
* Date:           Sat Apr 20 22:09:37 2019

* Version:        2017.4 (Build 2086221 on Fri Dec 15 21:13:33 MST 2017)
* Project:        matchedRee
* Solution:       solution1
* Product family: kintex7
* Target device:  xc7k160tfbg484-1


================================================================
== Performance Estimates
================================================================
+ Timing (ns): 
    * Summary: 
    +--------+-------+----------+------------+
    |  Clock | Target| Estimated| Uncertainty|
    +--------+-------+----------+------------+
    |ap_clk  |   5.00|      0.00|        0.62|
    +--------+-------+----------+------------+

+ Latency (clock cycles): 
    * Summary: 
    +-----+-----+-----+-----+---------+
    |  Latency  |  Interval | Pipeline|
    | min | max | min | max |   Type  |
    +-----+-----+-----+-----+---------+
    |    0|    0|    0|    0|   none  |
    +-----+-----+-----+-----+---------+

    + Detail: 
        * Instance: 
        N/A

        * Loop: 
        N/A

============================================================
+ Verbose Summary: Synthesis Manager
============================================================
InlineROM: 1
ExposeGlobal: 0
============================================================
+ Verbose Summary: CDFG Model
============================================================
IsTopModel: 0
ResetActiveHigh: 1
IsCombinational: 0
IsDatapathOnly: 0
HasWiredReturn: 1
HasMFsm: 0
HasVarLatency: 0
IsPipeline: 0
IsRtlPipelined: 0
IsInstanceOverlapped: 0
IsDontTouch: 0
HasImplIP: 0
IsGatedGlobalClock: 0


============================================================
+ Verbose Summary: Schedule
============================================================
* Number of FSM states : 1
* Pipeline : 0
* Dataflow Pipeline: 0

* FSM state transitions: 
1 --> 

* FSM state operations: 

 <State 1> : 0.00ns
ST_1 : Operation 2 [1/1] (0.00ns)   --->   "%newValq_V_read = call i16 @_ssdm_op_Read.ap_auto.i16(i16 %newValq_V)"
ST_1 : Operation 3 [1/1] (0.00ns)   --->   "%newVali_V_read = call i16 @_ssdm_op_Read.ap_auto.i16(i16 %newVali_V)"
ST_1 : Operation 4 [1/1] (0.00ns)   --->   "%match_matchBufferI_V = load i16* @match_matchBufferI_V_126, align 4" [matchedRee/matchFilter.cpp:57]
ST_1 : Operation 5 [1/1] (0.00ns)   --->   "store i16 %match_matchBufferI_V, i16* @match_matchBufferI_V_127, align 2" [matchedRee/matchFilter.cpp:57]
ST_1 : Operation 6 [1/1] (0.00ns)   --->   "%match_matchBufferQ_V = load i16* @match_matchBufferQ_V_126, align 4" [matchedRee/matchFilter.cpp:58]
ST_1 : Operation 7 [1/1] (0.00ns)   --->   "store i16 %match_matchBufferQ_V, i16* @match_matchBufferQ_V_127, align 2" [matchedRee/matchFilter.cpp:58]
ST_1 : Operation 8 [1/1] (0.00ns)   --->   "%match_matchBufferI_V_1 = load i16* @match_matchBufferI_V_125, align 2" [matchedRee/matchFilter.cpp:57]
ST_1 : Operation 9 [1/1] (0.00ns)   --->   "store i16 %match_matchBufferI_V_1, i16* @match_matchBufferI_V_126, align 4" [matchedRee/matchFilter.cpp:57]
ST_1 : Operation 10 [1/1] (0.00ns)   --->   "%match_matchBufferQ_V_1 = load i16* @match_matchBufferQ_V_125, align 2" [matchedRee/matchFilter.cpp:58]
ST_1 : Operation 11 [1/1] (0.00ns)   --->   "store i16 %match_matchBufferQ_V_1, i16* @match_matchBufferQ_V_126, align 4" [matchedRee/matchFilter.cpp:58]
ST_1 : Operation 12 [1/1] (0.00ns)   --->   "%match_matchBufferI_V_2 = load i16* @match_matchBufferI_V_124, align 8" [matchedRee/matchFilter.cpp:57]
ST_1 : Operation 13 [1/1] (0.00ns)   --->   "store i16 %match_matchBufferI_V_2, i16* @match_matchBufferI_V_125, align 2" [matchedRee/matchFilter.cpp:57]
ST_1 : Operation 14 [1/1] (0.00ns)   --->   "%match_matchBufferQ_V_2 = load i16* @match_matchBufferQ_V_124, align 8" [matchedRee/matchFilter.cpp:58]
ST_1 : Operation 15 [1/1] (0.00ns)   --->   "store i16 %match_matchBufferQ_V_2, i16* @match_matchBufferQ_V_125, align 2" [matchedRee/matchFilter.cpp:58]
ST_1 : Operation 16 [1/1] (0.00ns)   --->   "%match_matchBufferI_V_3 = load i16* @match_matchBufferI_V_123, align 2" [matchedRee/matchFilter.cpp:57]
ST_1 : Operation 17 [1/1] (0.00ns)   --->   "store i16 %match_matchBufferI_V_3, i16* @match_matchBufferI_V_124, align 8" [matchedRee/matchFilter.cpp:57]
ST_1 : Operation 18 [1/1] (0.00ns)   --->   "%match_matchBufferQ_V_3 = load i16* @match_matchBufferQ_V_123, align 2" [matchedRee/matchFilter.cpp:58]
ST_1 : Operation 19 [1/1] (0.00ns)   --->   "store i16 %match_matchBufferQ_V_3, i16* @match_matchBufferQ_V_124, align 8" [matchedRee/matchFilter.cpp:58]
ST_1 : Operation 20 [1/1] (0.00ns)   --->   "%match_matchBufferI_V_4 = load i16* @match_matchBufferI_V_122, align 4" [matchedRee/matchFilter.cpp:57]
ST_1 : Operation 21 [1/1] (0.00ns)   --->   "store i16 %match_matchBufferI_V_4, i16* @match_matchBufferI_V_123, align 2" [matchedRee/matchFilter.cpp:57]
ST_1 : Operation 22 [1/1] (0.00ns)   --->   "%match_matchBufferQ_V_4 = load i16* @match_matchBufferQ_V_122, align 4" [matchedRee/matchFilter.cpp:58]
ST_1 : Operation 23 [1/1] (0.00ns)   --->   "store i16 %match_matchBufferQ_V_4, i16* @match_matchBufferQ_V_123, align 2" [matchedRee/matchFilter.cpp:58]
ST_1 : Operation 24 [1/1] (0.00ns)   --->   "%match_matchBufferI_V_5 = load i16* @match_matchBufferI_V_121, align 2" [matchedRee/matchFilter.cpp:57]
ST_1 : Operation 25 [1/1] (0.00ns)   --->   "store i16 %match_matchBufferI_V_5, i16* @match_matchBufferI_V_122, align 4" [matchedRee/matchFilter.cpp:57]
ST_1 : Operation 26 [1/1] (0.00ns)   --->   "%match_matchBufferQ_V_5 = load i16* @match_matchBufferQ_V_121, align 2" [matchedRee/matchFilter.cpp:58]
ST_1 : Operation 27 [1/1] (0.00ns)   --->   "store i16 %match_matchBufferQ_V_5, i16* @match_matchBufferQ_V_122, align 4" [matchedRee/matchFilter.cpp:58]
ST_1 : Operation 28 [1/1] (0.00ns)   --->   "%match_matchBufferI_V_6 = load i16* @match_matchBufferI_V_120, align 16" [matchedRee/matchFilter.cpp:57]
ST_1 : Operation 29 [1/1] (0.00ns)   --->   "store i16 %match_matchBufferI_V_6, i16* @match_matchBufferI_V_121, align 2" [matchedRee/matchFilter.cpp:57]
ST_1 : Operation 30 [1/1] (0.00ns)   --->   "%match_matchBufferQ_V_6 = load i16* @match_matchBufferQ_V_120, align 16" [matchedRee/matchFilter.cpp:58]
ST_1 : Operation 31 [1/1] (0.00ns)   --->   "store i16 %match_matchBufferQ_V_6, i16* @match_matchBufferQ_V_121, align 2" [matchedRee/matchFilter.cpp:58]
ST_1 : Operation 32 [1/1] (0.00ns)   --->   "%match_matchBufferI_V_7 = load i16* @match_matchBufferI_V_119, align 2" [matchedRee/matchFilter.cpp:57]
ST_1 : Operation 33 [1/1] (0.00ns)   --->   "store i16 %match_matchBufferI_V_7, i16* @match_matchBufferI_V_120, align 16" [matchedRee/matchFilter.cpp:57]
ST_1 : Operation 34 [1/1] (0.00ns)   --->   "%match_matchBufferQ_V_7 = load i16* @match_matchBufferQ_V_119, align 2" [matchedRee/matchFilter.cpp:58]
ST_1 : Operation 35 [1/1] (0.00ns)   --->   "store i16 %match_matchBufferQ_V_7, i16* @match_matchBufferQ_V_120, align 16" [matchedRee/matchFilter.cpp:58]
ST_1 : Operation 36 [1/1] (0.00ns)   --->   "%match_matchBufferI_V_8 = load i16* @match_matchBufferI_V_118, align 4" [matchedRee/matchFilter.cpp:57]
ST_1 : Operation 37 [1/1] (0.00ns)   --->   "store i16 %match_matchBufferI_V_8, i16* @match_matchBufferI_V_119, align 2" [matchedRee/matchFilter.cpp:57]
ST_1 : Operation 38 [1/1] (0.00ns)   --->   "%match_matchBufferQ_V_8 = load i16* @match_matchBufferQ_V_118, align 4" [matchedRee/matchFilter.cpp:58]
ST_1 : Operation 39 [1/1] (0.00ns)   --->   "store i16 %match_matchBufferQ_V_8, i16* @match_matchBufferQ_V_119, align 2" [matchedRee/matchFilter.cpp:58]
ST_1 : Operation 40 [1/1] (0.00ns)   --->   "%match_matchBufferI_V_9 = load i16* @match_matchBufferI_V_117, align 2" [matchedRee/matchFilter.cpp:57]
ST_1 : Operation 41 [1/1] (0.00ns)   --->   "store i16 %match_matchBufferI_V_9, i16* @match_matchBufferI_V_118, align 4" [matchedRee/matchFilter.cpp:57]
ST_1 : Operation 42 [1/1] (0.00ns)   --->   "%match_matchBufferQ_V_9 = load i16* @match_matchBufferQ_V_117, align 2" [matchedRee/matchFilter.cpp:58]
ST_1 : Operation 43 [1/1] (0.00ns)   --->   "store i16 %match_matchBufferQ_V_9, i16* @match_matchBufferQ_V_118, align 4" [matchedRee/matchFilter.cpp:58]
ST_1 : Operation 44 [1/1] (0.00ns)   --->   "%match_matchBufferI_V_10 = load i16* @match_matchBufferI_V_116, align 8" [matchedRee/matchFilter.cpp:57]
ST_1 : Operation 45 [1/1] (0.00ns)   --->   "store i16 %match_matchBufferI_V_10, i16* @match_matchBufferI_V_117, align 2" [matchedRee/matchFilter.cpp:57]
ST_1 : Operation 46 [1/1] (0.00ns)   --->   "%match_matchBufferQ_V_10 = load i16* @match_matchBufferQ_V_116, align 8" [matchedRee/matchFilter.cpp:58]
ST_1 : Operation 47 [1/1] (0.00ns)   --->   "store i16 %match_matchBufferQ_V_10, i16* @match_matchBufferQ_V_117, align 2" [matchedRee/matchFilter.cpp:58]
ST_1 : Operation 48 [1/1] (0.00ns)   --->   "%match_matchBufferI_V_11 = load i16* @match_matchBufferI_V_115, align 2" [matchedRee/matchFilter.cpp:57]
ST_1 : Operation 49 [1/1] (0.00ns)   --->   "store i16 %match_matchBufferI_V_11, i16* @match_matchBufferI_V_116, align 8" [matchedRee/matchFilter.cpp:57]
ST_1 : Operation 50 [1/1] (0.00ns)   --->   "%match_matchBufferQ_V_11 = load i16* @match_matchBufferQ_V_115, align 2" [matchedRee/matchFilter.cpp:58]
ST_1 : Operation 51 [1/1] (0.00ns)   --->   "store i16 %match_matchBufferQ_V_11, i16* @match_matchBufferQ_V_116, align 8" [matchedRee/matchFilter.cpp:58]
ST_1 : Operation 52 [1/1] (0.00ns)   --->   "%match_matchBufferI_V_12 = load i16* @match_matchBufferI_V_114, align 4" [matchedRee/matchFilter.cpp:57]
ST_1 : Operation 53 [1/1] (0.00ns)   --->   "store i16 %match_matchBufferI_V_12, i16* @match_matchBufferI_V_115, align 2" [matchedRee/matchFilter.cpp:57]
ST_1 : Operation 54 [1/1] (0.00ns)   --->   "%match_matchBufferQ_V_12 = load i16* @match_matchBufferQ_V_114, align 4" [matchedRee/matchFilter.cpp:58]
ST_1 : Operation 55 [1/1] (0.00ns)   --->   "store i16 %match_matchBufferQ_V_12, i16* @match_matchBufferQ_V_115, align 2" [matchedRee/matchFilter.cpp:58]
ST_1 : Operation 56 [1/1] (0.00ns)   --->   "%match_matchBufferI_V_13 = load i16* @match_matchBufferI_V_113, align 2" [matchedRee/matchFilter.cpp:57]
ST_1 : Operation 57 [1/1] (0.00ns)   --->   "store i16 %match_matchBufferI_V_13, i16* @match_matchBufferI_V_114, align 4" [matchedRee/matchFilter.cpp:57]
ST_1 : Operation 58 [1/1] (0.00ns)   --->   "%match_matchBufferQ_V_13 = load i16* @match_matchBufferQ_V_113, align 2" [matchedRee/matchFilter.cpp:58]
ST_1 : Operation 59 [1/1] (0.00ns)   --->   "store i16 %match_matchBufferQ_V_13, i16* @match_matchBufferQ_V_114, align 4" [matchedRee/matchFilter.cpp:58]
ST_1 : Operation 60 [1/1] (0.00ns)   --->   "%match_matchBufferI_V_14 = load i16* @match_matchBufferI_V_112, align 16" [matchedRee/matchFilter.cpp:57]
ST_1 : Operation 61 [1/1] (0.00ns)   --->   "store i16 %match_matchBufferI_V_14, i16* @match_matchBufferI_V_113, align 2" [matchedRee/matchFilter.cpp:57]
ST_1 : Operation 62 [1/1] (0.00ns)   --->   "%match_matchBufferQ_V_14 = load i16* @match_matchBufferQ_V_112, align 16" [matchedRee/matchFilter.cpp:58]
ST_1 : Operation 63 [1/1] (0.00ns)   --->   "store i16 %match_matchBufferQ_V_14, i16* @match_matchBufferQ_V_113, align 2" [matchedRee/matchFilter.cpp:58]
ST_1 : Operation 64 [1/1] (0.00ns)   --->   "%match_matchBufferI_V_15 = load i16* @match_matchBufferI_V_111, align 2" [matchedRee/matchFilter.cpp:57]
ST_1 : Operation 65 [1/1] (0.00ns)   --->   "store i16 %match_matchBufferI_V_15, i16* @match_matchBufferI_V_112, align 16" [matchedRee/matchFilter.cpp:57]
ST_1 : Operation 66 [1/1] (0.00ns)   --->   "%match_matchBufferQ_V_15 = load i16* @match_matchBufferQ_V_111, align 2" [matchedRee/matchFilter.cpp:58]
ST_1 : Operation 67 [1/1] (0.00ns)   --->   "store i16 %match_matchBufferQ_V_15, i16* @match_matchBufferQ_V_112, align 16" [matchedRee/matchFilter.cpp:58]
ST_1 : Operation 68 [1/1] (0.00ns)   --->   "%match_matchBufferI_V_16 = load i16* @match_matchBufferI_V_110, align 4" [matchedRee/matchFilter.cpp:57]
ST_1 : Operation 69 [1/1] (0.00ns)   --->   "store i16 %match_matchBufferI_V_16, i16* @match_matchBufferI_V_111, align 2" [matchedRee/matchFilter.cpp:57]
ST_1 : Operation 70 [1/1] (0.00ns)   --->   "%match_matchBufferQ_V_16 = load i16* @match_matchBufferQ_V_110, align 4" [matchedRee/matchFilter.cpp:58]
ST_1 : Operation 71 [1/1] (0.00ns)   --->   "store i16 %match_matchBufferQ_V_16, i16* @match_matchBufferQ_V_111, align 2" [matchedRee/matchFilter.cpp:58]
ST_1 : Operation 72 [1/1] (0.00ns)   --->   "%match_matchBufferI_V_17 = load i16* @match_matchBufferI_V_109, align 2" [matchedRee/matchFilter.cpp:57]
ST_1 : Operation 73 [1/1] (0.00ns)   --->   "store i16 %match_matchBufferI_V_17, i16* @match_matchBufferI_V_110, align 4" [matchedRee/matchFilter.cpp:57]
ST_1 : Operation 74 [1/1] (0.00ns)   --->   "%match_matchBufferQ_V_17 = load i16* @match_matchBufferQ_V_109, align 2" [matchedRee/matchFilter.cpp:58]
ST_1 : Operation 75 [1/1] (0.00ns)   --->   "store i16 %match_matchBufferQ_V_17, i16* @match_matchBufferQ_V_110, align 4" [matchedRee/matchFilter.cpp:58]
ST_1 : Operation 76 [1/1] (0.00ns)   --->   "%match_matchBufferI_V_18 = load i16* @match_matchBufferI_V_108, align 8" [matchedRee/matchFilter.cpp:57]
ST_1 : Operation 77 [1/1] (0.00ns)   --->   "store i16 %match_matchBufferI_V_18, i16* @match_matchBufferI_V_109, align 2" [matchedRee/matchFilter.cpp:57]
ST_1 : Operation 78 [1/1] (0.00ns)   --->   "%match_matchBufferQ_V_18 = load i16* @match_matchBufferQ_V_108, align 8" [matchedRee/matchFilter.cpp:58]
ST_1 : Operation 79 [1/1] (0.00ns)   --->   "store i16 %match_matchBufferQ_V_18, i16* @match_matchBufferQ_V_109, align 2" [matchedRee/matchFilter.cpp:58]
ST_1 : Operation 80 [1/1] (0.00ns)   --->   "%match_matchBufferI_V_19 = load i16* @match_matchBufferI_V_107, align 2" [matchedRee/matchFilter.cpp:57]
ST_1 : Operation 81 [1/1] (0.00ns)   --->   "store i16 %match_matchBufferI_V_19, i16* @match_matchBufferI_V_108, align 8" [matchedRee/matchFilter.cpp:57]
ST_1 : Operation 82 [1/1] (0.00ns)   --->   "%match_matchBufferQ_V_19 = load i16* @match_matchBufferQ_V_107, align 2" [matchedRee/matchFilter.cpp:58]
ST_1 : Operation 83 [1/1] (0.00ns)   --->   "store i16 %match_matchBufferQ_V_19, i16* @match_matchBufferQ_V_108, align 8" [matchedRee/matchFilter.cpp:58]
ST_1 : Operation 84 [1/1] (0.00ns)   --->   "%match_matchBufferI_V_20 = load i16* @match_matchBufferI_V_106, align 4" [matchedRee/matchFilter.cpp:57]
ST_1 : Operation 85 [1/1] (0.00ns)   --->   "store i16 %match_matchBufferI_V_20, i16* @match_matchBufferI_V_107, align 2" [matchedRee/matchFilter.cpp:57]
ST_1 : Operation 86 [1/1] (0.00ns)   --->   "%match_matchBufferQ_V_20 = load i16* @match_matchBufferQ_V_106, align 4" [matchedRee/matchFilter.cpp:58]
ST_1 : Operation 87 [1/1] (0.00ns)   --->   "store i16 %match_matchBufferQ_V_20, i16* @match_matchBufferQ_V_107, align 2" [matchedRee/matchFilter.cpp:58]
ST_1 : Operation 88 [1/1] (0.00ns)   --->   "%match_matchBufferI_V_21 = load i16* @match_matchBufferI_V_105, align 2" [matchedRee/matchFilter.cpp:57]
ST_1 : Operation 89 [1/1] (0.00ns)   --->   "store i16 %match_matchBufferI_V_21, i16* @match_matchBufferI_V_106, align 4" [matchedRee/matchFilter.cpp:57]
ST_1 : Operation 90 [1/1] (0.00ns)   --->   "%match_matchBufferQ_V_21 = load i16* @match_matchBufferQ_V_105, align 2" [matchedRee/matchFilter.cpp:58]
ST_1 : Operation 91 [1/1] (0.00ns)   --->   "store i16 %match_matchBufferQ_V_21, i16* @match_matchBufferQ_V_106, align 4" [matchedRee/matchFilter.cpp:58]
ST_1 : Operation 92 [1/1] (0.00ns)   --->   "%match_matchBufferI_V_22 = load i16* @match_matchBufferI_V_104, align 16" [matchedRee/matchFilter.cpp:57]
ST_1 : Operation 93 [1/1] (0.00ns)   --->   "store i16 %match_matchBufferI_V_22, i16* @match_matchBufferI_V_105, align 2" [matchedRee/matchFilter.cpp:57]
ST_1 : Operation 94 [1/1] (0.00ns)   --->   "%match_matchBufferQ_V_22 = load i16* @match_matchBufferQ_V_104, align 16" [matchedRee/matchFilter.cpp:58]
ST_1 : Operation 95 [1/1] (0.00ns)   --->   "store i16 %match_matchBufferQ_V_22, i16* @match_matchBufferQ_V_105, align 2" [matchedRee/matchFilter.cpp:58]
ST_1 : Operation 96 [1/1] (0.00ns)   --->   "%match_matchBufferI_V_23 = load i16* @match_matchBufferI_V_103, align 2" [matchedRee/matchFilter.cpp:57]
ST_1 : Operation 97 [1/1] (0.00ns)   --->   "store i16 %match_matchBufferI_V_23, i16* @match_matchBufferI_V_104, align 16" [matchedRee/matchFilter.cpp:57]
ST_1 : Operation 98 [1/1] (0.00ns)   --->   "%match_matchBufferQ_V_23 = load i16* @match_matchBufferQ_V_103, align 2" [matchedRee/matchFilter.cpp:58]
ST_1 : Operation 99 [1/1] (0.00ns)   --->   "store i16 %match_matchBufferQ_V_23, i16* @match_matchBufferQ_V_104, align 16" [matchedRee/matchFilter.cpp:58]
ST_1 : Operation 100 [1/1] (0.00ns)   --->   "%match_matchBufferI_V_24 = load i16* @match_matchBufferI_V_102, align 4" [matchedRee/matchFilter.cpp:57]
ST_1 : Operation 101 [1/1] (0.00ns)   --->   "store i16 %match_matchBufferI_V_24, i16* @match_matchBufferI_V_103, align 2" [matchedRee/matchFilter.cpp:57]
ST_1 : Operation 102 [1/1] (0.00ns)   --->   "%match_matchBufferQ_V_24 = load i16* @match_matchBufferQ_V_102, align 4" [matchedRee/matchFilter.cpp:58]
ST_1 : Operation 103 [1/1] (0.00ns)   --->   "store i16 %match_matchBufferQ_V_24, i16* @match_matchBufferQ_V_103, align 2" [matchedRee/matchFilter.cpp:58]
ST_1 : Operation 104 [1/1] (0.00ns)   --->   "%match_matchBufferI_V_25 = load i16* @match_matchBufferI_V_101, align 2" [matchedRee/matchFilter.cpp:57]
ST_1 : Operation 105 [1/1] (0.00ns)   --->   "store i16 %match_matchBufferI_V_25, i16* @match_matchBufferI_V_102, align 4" [matchedRee/matchFilter.cpp:57]
ST_1 : Operation 106 [1/1] (0.00ns)   --->   "%match_matchBufferQ_V_25 = load i16* @match_matchBufferQ_V_101, align 2" [matchedRee/matchFilter.cpp:58]
ST_1 : Operation 107 [1/1] (0.00ns)   --->   "store i16 %match_matchBufferQ_V_25, i16* @match_matchBufferQ_V_102, align 4" [matchedRee/matchFilter.cpp:58]
ST_1 : Operation 108 [1/1] (0.00ns)   --->   "%match_matchBufferI_V_26 = load i16* @match_matchBufferI_V_100, align 8" [matchedRee/matchFilter.cpp:57]
ST_1 : Operation 109 [1/1] (0.00ns)   --->   "store i16 %match_matchBufferI_V_26, i16* @match_matchBufferI_V_101, align 2" [matchedRee/matchFilter.cpp:57]
ST_1 : Operation 110 [1/1] (0.00ns)   --->   "%match_matchBufferQ_V_26 = load i16* @match_matchBufferQ_V_100, align 8" [matchedRee/matchFilter.cpp:58]
ST_1 : Operation 111 [1/1] (0.00ns)   --->   "store i16 %match_matchBufferQ_V_26, i16* @match_matchBufferQ_V_101, align 2" [matchedRee/matchFilter.cpp:58]
ST_1 : Operation 112 [1/1] (0.00ns)   --->   "%match_matchBufferI_V_27 = load i16* @match_matchBufferI_V_99, align 2" [matchedRee/matchFilter.cpp:57]
ST_1 : Operation 113 [1/1] (0.00ns)   --->   "store i16 %match_matchBufferI_V_27, i16* @match_matchBufferI_V_100, align 8" [matchedRee/matchFilter.cpp:57]
ST_1 : Operation 114 [1/1] (0.00ns)   --->   "%match_matchBufferQ_V_27 = load i16* @match_matchBufferQ_V_99, align 2" [matchedRee/matchFilter.cpp:58]
ST_1 : Operation 115 [1/1] (0.00ns)   --->   "store i16 %match_matchBufferQ_V_27, i16* @match_matchBufferQ_V_100, align 8" [matchedRee/matchFilter.cpp:58]
ST_1 : Operation 116 [1/1] (0.00ns)   --->   "%match_matchBufferI_V_28 = load i16* @match_matchBufferI_V_98, align 4" [matchedRee/matchFilter.cpp:57]
ST_1 : Operation 117 [1/1] (0.00ns)   --->   "store i16 %match_matchBufferI_V_28, i16* @match_matchBufferI_V_99, align 2" [matchedRee/matchFilter.cpp:57]
ST_1 : Operation 118 [1/1] (0.00ns)   --->   "%match_matchBufferQ_V_28 = load i16* @match_matchBufferQ_V_98, align 4" [matchedRee/matchFilter.cpp:58]
ST_1 : Operation 119 [1/1] (0.00ns)   --->   "store i16 %match_matchBufferQ_V_28, i16* @match_matchBufferQ_V_99, align 2" [matchedRee/matchFilter.cpp:58]
ST_1 : Operation 120 [1/1] (0.00ns)   --->   "%match_matchBufferI_V_29 = load i16* @match_matchBufferI_V_97, align 2" [matchedRee/matchFilter.cpp:57]
ST_1 : Operation 121 [1/1] (0.00ns)   --->   "store i16 %match_matchBufferI_V_29, i16* @match_matchBufferI_V_98, align 4" [matchedRee/matchFilter.cpp:57]
ST_1 : Operation 122 [1/1] (0.00ns)   --->   "%match_matchBufferQ_V_29 = load i16* @match_matchBufferQ_V_97, align 2" [matchedRee/matchFilter.cpp:58]
ST_1 : Operation 123 [1/1] (0.00ns)   --->   "store i16 %match_matchBufferQ_V_29, i16* @match_matchBufferQ_V_98, align 4" [matchedRee/matchFilter.cpp:58]
ST_1 : Operation 124 [1/1] (0.00ns)   --->   "%match_matchBufferI_V_30 = load i16* @match_matchBufferI_V_96, align 16" [matchedRee/matchFilter.cpp:57]
ST_1 : Operation 125 [1/1] (0.00ns)   --->   "store i16 %match_matchBufferI_V_30, i16* @match_matchBufferI_V_97, align 2" [matchedRee/matchFilter.cpp:57]
ST_1 : Operation 126 [1/1] (0.00ns)   --->   "%match_matchBufferQ_V_30 = load i16* @match_matchBufferQ_V_96, align 16" [matchedRee/matchFilter.cpp:58]
ST_1 : Operation 127 [1/1] (0.00ns)   --->   "store i16 %match_matchBufferQ_V_30, i16* @match_matchBufferQ_V_97, align 2" [matchedRee/matchFilter.cpp:58]
ST_1 : Operation 128 [1/1] (0.00ns)   --->   "%match_matchBufferI_V_31 = load i16* @match_matchBufferI_V_95, align 2" [matchedRee/matchFilter.cpp:57]
ST_1 : Operation 129 [1/1] (0.00ns)   --->   "store i16 %match_matchBufferI_V_31, i16* @match_matchBufferI_V_96, align 16" [matchedRee/matchFilter.cpp:57]
ST_1 : Operation 130 [1/1] (0.00ns)   --->   "%match_matchBufferQ_V_31 = load i16* @match_matchBufferQ_V_95, align 2" [matchedRee/matchFilter.cpp:58]
ST_1 : Operation 131 [1/1] (0.00ns)   --->   "store i16 %match_matchBufferQ_V_31, i16* @match_matchBufferQ_V_96, align 16" [matchedRee/matchFilter.cpp:58]
ST_1 : Operation 132 [1/1] (0.00ns)   --->   "%match_matchBufferI_V_32 = load i16* @match_matchBufferI_V_94, align 4" [matchedRee/matchFilter.cpp:57]
ST_1 : Operation 133 [1/1] (0.00ns)   --->   "store i16 %match_matchBufferI_V_32, i16* @match_matchBufferI_V_95, align 2" [matchedRee/matchFilter.cpp:57]
ST_1 : Operation 134 [1/1] (0.00ns)   --->   "%match_matchBufferQ_V_32 = load i16* @match_matchBufferQ_V_94, align 4" [matchedRee/matchFilter.cpp:58]
ST_1 : Operation 135 [1/1] (0.00ns)   --->   "store i16 %match_matchBufferQ_V_32, i16* @match_matchBufferQ_V_95, align 2" [matchedRee/matchFilter.cpp:58]
ST_1 : Operation 136 [1/1] (0.00ns)   --->   "%match_matchBufferI_V_33 = load i16* @match_matchBufferI_V_93, align 2" [matchedRee/matchFilter.cpp:57]
ST_1 : Operation 137 [1/1] (0.00ns)   --->   "store i16 %match_matchBufferI_V_33, i16* @match_matchBufferI_V_94, align 4" [matchedRee/matchFilter.cpp:57]
ST_1 : Operation 138 [1/1] (0.00ns)   --->   "%match_matchBufferQ_V_33 = load i16* @match_matchBufferQ_V_93, align 2" [matchedRee/matchFilter.cpp:58]
ST_1 : Operation 139 [1/1] (0.00ns)   --->   "store i16 %match_matchBufferQ_V_33, i16* @match_matchBufferQ_V_94, align 4" [matchedRee/matchFilter.cpp:58]
ST_1 : Operation 140 [1/1] (0.00ns)   --->   "%match_matchBufferI_V_34 = load i16* @match_matchBufferI_V_92, align 8" [matchedRee/matchFilter.cpp:57]
ST_1 : Operation 141 [1/1] (0.00ns)   --->   "store i16 %match_matchBufferI_V_34, i16* @match_matchBufferI_V_93, align 2" [matchedRee/matchFilter.cpp:57]
ST_1 : Operation 142 [1/1] (0.00ns)   --->   "%match_matchBufferQ_V_34 = load i16* @match_matchBufferQ_V_92, align 8" [matchedRee/matchFilter.cpp:58]
ST_1 : Operation 143 [1/1] (0.00ns)   --->   "store i16 %match_matchBufferQ_V_34, i16* @match_matchBufferQ_V_93, align 2" [matchedRee/matchFilter.cpp:58]
ST_1 : Operation 144 [1/1] (0.00ns)   --->   "%match_matchBufferI_V_35 = load i16* @match_matchBufferI_V_91, align 2" [matchedRee/matchFilter.cpp:57]
ST_1 : Operation 145 [1/1] (0.00ns)   --->   "store i16 %match_matchBufferI_V_35, i16* @match_matchBufferI_V_92, align 8" [matchedRee/matchFilter.cpp:57]
ST_1 : Operation 146 [1/1] (0.00ns)   --->   "%match_matchBufferQ_V_35 = load i16* @match_matchBufferQ_V_91, align 2" [matchedRee/matchFilter.cpp:58]
ST_1 : Operation 147 [1/1] (0.00ns)   --->   "store i16 %match_matchBufferQ_V_35, i16* @match_matchBufferQ_V_92, align 8" [matchedRee/matchFilter.cpp:58]
ST_1 : Operation 148 [1/1] (0.00ns)   --->   "%match_matchBufferI_V_36 = load i16* @match_matchBufferI_V_90, align 4" [matchedRee/matchFilter.cpp:57]
ST_1 : Operation 149 [1/1] (0.00ns)   --->   "store i16 %match_matchBufferI_V_36, i16* @match_matchBufferI_V_91, align 2" [matchedRee/matchFilter.cpp:57]
ST_1 : Operation 150 [1/1] (0.00ns)   --->   "%match_matchBufferQ_V_36 = load i16* @match_matchBufferQ_V_90, align 4" [matchedRee/matchFilter.cpp:58]
ST_1 : Operation 151 [1/1] (0.00ns)   --->   "store i16 %match_matchBufferQ_V_36, i16* @match_matchBufferQ_V_91, align 2" [matchedRee/matchFilter.cpp:58]
ST_1 : Operation 152 [1/1] (0.00ns)   --->   "%match_matchBufferI_V_37 = load i16* @match_matchBufferI_V_89, align 2" [matchedRee/matchFilter.cpp:57]
ST_1 : Operation 153 [1/1] (0.00ns)   --->   "store i16 %match_matchBufferI_V_37, i16* @match_matchBufferI_V_90, align 4" [matchedRee/matchFilter.cpp:57]
ST_1 : Operation 154 [1/1] (0.00ns)   --->   "%match_matchBufferQ_V_37 = load i16* @match_matchBufferQ_V_89, align 2" [matchedRee/matchFilter.cpp:58]
ST_1 : Operation 155 [1/1] (0.00ns)   --->   "store i16 %match_matchBufferQ_V_37, i16* @match_matchBufferQ_V_90, align 4" [matchedRee/matchFilter.cpp:58]
ST_1 : Operation 156 [1/1] (0.00ns)   --->   "%match_matchBufferI_V_38 = load i16* @match_matchBufferI_V_88, align 16" [matchedRee/matchFilter.cpp:57]
ST_1 : Operation 157 [1/1] (0.00ns)   --->   "store i16 %match_matchBufferI_V_38, i16* @match_matchBufferI_V_89, align 2" [matchedRee/matchFilter.cpp:57]
ST_1 : Operation 158 [1/1] (0.00ns)   --->   "%match_matchBufferQ_V_38 = load i16* @match_matchBufferQ_V_88, align 16" [matchedRee/matchFilter.cpp:58]
ST_1 : Operation 159 [1/1] (0.00ns)   --->   "store i16 %match_matchBufferQ_V_38, i16* @match_matchBufferQ_V_89, align 2" [matchedRee/matchFilter.cpp:58]
ST_1 : Operation 160 [1/1] (0.00ns)   --->   "%match_matchBufferI_V_39 = load i16* @match_matchBufferI_V_87, align 2" [matchedRee/matchFilter.cpp:57]
ST_1 : Operation 161 [1/1] (0.00ns)   --->   "store i16 %match_matchBufferI_V_39, i16* @match_matchBufferI_V_88, align 16" [matchedRee/matchFilter.cpp:57]
ST_1 : Operation 162 [1/1] (0.00ns)   --->   "%match_matchBufferQ_V_39 = load i16* @match_matchBufferQ_V_87, align 2" [matchedRee/matchFilter.cpp:58]
ST_1 : Operation 163 [1/1] (0.00ns)   --->   "store i16 %match_matchBufferQ_V_39, i16* @match_matchBufferQ_V_88, align 16" [matchedRee/matchFilter.cpp:58]
ST_1 : Operation 164 [1/1] (0.00ns)   --->   "%match_matchBufferI_V_40 = load i16* @match_matchBufferI_V_86, align 4" [matchedRee/matchFilter.cpp:57]
ST_1 : Operation 165 [1/1] (0.00ns)   --->   "store i16 %match_matchBufferI_V_40, i16* @match_matchBufferI_V_87, align 2" [matchedRee/matchFilter.cpp:57]
ST_1 : Operation 166 [1/1] (0.00ns)   --->   "%match_matchBufferQ_V_40 = load i16* @match_matchBufferQ_V_86, align 4" [matchedRee/matchFilter.cpp:58]
ST_1 : Operation 167 [1/1] (0.00ns)   --->   "store i16 %match_matchBufferQ_V_40, i16* @match_matchBufferQ_V_87, align 2" [matchedRee/matchFilter.cpp:58]
ST_1 : Operation 168 [1/1] (0.00ns)   --->   "%match_matchBufferI_V_41 = load i16* @match_matchBufferI_V_85, align 2" [matchedRee/matchFilter.cpp:57]
ST_1 : Operation 169 [1/1] (0.00ns)   --->   "store i16 %match_matchBufferI_V_41, i16* @match_matchBufferI_V_86, align 4" [matchedRee/matchFilter.cpp:57]
ST_1 : Operation 170 [1/1] (0.00ns)   --->   "%match_matchBufferQ_V_41 = load i16* @match_matchBufferQ_V_85, align 2" [matchedRee/matchFilter.cpp:58]
ST_1 : Operation 171 [1/1] (0.00ns)   --->   "store i16 %match_matchBufferQ_V_41, i16* @match_matchBufferQ_V_86, align 4" [matchedRee/matchFilter.cpp:58]
ST_1 : Operation 172 [1/1] (0.00ns)   --->   "%match_matchBufferI_V_42 = load i16* @match_matchBufferI_V_84, align 8" [matchedRee/matchFilter.cpp:57]
ST_1 : Operation 173 [1/1] (0.00ns)   --->   "store i16 %match_matchBufferI_V_42, i16* @match_matchBufferI_V_85, align 2" [matchedRee/matchFilter.cpp:57]
ST_1 : Operation 174 [1/1] (0.00ns)   --->   "%match_matchBufferQ_V_42 = load i16* @match_matchBufferQ_V_84, align 8" [matchedRee/matchFilter.cpp:58]
ST_1 : Operation 175 [1/1] (0.00ns)   --->   "store i16 %match_matchBufferQ_V_42, i16* @match_matchBufferQ_V_85, align 2" [matchedRee/matchFilter.cpp:58]
ST_1 : Operation 176 [1/1] (0.00ns)   --->   "%match_matchBufferI_V_43 = load i16* @match_matchBufferI_V_83, align 2" [matchedRee/matchFilter.cpp:57]
ST_1 : Operation 177 [1/1] (0.00ns)   --->   "store i16 %match_matchBufferI_V_43, i16* @match_matchBufferI_V_84, align 8" [matchedRee/matchFilter.cpp:57]
ST_1 : Operation 178 [1/1] (0.00ns)   --->   "%match_matchBufferQ_V_43 = load i16* @match_matchBufferQ_V_83, align 2" [matchedRee/matchFilter.cpp:58]
ST_1 : Operation 179 [1/1] (0.00ns)   --->   "store i16 %match_matchBufferQ_V_43, i16* @match_matchBufferQ_V_84, align 8" [matchedRee/matchFilter.cpp:58]
ST_1 : Operation 180 [1/1] (0.00ns)   --->   "%match_matchBufferI_V_44 = load i16* @match_matchBufferI_V_82, align 4" [matchedRee/matchFilter.cpp:57]
ST_1 : Operation 181 [1/1] (0.00ns)   --->   "store i16 %match_matchBufferI_V_44, i16* @match_matchBufferI_V_83, align 2" [matchedRee/matchFilter.cpp:57]
ST_1 : Operation 182 [1/1] (0.00ns)   --->   "%match_matchBufferQ_V_44 = load i16* @match_matchBufferQ_V_82, align 4" [matchedRee/matchFilter.cpp:58]
ST_1 : Operation 183 [1/1] (0.00ns)   --->   "store i16 %match_matchBufferQ_V_44, i16* @match_matchBufferQ_V_83, align 2" [matchedRee/matchFilter.cpp:58]
ST_1 : Operation 184 [1/1] (0.00ns)   --->   "%match_matchBufferI_V_45 = load i16* @match_matchBufferI_V_81, align 2" [matchedRee/matchFilter.cpp:57]
ST_1 : Operation 185 [1/1] (0.00ns)   --->   "store i16 %match_matchBufferI_V_45, i16* @match_matchBufferI_V_82, align 4" [matchedRee/matchFilter.cpp:57]
ST_1 : Operation 186 [1/1] (0.00ns)   --->   "%match_matchBufferQ_V_45 = load i16* @match_matchBufferQ_V_81, align 2" [matchedRee/matchFilter.cpp:58]
ST_1 : Operation 187 [1/1] (0.00ns)   --->   "store i16 %match_matchBufferQ_V_45, i16* @match_matchBufferQ_V_82, align 4" [matchedRee/matchFilter.cpp:58]
ST_1 : Operation 188 [1/1] (0.00ns)   --->   "%match_matchBufferI_V_46 = load i16* @match_matchBufferI_V_80, align 16" [matchedRee/matchFilter.cpp:57]
ST_1 : Operation 189 [1/1] (0.00ns)   --->   "store i16 %match_matchBufferI_V_46, i16* @match_matchBufferI_V_81, align 2" [matchedRee/matchFilter.cpp:57]
ST_1 : Operation 190 [1/1] (0.00ns)   --->   "%match_matchBufferQ_V_46 = load i16* @match_matchBufferQ_V_80, align 16" [matchedRee/matchFilter.cpp:58]
ST_1 : Operation 191 [1/1] (0.00ns)   --->   "store i16 %match_matchBufferQ_V_46, i16* @match_matchBufferQ_V_81, align 2" [matchedRee/matchFilter.cpp:58]
ST_1 : Operation 192 [1/1] (0.00ns)   --->   "%match_matchBufferI_V_47 = load i16* @match_matchBufferI_V_79, align 2" [matchedRee/matchFilter.cpp:57]
ST_1 : Operation 193 [1/1] (0.00ns)   --->   "store i16 %match_matchBufferI_V_47, i16* @match_matchBufferI_V_80, align 16" [matchedRee/matchFilter.cpp:57]
ST_1 : Operation 194 [1/1] (0.00ns)   --->   "%match_matchBufferQ_V_47 = load i16* @match_matchBufferQ_V_79, align 2" [matchedRee/matchFilter.cpp:58]
ST_1 : Operation 195 [1/1] (0.00ns)   --->   "store i16 %match_matchBufferQ_V_47, i16* @match_matchBufferQ_V_80, align 16" [matchedRee/matchFilter.cpp:58]
ST_1 : Operation 196 [1/1] (0.00ns)   --->   "%match_matchBufferI_V_48 = load i16* @match_matchBufferI_V_78, align 4" [matchedRee/matchFilter.cpp:57]
ST_1 : Operation 197 [1/1] (0.00ns)   --->   "store i16 %match_matchBufferI_V_48, i16* @match_matchBufferI_V_79, align 2" [matchedRee/matchFilter.cpp:57]
ST_1 : Operation 198 [1/1] (0.00ns)   --->   "%match_matchBufferQ_V_48 = load i16* @match_matchBufferQ_V_78, align 4" [matchedRee/matchFilter.cpp:58]
ST_1 : Operation 199 [1/1] (0.00ns)   --->   "store i16 %match_matchBufferQ_V_48, i16* @match_matchBufferQ_V_79, align 2" [matchedRee/matchFilter.cpp:58]
ST_1 : Operation 200 [1/1] (0.00ns)   --->   "%match_matchBufferI_V_49 = load i16* @match_matchBufferI_V_77, align 2" [matchedRee/matchFilter.cpp:57]
ST_1 : Operation 201 [1/1] (0.00ns)   --->   "store i16 %match_matchBufferI_V_49, i16* @match_matchBufferI_V_78, align 4" [matchedRee/matchFilter.cpp:57]
ST_1 : Operation 202 [1/1] (0.00ns)   --->   "%match_matchBufferQ_V_49 = load i16* @match_matchBufferQ_V_77, align 2" [matchedRee/matchFilter.cpp:58]
ST_1 : Operation 203 [1/1] (0.00ns)   --->   "store i16 %match_matchBufferQ_V_49, i16* @match_matchBufferQ_V_78, align 4" [matchedRee/matchFilter.cpp:58]
ST_1 : Operation 204 [1/1] (0.00ns)   --->   "%match_matchBufferI_V_50 = load i16* @match_matchBufferI_V_76, align 8" [matchedRee/matchFilter.cpp:57]
ST_1 : Operation 205 [1/1] (0.00ns)   --->   "store i16 %match_matchBufferI_V_50, i16* @match_matchBufferI_V_77, align 2" [matchedRee/matchFilter.cpp:57]
ST_1 : Operation 206 [1/1] (0.00ns)   --->   "%match_matchBufferQ_V_50 = load i16* @match_matchBufferQ_V_76, align 8" [matchedRee/matchFilter.cpp:58]
ST_1 : Operation 207 [1/1] (0.00ns)   --->   "store i16 %match_matchBufferQ_V_50, i16* @match_matchBufferQ_V_77, align 2" [matchedRee/matchFilter.cpp:58]
ST_1 : Operation 208 [1/1] (0.00ns)   --->   "%match_matchBufferI_V_51 = load i16* @match_matchBufferI_V_75, align 2" [matchedRee/matchFilter.cpp:57]
ST_1 : Operation 209 [1/1] (0.00ns)   --->   "store i16 %match_matchBufferI_V_51, i16* @match_matchBufferI_V_76, align 8" [matchedRee/matchFilter.cpp:57]
ST_1 : Operation 210 [1/1] (0.00ns)   --->   "%match_matchBufferQ_V_51 = load i16* @match_matchBufferQ_V_75, align 2" [matchedRee/matchFilter.cpp:58]
ST_1 : Operation 211 [1/1] (0.00ns)   --->   "store i16 %match_matchBufferQ_V_51, i16* @match_matchBufferQ_V_76, align 8" [matchedRee/matchFilter.cpp:58]
ST_1 : Operation 212 [1/1] (0.00ns)   --->   "%match_matchBufferI_V_52 = load i16* @match_matchBufferI_V_74, align 4" [matchedRee/matchFilter.cpp:57]
ST_1 : Operation 213 [1/1] (0.00ns)   --->   "store i16 %match_matchBufferI_V_52, i16* @match_matchBufferI_V_75, align 2" [matchedRee/matchFilter.cpp:57]
ST_1 : Operation 214 [1/1] (0.00ns)   --->   "%match_matchBufferQ_V_52 = load i16* @match_matchBufferQ_V_74, align 4" [matchedRee/matchFilter.cpp:58]
ST_1 : Operation 215 [1/1] (0.00ns)   --->   "store i16 %match_matchBufferQ_V_52, i16* @match_matchBufferQ_V_75, align 2" [matchedRee/matchFilter.cpp:58]
ST_1 : Operation 216 [1/1] (0.00ns)   --->   "%match_matchBufferI_V_53 = load i16* @match_matchBufferI_V_73, align 2" [matchedRee/matchFilter.cpp:57]
ST_1 : Operation 217 [1/1] (0.00ns)   --->   "store i16 %match_matchBufferI_V_53, i16* @match_matchBufferI_V_74, align 4" [matchedRee/matchFilter.cpp:57]
ST_1 : Operation 218 [1/1] (0.00ns)   --->   "%match_matchBufferQ_V_53 = load i16* @match_matchBufferQ_V_73, align 2" [matchedRee/matchFilter.cpp:58]
ST_1 : Operation 219 [1/1] (0.00ns)   --->   "store i16 %match_matchBufferQ_V_53, i16* @match_matchBufferQ_V_74, align 4" [matchedRee/matchFilter.cpp:58]
ST_1 : Operation 220 [1/1] (0.00ns)   --->   "%match_matchBufferI_V_54 = load i16* @match_matchBufferI_V_72, align 16" [matchedRee/matchFilter.cpp:57]
ST_1 : Operation 221 [1/1] (0.00ns)   --->   "store i16 %match_matchBufferI_V_54, i16* @match_matchBufferI_V_73, align 2" [matchedRee/matchFilter.cpp:57]
ST_1 : Operation 222 [1/1] (0.00ns)   --->   "%match_matchBufferQ_V_54 = load i16* @match_matchBufferQ_V_72, align 16" [matchedRee/matchFilter.cpp:58]
ST_1 : Operation 223 [1/1] (0.00ns)   --->   "store i16 %match_matchBufferQ_V_54, i16* @match_matchBufferQ_V_73, align 2" [matchedRee/matchFilter.cpp:58]
ST_1 : Operation 224 [1/1] (0.00ns)   --->   "%match_matchBufferI_V_55 = load i16* @match_matchBufferI_V_71, align 2" [matchedRee/matchFilter.cpp:57]
ST_1 : Operation 225 [1/1] (0.00ns)   --->   "store i16 %match_matchBufferI_V_55, i16* @match_matchBufferI_V_72, align 16" [matchedRee/matchFilter.cpp:57]
ST_1 : Operation 226 [1/1] (0.00ns)   --->   "%match_matchBufferQ_V_55 = load i16* @match_matchBufferQ_V_71, align 2" [matchedRee/matchFilter.cpp:58]
ST_1 : Operation 227 [1/1] (0.00ns)   --->   "store i16 %match_matchBufferQ_V_55, i16* @match_matchBufferQ_V_72, align 16" [matchedRee/matchFilter.cpp:58]
ST_1 : Operation 228 [1/1] (0.00ns)   --->   "%match_matchBufferI_V_56 = load i16* @match_matchBufferI_V_70, align 4" [matchedRee/matchFilter.cpp:57]
ST_1 : Operation 229 [1/1] (0.00ns)   --->   "store i16 %match_matchBufferI_V_56, i16* @match_matchBufferI_V_71, align 2" [matchedRee/matchFilter.cpp:57]
ST_1 : Operation 230 [1/1] (0.00ns)   --->   "%match_matchBufferQ_V_56 = load i16* @match_matchBufferQ_V_70, align 4" [matchedRee/matchFilter.cpp:58]
ST_1 : Operation 231 [1/1] (0.00ns)   --->   "store i16 %match_matchBufferQ_V_56, i16* @match_matchBufferQ_V_71, align 2" [matchedRee/matchFilter.cpp:58]
ST_1 : Operation 232 [1/1] (0.00ns)   --->   "%match_matchBufferI_V_57 = load i16* @match_matchBufferI_V_69, align 2" [matchedRee/matchFilter.cpp:57]
ST_1 : Operation 233 [1/1] (0.00ns)   --->   "store i16 %match_matchBufferI_V_57, i16* @match_matchBufferI_V_70, align 4" [matchedRee/matchFilter.cpp:57]
ST_1 : Operation 234 [1/1] (0.00ns)   --->   "%match_matchBufferQ_V_57 = load i16* @match_matchBufferQ_V_69, align 2" [matchedRee/matchFilter.cpp:58]
ST_1 : Operation 235 [1/1] (0.00ns)   --->   "store i16 %match_matchBufferQ_V_57, i16* @match_matchBufferQ_V_70, align 4" [matchedRee/matchFilter.cpp:58]
ST_1 : Operation 236 [1/1] (0.00ns)   --->   "%match_matchBufferI_V_58 = load i16* @match_matchBufferI_V_68, align 8" [matchedRee/matchFilter.cpp:57]
ST_1 : Operation 237 [1/1] (0.00ns)   --->   "store i16 %match_matchBufferI_V_58, i16* @match_matchBufferI_V_69, align 2" [matchedRee/matchFilter.cpp:57]
ST_1 : Operation 238 [1/1] (0.00ns)   --->   "%match_matchBufferQ_V_58 = load i16* @match_matchBufferQ_V_68, align 8" [matchedRee/matchFilter.cpp:58]
ST_1 : Operation 239 [1/1] (0.00ns)   --->   "store i16 %match_matchBufferQ_V_58, i16* @match_matchBufferQ_V_69, align 2" [matchedRee/matchFilter.cpp:58]
ST_1 : Operation 240 [1/1] (0.00ns)   --->   "%match_matchBufferI_V_59 = load i16* @match_matchBufferI_V_67, align 2" [matchedRee/matchFilter.cpp:57]
ST_1 : Operation 241 [1/1] (0.00ns)   --->   "store i16 %match_matchBufferI_V_59, i16* @match_matchBufferI_V_68, align 8" [matchedRee/matchFilter.cpp:57]
ST_1 : Operation 242 [1/1] (0.00ns)   --->   "%match_matchBufferQ_V_59 = load i16* @match_matchBufferQ_V_67, align 2" [matchedRee/matchFilter.cpp:58]
ST_1 : Operation 243 [1/1] (0.00ns)   --->   "store i16 %match_matchBufferQ_V_59, i16* @match_matchBufferQ_V_68, align 8" [matchedRee/matchFilter.cpp:58]
ST_1 : Operation 244 [1/1] (0.00ns)   --->   "%match_matchBufferI_V_60 = load i16* @match_matchBufferI_V_66, align 4" [matchedRee/matchFilter.cpp:57]
ST_1 : Operation 245 [1/1] (0.00ns)   --->   "store i16 %match_matchBufferI_V_60, i16* @match_matchBufferI_V_67, align 2" [matchedRee/matchFilter.cpp:57]
ST_1 : Operation 246 [1/1] (0.00ns)   --->   "%match_matchBufferQ_V_60 = load i16* @match_matchBufferQ_V_66, align 4" [matchedRee/matchFilter.cpp:58]
ST_1 : Operation 247 [1/1] (0.00ns)   --->   "store i16 %match_matchBufferQ_V_60, i16* @match_matchBufferQ_V_67, align 2" [matchedRee/matchFilter.cpp:58]
ST_1 : Operation 248 [1/1] (0.00ns)   --->   "%match_matchBufferI_V_61 = load i16* @match_matchBufferI_V_65, align 2" [matchedRee/matchFilter.cpp:57]
ST_1 : Operation 249 [1/1] (0.00ns)   --->   "store i16 %match_matchBufferI_V_61, i16* @match_matchBufferI_V_66, align 4" [matchedRee/matchFilter.cpp:57]
ST_1 : Operation 250 [1/1] (0.00ns)   --->   "%match_matchBufferQ_V_61 = load i16* @match_matchBufferQ_V_65, align 2" [matchedRee/matchFilter.cpp:58]
ST_1 : Operation 251 [1/1] (0.00ns)   --->   "store i16 %match_matchBufferQ_V_61, i16* @match_matchBufferQ_V_66, align 4" [matchedRee/matchFilter.cpp:58]
ST_1 : Operation 252 [1/1] (0.00ns)   --->   "%match_matchBufferI_V_62 = load i16* @match_matchBufferI_V_64, align 16" [matchedRee/matchFilter.cpp:57]
ST_1 : Operation 253 [1/1] (0.00ns)   --->   "store i16 %match_matchBufferI_V_62, i16* @match_matchBufferI_V_65, align 2" [matchedRee/matchFilter.cpp:57]
ST_1 : Operation 254 [1/1] (0.00ns)   --->   "%match_matchBufferQ_V_62 = load i16* @match_matchBufferQ_V_64, align 16" [matchedRee/matchFilter.cpp:58]
ST_1 : Operation 255 [1/1] (0.00ns)   --->   "store i16 %match_matchBufferQ_V_62, i16* @match_matchBufferQ_V_65, align 2" [matchedRee/matchFilter.cpp:58]
ST_1 : Operation 256 [1/1] (0.00ns)   --->   "%match_matchBufferI_V_63 = load i16* @match_matchBufferI_V_63, align 2" [matchedRee/matchFilter.cpp:57]
ST_1 : Operation 257 [1/1] (0.00ns)   --->   "store i16 %match_matchBufferI_V_63, i16* @match_matchBufferI_V_64, align 16" [matchedRee/matchFilter.cpp:57]
ST_1 : Operation 258 [1/1] (0.00ns)   --->   "%match_matchBufferQ_V_63 = load i16* @match_matchBufferQ_V_63, align 2" [matchedRee/matchFilter.cpp:58]
ST_1 : Operation 259 [1/1] (0.00ns)   --->   "store i16 %match_matchBufferQ_V_63, i16* @match_matchBufferQ_V_64, align 16" [matchedRee/matchFilter.cpp:58]
ST_1 : Operation 260 [1/1] (0.00ns)   --->   "%match_matchBufferI_V_64 = load i16* @match_matchBufferI_V_62, align 4" [matchedRee/matchFilter.cpp:57]
ST_1 : Operation 261 [1/1] (0.00ns)   --->   "store i16 %match_matchBufferI_V_64, i16* @match_matchBufferI_V_63, align 2" [matchedRee/matchFilter.cpp:57]
ST_1 : Operation 262 [1/1] (0.00ns)   --->   "%match_matchBufferQ_V_64 = load i16* @match_matchBufferQ_V_62, align 4" [matchedRee/matchFilter.cpp:58]
ST_1 : Operation 263 [1/1] (0.00ns)   --->   "store i16 %match_matchBufferQ_V_64, i16* @match_matchBufferQ_V_63, align 2" [matchedRee/matchFilter.cpp:58]
ST_1 : Operation 264 [1/1] (0.00ns)   --->   "%match_matchBufferI_V_65 = load i16* @match_matchBufferI_V_61, align 2" [matchedRee/matchFilter.cpp:57]
ST_1 : Operation 265 [1/1] (0.00ns)   --->   "store i16 %match_matchBufferI_V_65, i16* @match_matchBufferI_V_62, align 4" [matchedRee/matchFilter.cpp:57]
ST_1 : Operation 266 [1/1] (0.00ns)   --->   "%match_matchBufferQ_V_65 = load i16* @match_matchBufferQ_V_61, align 2" [matchedRee/matchFilter.cpp:58]
ST_1 : Operation 267 [1/1] (0.00ns)   --->   "store i16 %match_matchBufferQ_V_65, i16* @match_matchBufferQ_V_62, align 4" [matchedRee/matchFilter.cpp:58]
ST_1 : Operation 268 [1/1] (0.00ns)   --->   "%match_matchBufferI_V_66 = load i16* @match_matchBufferI_V_60, align 8" [matchedRee/matchFilter.cpp:57]
ST_1 : Operation 269 [1/1] (0.00ns)   --->   "store i16 %match_matchBufferI_V_66, i16* @match_matchBufferI_V_61, align 2" [matchedRee/matchFilter.cpp:57]
ST_1 : Operation 270 [1/1] (0.00ns)   --->   "%match_matchBufferQ_V_66 = load i16* @match_matchBufferQ_V_60, align 8" [matchedRee/matchFilter.cpp:58]
ST_1 : Operation 271 [1/1] (0.00ns)   --->   "store i16 %match_matchBufferQ_V_66, i16* @match_matchBufferQ_V_61, align 2" [matchedRee/matchFilter.cpp:58]
ST_1 : Operation 272 [1/1] (0.00ns)   --->   "%match_matchBufferI_V_67 = load i16* @match_matchBufferI_V_59, align 2" [matchedRee/matchFilter.cpp:57]
ST_1 : Operation 273 [1/1] (0.00ns)   --->   "store i16 %match_matchBufferI_V_67, i16* @match_matchBufferI_V_60, align 8" [matchedRee/matchFilter.cpp:57]
ST_1 : Operation 274 [1/1] (0.00ns)   --->   "%match_matchBufferQ_V_67 = load i16* @match_matchBufferQ_V_59, align 2" [matchedRee/matchFilter.cpp:58]
ST_1 : Operation 275 [1/1] (0.00ns)   --->   "store i16 %match_matchBufferQ_V_67, i16* @match_matchBufferQ_V_60, align 8" [matchedRee/matchFilter.cpp:58]
ST_1 : Operation 276 [1/1] (0.00ns)   --->   "%match_matchBufferI_V_68 = load i16* @match_matchBufferI_V_58, align 4" [matchedRee/matchFilter.cpp:57]
ST_1 : Operation 277 [1/1] (0.00ns)   --->   "store i16 %match_matchBufferI_V_68, i16* @match_matchBufferI_V_59, align 2" [matchedRee/matchFilter.cpp:57]
ST_1 : Operation 278 [1/1] (0.00ns)   --->   "%match_matchBufferQ_V_68 = load i16* @match_matchBufferQ_V_58, align 4" [matchedRee/matchFilter.cpp:58]
ST_1 : Operation 279 [1/1] (0.00ns)   --->   "store i16 %match_matchBufferQ_V_68, i16* @match_matchBufferQ_V_59, align 2" [matchedRee/matchFilter.cpp:58]
ST_1 : Operation 280 [1/1] (0.00ns)   --->   "%match_matchBufferI_V_69 = load i16* @match_matchBufferI_V_57, align 2" [matchedRee/matchFilter.cpp:57]
ST_1 : Operation 281 [1/1] (0.00ns)   --->   "store i16 %match_matchBufferI_V_69, i16* @match_matchBufferI_V_58, align 4" [matchedRee/matchFilter.cpp:57]
ST_1 : Operation 282 [1/1] (0.00ns)   --->   "%match_matchBufferQ_V_69 = load i16* @match_matchBufferQ_V_57, align 2" [matchedRee/matchFilter.cpp:58]
ST_1 : Operation 283 [1/1] (0.00ns)   --->   "store i16 %match_matchBufferQ_V_69, i16* @match_matchBufferQ_V_58, align 4" [matchedRee/matchFilter.cpp:58]
ST_1 : Operation 284 [1/1] (0.00ns)   --->   "%match_matchBufferI_V_70 = load i16* @match_matchBufferI_V_56, align 16" [matchedRee/matchFilter.cpp:57]
ST_1 : Operation 285 [1/1] (0.00ns)   --->   "store i16 %match_matchBufferI_V_70, i16* @match_matchBufferI_V_57, align 2" [matchedRee/matchFilter.cpp:57]
ST_1 : Operation 286 [1/1] (0.00ns)   --->   "%match_matchBufferQ_V_70 = load i16* @match_matchBufferQ_V_56, align 16" [matchedRee/matchFilter.cpp:58]
ST_1 : Operation 287 [1/1] (0.00ns)   --->   "store i16 %match_matchBufferQ_V_70, i16* @match_matchBufferQ_V_57, align 2" [matchedRee/matchFilter.cpp:58]
ST_1 : Operation 288 [1/1] (0.00ns)   --->   "%match_matchBufferI_V_71 = load i16* @match_matchBufferI_V_55, align 2" [matchedRee/matchFilter.cpp:57]
ST_1 : Operation 289 [1/1] (0.00ns)   --->   "store i16 %match_matchBufferI_V_71, i16* @match_matchBufferI_V_56, align 16" [matchedRee/matchFilter.cpp:57]
ST_1 : Operation 290 [1/1] (0.00ns)   --->   "%match_matchBufferQ_V_71 = load i16* @match_matchBufferQ_V_55, align 2" [matchedRee/matchFilter.cpp:58]
ST_1 : Operation 291 [1/1] (0.00ns)   --->   "store i16 %match_matchBufferQ_V_71, i16* @match_matchBufferQ_V_56, align 16" [matchedRee/matchFilter.cpp:58]
ST_1 : Operation 292 [1/1] (0.00ns)   --->   "%match_matchBufferI_V_72 = load i16* @match_matchBufferI_V_54, align 4" [matchedRee/matchFilter.cpp:57]
ST_1 : Operation 293 [1/1] (0.00ns)   --->   "store i16 %match_matchBufferI_V_72, i16* @match_matchBufferI_V_55, align 2" [matchedRee/matchFilter.cpp:57]
ST_1 : Operation 294 [1/1] (0.00ns)   --->   "%match_matchBufferQ_V_72 = load i16* @match_matchBufferQ_V_54, align 4" [matchedRee/matchFilter.cpp:58]
ST_1 : Operation 295 [1/1] (0.00ns)   --->   "store i16 %match_matchBufferQ_V_72, i16* @match_matchBufferQ_V_55, align 2" [matchedRee/matchFilter.cpp:58]
ST_1 : Operation 296 [1/1] (0.00ns)   --->   "%match_matchBufferI_V_73 = load i16* @match_matchBufferI_V_53, align 2" [matchedRee/matchFilter.cpp:57]
ST_1 : Operation 297 [1/1] (0.00ns)   --->   "store i16 %match_matchBufferI_V_73, i16* @match_matchBufferI_V_54, align 4" [matchedRee/matchFilter.cpp:57]
ST_1 : Operation 298 [1/1] (0.00ns)   --->   "%match_matchBufferQ_V_73 = load i16* @match_matchBufferQ_V_53, align 2" [matchedRee/matchFilter.cpp:58]
ST_1 : Operation 299 [1/1] (0.00ns)   --->   "store i16 %match_matchBufferQ_V_73, i16* @match_matchBufferQ_V_54, align 4" [matchedRee/matchFilter.cpp:58]
ST_1 : Operation 300 [1/1] (0.00ns)   --->   "%match_matchBufferI_V_74 = load i16* @match_matchBufferI_V_52, align 8" [matchedRee/matchFilter.cpp:57]
ST_1 : Operation 301 [1/1] (0.00ns)   --->   "store i16 %match_matchBufferI_V_74, i16* @match_matchBufferI_V_53, align 2" [matchedRee/matchFilter.cpp:57]
ST_1 : Operation 302 [1/1] (0.00ns)   --->   "%match_matchBufferQ_V_74 = load i16* @match_matchBufferQ_V_52, align 8" [matchedRee/matchFilter.cpp:58]
ST_1 : Operation 303 [1/1] (0.00ns)   --->   "store i16 %match_matchBufferQ_V_74, i16* @match_matchBufferQ_V_53, align 2" [matchedRee/matchFilter.cpp:58]
ST_1 : Operation 304 [1/1] (0.00ns)   --->   "%match_matchBufferI_V_75 = load i16* @match_matchBufferI_V_51, align 2" [matchedRee/matchFilter.cpp:57]
ST_1 : Operation 305 [1/1] (0.00ns)   --->   "store i16 %match_matchBufferI_V_75, i16* @match_matchBufferI_V_52, align 8" [matchedRee/matchFilter.cpp:57]
ST_1 : Operation 306 [1/1] (0.00ns)   --->   "%match_matchBufferQ_V_75 = load i16* @match_matchBufferQ_V_51, align 2" [matchedRee/matchFilter.cpp:58]
ST_1 : Operation 307 [1/1] (0.00ns)   --->   "store i16 %match_matchBufferQ_V_75, i16* @match_matchBufferQ_V_52, align 8" [matchedRee/matchFilter.cpp:58]
ST_1 : Operation 308 [1/1] (0.00ns)   --->   "%match_matchBufferI_V_76 = load i16* @match_matchBufferI_V_50, align 4" [matchedRee/matchFilter.cpp:57]
ST_1 : Operation 309 [1/1] (0.00ns)   --->   "store i16 %match_matchBufferI_V_76, i16* @match_matchBufferI_V_51, align 2" [matchedRee/matchFilter.cpp:57]
ST_1 : Operation 310 [1/1] (0.00ns)   --->   "%match_matchBufferQ_V_76 = load i16* @match_matchBufferQ_V_50, align 4" [matchedRee/matchFilter.cpp:58]
ST_1 : Operation 311 [1/1] (0.00ns)   --->   "store i16 %match_matchBufferQ_V_76, i16* @match_matchBufferQ_V_51, align 2" [matchedRee/matchFilter.cpp:58]
ST_1 : Operation 312 [1/1] (0.00ns)   --->   "%match_matchBufferI_V_77 = load i16* @match_matchBufferI_V_49, align 2" [matchedRee/matchFilter.cpp:57]
ST_1 : Operation 313 [1/1] (0.00ns)   --->   "store i16 %match_matchBufferI_V_77, i16* @match_matchBufferI_V_50, align 4" [matchedRee/matchFilter.cpp:57]
ST_1 : Operation 314 [1/1] (0.00ns)   --->   "%match_matchBufferQ_V_77 = load i16* @match_matchBufferQ_V_49, align 2" [matchedRee/matchFilter.cpp:58]
ST_1 : Operation 315 [1/1] (0.00ns)   --->   "store i16 %match_matchBufferQ_V_77, i16* @match_matchBufferQ_V_50, align 4" [matchedRee/matchFilter.cpp:58]
ST_1 : Operation 316 [1/1] (0.00ns)   --->   "%match_matchBufferI_V_78 = load i16* @match_matchBufferI_V_48, align 16" [matchedRee/matchFilter.cpp:57]
ST_1 : Operation 317 [1/1] (0.00ns)   --->   "store i16 %match_matchBufferI_V_78, i16* @match_matchBufferI_V_49, align 2" [matchedRee/matchFilter.cpp:57]
ST_1 : Operation 318 [1/1] (0.00ns)   --->   "%match_matchBufferQ_V_78 = load i16* @match_matchBufferQ_V_48, align 16" [matchedRee/matchFilter.cpp:58]
ST_1 : Operation 319 [1/1] (0.00ns)   --->   "store i16 %match_matchBufferQ_V_78, i16* @match_matchBufferQ_V_49, align 2" [matchedRee/matchFilter.cpp:58]
ST_1 : Operation 320 [1/1] (0.00ns)   --->   "%match_matchBufferI_V_79 = load i16* @match_matchBufferI_V_47, align 2" [matchedRee/matchFilter.cpp:57]
ST_1 : Operation 321 [1/1] (0.00ns)   --->   "store i16 %match_matchBufferI_V_79, i16* @match_matchBufferI_V_48, align 16" [matchedRee/matchFilter.cpp:57]
ST_1 : Operation 322 [1/1] (0.00ns)   --->   "%match_matchBufferQ_V_79 = load i16* @match_matchBufferQ_V_47, align 2" [matchedRee/matchFilter.cpp:58]
ST_1 : Operation 323 [1/1] (0.00ns)   --->   "store i16 %match_matchBufferQ_V_79, i16* @match_matchBufferQ_V_48, align 16" [matchedRee/matchFilter.cpp:58]
ST_1 : Operation 324 [1/1] (0.00ns)   --->   "%match_matchBufferI_V_80 = load i16* @match_matchBufferI_V_46, align 4" [matchedRee/matchFilter.cpp:57]
ST_1 : Operation 325 [1/1] (0.00ns)   --->   "store i16 %match_matchBufferI_V_80, i16* @match_matchBufferI_V_47, align 2" [matchedRee/matchFilter.cpp:57]
ST_1 : Operation 326 [1/1] (0.00ns)   --->   "%match_matchBufferQ_V_80 = load i16* @match_matchBufferQ_V_46, align 4" [matchedRee/matchFilter.cpp:58]
ST_1 : Operation 327 [1/1] (0.00ns)   --->   "store i16 %match_matchBufferQ_V_80, i16* @match_matchBufferQ_V_47, align 2" [matchedRee/matchFilter.cpp:58]
ST_1 : Operation 328 [1/1] (0.00ns)   --->   "%match_matchBufferI_V_81 = load i16* @match_matchBufferI_V_45, align 2" [matchedRee/matchFilter.cpp:57]
ST_1 : Operation 329 [1/1] (0.00ns)   --->   "store i16 %match_matchBufferI_V_81, i16* @match_matchBufferI_V_46, align 4" [matchedRee/matchFilter.cpp:57]
ST_1 : Operation 330 [1/1] (0.00ns)   --->   "%match_matchBufferQ_V_81 = load i16* @match_matchBufferQ_V_45, align 2" [matchedRee/matchFilter.cpp:58]
ST_1 : Operation 331 [1/1] (0.00ns)   --->   "store i16 %match_matchBufferQ_V_81, i16* @match_matchBufferQ_V_46, align 4" [matchedRee/matchFilter.cpp:58]
ST_1 : Operation 332 [1/1] (0.00ns)   --->   "%match_matchBufferI_V_82 = load i16* @match_matchBufferI_V_44, align 8" [matchedRee/matchFilter.cpp:57]
ST_1 : Operation 333 [1/1] (0.00ns)   --->   "store i16 %match_matchBufferI_V_82, i16* @match_matchBufferI_V_45, align 2" [matchedRee/matchFilter.cpp:57]
ST_1 : Operation 334 [1/1] (0.00ns)   --->   "%match_matchBufferQ_V_82 = load i16* @match_matchBufferQ_V_44, align 8" [matchedRee/matchFilter.cpp:58]
ST_1 : Operation 335 [1/1] (0.00ns)   --->   "store i16 %match_matchBufferQ_V_82, i16* @match_matchBufferQ_V_45, align 2" [matchedRee/matchFilter.cpp:58]
ST_1 : Operation 336 [1/1] (0.00ns)   --->   "%match_matchBufferI_V_83 = load i16* @match_matchBufferI_V_43, align 2" [matchedRee/matchFilter.cpp:57]
ST_1 : Operation 337 [1/1] (0.00ns)   --->   "store i16 %match_matchBufferI_V_83, i16* @match_matchBufferI_V_44, align 8" [matchedRee/matchFilter.cpp:57]
ST_1 : Operation 338 [1/1] (0.00ns)   --->   "%match_matchBufferQ_V_83 = load i16* @match_matchBufferQ_V_43, align 2" [matchedRee/matchFilter.cpp:58]
ST_1 : Operation 339 [1/1] (0.00ns)   --->   "store i16 %match_matchBufferQ_V_83, i16* @match_matchBufferQ_V_44, align 8" [matchedRee/matchFilter.cpp:58]
ST_1 : Operation 340 [1/1] (0.00ns)   --->   "%match_matchBufferI_V_84 = load i16* @match_matchBufferI_V_42, align 4" [matchedRee/matchFilter.cpp:57]
ST_1 : Operation 341 [1/1] (0.00ns)   --->   "store i16 %match_matchBufferI_V_84, i16* @match_matchBufferI_V_43, align 2" [matchedRee/matchFilter.cpp:57]
ST_1 : Operation 342 [1/1] (0.00ns)   --->   "%match_matchBufferQ_V_84 = load i16* @match_matchBufferQ_V_42, align 4" [matchedRee/matchFilter.cpp:58]
ST_1 : Operation 343 [1/1] (0.00ns)   --->   "store i16 %match_matchBufferQ_V_84, i16* @match_matchBufferQ_V_43, align 2" [matchedRee/matchFilter.cpp:58]
ST_1 : Operation 344 [1/1] (0.00ns)   --->   "%match_matchBufferI_V_85 = load i16* @match_matchBufferI_V_41, align 2" [matchedRee/matchFilter.cpp:57]
ST_1 : Operation 345 [1/1] (0.00ns)   --->   "store i16 %match_matchBufferI_V_85, i16* @match_matchBufferI_V_42, align 4" [matchedRee/matchFilter.cpp:57]
ST_1 : Operation 346 [1/1] (0.00ns)   --->   "%match_matchBufferQ_V_85 = load i16* @match_matchBufferQ_V_41, align 2" [matchedRee/matchFilter.cpp:58]
ST_1 : Operation 347 [1/1] (0.00ns)   --->   "store i16 %match_matchBufferQ_V_85, i16* @match_matchBufferQ_V_42, align 4" [matchedRee/matchFilter.cpp:58]
ST_1 : Operation 348 [1/1] (0.00ns)   --->   "%match_matchBufferI_V_86 = load i16* @match_matchBufferI_V_40, align 16" [matchedRee/matchFilter.cpp:57]
ST_1 : Operation 349 [1/1] (0.00ns)   --->   "store i16 %match_matchBufferI_V_86, i16* @match_matchBufferI_V_41, align 2" [matchedRee/matchFilter.cpp:57]
ST_1 : Operation 350 [1/1] (0.00ns)   --->   "%match_matchBufferQ_V_86 = load i16* @match_matchBufferQ_V_40, align 16" [matchedRee/matchFilter.cpp:58]
ST_1 : Operation 351 [1/1] (0.00ns)   --->   "store i16 %match_matchBufferQ_V_86, i16* @match_matchBufferQ_V_41, align 2" [matchedRee/matchFilter.cpp:58]
ST_1 : Operation 352 [1/1] (0.00ns)   --->   "%match_matchBufferI_V_87 = load i16* @match_matchBufferI_V_39, align 2" [matchedRee/matchFilter.cpp:57]
ST_1 : Operation 353 [1/1] (0.00ns)   --->   "store i16 %match_matchBufferI_V_87, i16* @match_matchBufferI_V_40, align 16" [matchedRee/matchFilter.cpp:57]
ST_1 : Operation 354 [1/1] (0.00ns)   --->   "%match_matchBufferQ_V_87 = load i16* @match_matchBufferQ_V_39, align 2" [matchedRee/matchFilter.cpp:58]
ST_1 : Operation 355 [1/1] (0.00ns)   --->   "store i16 %match_matchBufferQ_V_87, i16* @match_matchBufferQ_V_40, align 16" [matchedRee/matchFilter.cpp:58]
ST_1 : Operation 356 [1/1] (0.00ns)   --->   "%match_matchBufferI_V_88 = load i16* @match_matchBufferI_V_38, align 4" [matchedRee/matchFilter.cpp:57]
ST_1 : Operation 357 [1/1] (0.00ns)   --->   "store i16 %match_matchBufferI_V_88, i16* @match_matchBufferI_V_39, align 2" [matchedRee/matchFilter.cpp:57]
ST_1 : Operation 358 [1/1] (0.00ns)   --->   "%match_matchBufferQ_V_88 = load i16* @match_matchBufferQ_V_38, align 4" [matchedRee/matchFilter.cpp:58]
ST_1 : Operation 359 [1/1] (0.00ns)   --->   "store i16 %match_matchBufferQ_V_88, i16* @match_matchBufferQ_V_39, align 2" [matchedRee/matchFilter.cpp:58]
ST_1 : Operation 360 [1/1] (0.00ns)   --->   "%match_matchBufferI_V_89 = load i16* @match_matchBufferI_V_37, align 2" [matchedRee/matchFilter.cpp:57]
ST_1 : Operation 361 [1/1] (0.00ns)   --->   "store i16 %match_matchBufferI_V_89, i16* @match_matchBufferI_V_38, align 4" [matchedRee/matchFilter.cpp:57]
ST_1 : Operation 362 [1/1] (0.00ns)   --->   "%match_matchBufferQ_V_89 = load i16* @match_matchBufferQ_V_37, align 2" [matchedRee/matchFilter.cpp:58]
ST_1 : Operation 363 [1/1] (0.00ns)   --->   "store i16 %match_matchBufferQ_V_89, i16* @match_matchBufferQ_V_38, align 4" [matchedRee/matchFilter.cpp:58]
ST_1 : Operation 364 [1/1] (0.00ns)   --->   "%match_matchBufferI_V_90 = load i16* @match_matchBufferI_V_36, align 8" [matchedRee/matchFilter.cpp:57]
ST_1 : Operation 365 [1/1] (0.00ns)   --->   "store i16 %match_matchBufferI_V_90, i16* @match_matchBufferI_V_37, align 2" [matchedRee/matchFilter.cpp:57]
ST_1 : Operation 366 [1/1] (0.00ns)   --->   "%match_matchBufferQ_V_90 = load i16* @match_matchBufferQ_V_36, align 8" [matchedRee/matchFilter.cpp:58]
ST_1 : Operation 367 [1/1] (0.00ns)   --->   "store i16 %match_matchBufferQ_V_90, i16* @match_matchBufferQ_V_37, align 2" [matchedRee/matchFilter.cpp:58]
ST_1 : Operation 368 [1/1] (0.00ns)   --->   "%match_matchBufferI_V_91 = load i16* @match_matchBufferI_V_35, align 2" [matchedRee/matchFilter.cpp:57]
ST_1 : Operation 369 [1/1] (0.00ns)   --->   "store i16 %match_matchBufferI_V_91, i16* @match_matchBufferI_V_36, align 8" [matchedRee/matchFilter.cpp:57]
ST_1 : Operation 370 [1/1] (0.00ns)   --->   "%match_matchBufferQ_V_91 = load i16* @match_matchBufferQ_V_35, align 2" [matchedRee/matchFilter.cpp:58]
ST_1 : Operation 371 [1/1] (0.00ns)   --->   "store i16 %match_matchBufferQ_V_91, i16* @match_matchBufferQ_V_36, align 8" [matchedRee/matchFilter.cpp:58]
ST_1 : Operation 372 [1/1] (0.00ns)   --->   "%match_matchBufferI_V_92 = load i16* @match_matchBufferI_V_34, align 4" [matchedRee/matchFilter.cpp:57]
ST_1 : Operation 373 [1/1] (0.00ns)   --->   "store i16 %match_matchBufferI_V_92, i16* @match_matchBufferI_V_35, align 2" [matchedRee/matchFilter.cpp:57]
ST_1 : Operation 374 [1/1] (0.00ns)   --->   "%match_matchBufferQ_V_92 = load i16* @match_matchBufferQ_V_34, align 4" [matchedRee/matchFilter.cpp:58]
ST_1 : Operation 375 [1/1] (0.00ns)   --->   "store i16 %match_matchBufferQ_V_92, i16* @match_matchBufferQ_V_35, align 2" [matchedRee/matchFilter.cpp:58]
ST_1 : Operation 376 [1/1] (0.00ns)   --->   "%match_matchBufferI_V_93 = load i16* @match_matchBufferI_V_33, align 2" [matchedRee/matchFilter.cpp:57]
ST_1 : Operation 377 [1/1] (0.00ns)   --->   "store i16 %match_matchBufferI_V_93, i16* @match_matchBufferI_V_34, align 4" [matchedRee/matchFilter.cpp:57]
ST_1 : Operation 378 [1/1] (0.00ns)   --->   "%match_matchBufferQ_V_93 = load i16* @match_matchBufferQ_V_33, align 2" [matchedRee/matchFilter.cpp:58]
ST_1 : Operation 379 [1/1] (0.00ns)   --->   "store i16 %match_matchBufferQ_V_93, i16* @match_matchBufferQ_V_34, align 4" [matchedRee/matchFilter.cpp:58]
ST_1 : Operation 380 [1/1] (0.00ns)   --->   "%match_matchBufferI_V_94 = load i16* @match_matchBufferI_V_32, align 16" [matchedRee/matchFilter.cpp:57]
ST_1 : Operation 381 [1/1] (0.00ns)   --->   "store i16 %match_matchBufferI_V_94, i16* @match_matchBufferI_V_33, align 2" [matchedRee/matchFilter.cpp:57]
ST_1 : Operation 382 [1/1] (0.00ns)   --->   "%match_matchBufferQ_V_94 = load i16* @match_matchBufferQ_V_32, align 16" [matchedRee/matchFilter.cpp:58]
ST_1 : Operation 383 [1/1] (0.00ns)   --->   "store i16 %match_matchBufferQ_V_94, i16* @match_matchBufferQ_V_33, align 2" [matchedRee/matchFilter.cpp:58]
ST_1 : Operation 384 [1/1] (0.00ns)   --->   "%match_matchBufferI_V_95 = load i16* @match_matchBufferI_V_31, align 2" [matchedRee/matchFilter.cpp:57]
ST_1 : Operation 385 [1/1] (0.00ns)   --->   "store i16 %match_matchBufferI_V_95, i16* @match_matchBufferI_V_32, align 16" [matchedRee/matchFilter.cpp:57]
ST_1 : Operation 386 [1/1] (0.00ns)   --->   "%match_matchBufferQ_V_95 = load i16* @match_matchBufferQ_V_31, align 2" [matchedRee/matchFilter.cpp:58]
ST_1 : Operation 387 [1/1] (0.00ns)   --->   "store i16 %match_matchBufferQ_V_95, i16* @match_matchBufferQ_V_32, align 16" [matchedRee/matchFilter.cpp:58]
ST_1 : Operation 388 [1/1] (0.00ns)   --->   "%match_matchBufferI_V_96 = load i16* @match_matchBufferI_V_30, align 4" [matchedRee/matchFilter.cpp:57]
ST_1 : Operation 389 [1/1] (0.00ns)   --->   "store i16 %match_matchBufferI_V_96, i16* @match_matchBufferI_V_31, align 2" [matchedRee/matchFilter.cpp:57]
ST_1 : Operation 390 [1/1] (0.00ns)   --->   "%match_matchBufferQ_V_96 = load i16* @match_matchBufferQ_V_30, align 4" [matchedRee/matchFilter.cpp:58]
ST_1 : Operation 391 [1/1] (0.00ns)   --->   "store i16 %match_matchBufferQ_V_96, i16* @match_matchBufferQ_V_31, align 2" [matchedRee/matchFilter.cpp:58]
ST_1 : Operation 392 [1/1] (0.00ns)   --->   "%match_matchBufferI_V_97 = load i16* @match_matchBufferI_V_29, align 2" [matchedRee/matchFilter.cpp:57]
ST_1 : Operation 393 [1/1] (0.00ns)   --->   "store i16 %match_matchBufferI_V_97, i16* @match_matchBufferI_V_30, align 4" [matchedRee/matchFilter.cpp:57]
ST_1 : Operation 394 [1/1] (0.00ns)   --->   "%match_matchBufferQ_V_97 = load i16* @match_matchBufferQ_V_29, align 2" [matchedRee/matchFilter.cpp:58]
ST_1 : Operation 395 [1/1] (0.00ns)   --->   "store i16 %match_matchBufferQ_V_97, i16* @match_matchBufferQ_V_30, align 4" [matchedRee/matchFilter.cpp:58]
ST_1 : Operation 396 [1/1] (0.00ns)   --->   "%match_matchBufferI_V_98 = load i16* @match_matchBufferI_V_28, align 8" [matchedRee/matchFilter.cpp:57]
ST_1 : Operation 397 [1/1] (0.00ns)   --->   "store i16 %match_matchBufferI_V_98, i16* @match_matchBufferI_V_29, align 2" [matchedRee/matchFilter.cpp:57]
ST_1 : Operation 398 [1/1] (0.00ns)   --->   "%match_matchBufferQ_V_98 = load i16* @match_matchBufferQ_V_28, align 8" [matchedRee/matchFilter.cpp:58]
ST_1 : Operation 399 [1/1] (0.00ns)   --->   "store i16 %match_matchBufferQ_V_98, i16* @match_matchBufferQ_V_29, align 2" [matchedRee/matchFilter.cpp:58]
ST_1 : Operation 400 [1/1] (0.00ns)   --->   "%match_matchBufferI_V_99 = load i16* @match_matchBufferI_V_27, align 2" [matchedRee/matchFilter.cpp:57]
ST_1 : Operation 401 [1/1] (0.00ns)   --->   "store i16 %match_matchBufferI_V_99, i16* @match_matchBufferI_V_28, align 8" [matchedRee/matchFilter.cpp:57]
ST_1 : Operation 402 [1/1] (0.00ns)   --->   "%match_matchBufferQ_V_99 = load i16* @match_matchBufferQ_V_27, align 2" [matchedRee/matchFilter.cpp:58]
ST_1 : Operation 403 [1/1] (0.00ns)   --->   "store i16 %match_matchBufferQ_V_99, i16* @match_matchBufferQ_V_28, align 8" [matchedRee/matchFilter.cpp:58]
ST_1 : Operation 404 [1/1] (0.00ns)   --->   "%match_matchBufferI_V_100 = load i16* @match_matchBufferI_V_26, align 4" [matchedRee/matchFilter.cpp:57]
ST_1 : Operation 405 [1/1] (0.00ns)   --->   "store i16 %match_matchBufferI_V_100, i16* @match_matchBufferI_V_27, align 2" [matchedRee/matchFilter.cpp:57]
ST_1 : Operation 406 [1/1] (0.00ns)   --->   "%match_matchBufferQ_V_100 = load i16* @match_matchBufferQ_V_26, align 4" [matchedRee/matchFilter.cpp:58]
ST_1 : Operation 407 [1/1] (0.00ns)   --->   "store i16 %match_matchBufferQ_V_100, i16* @match_matchBufferQ_V_27, align 2" [matchedRee/matchFilter.cpp:58]
ST_1 : Operation 408 [1/1] (0.00ns)   --->   "%match_matchBufferI_V_101 = load i16* @match_matchBufferI_V_25, align 2" [matchedRee/matchFilter.cpp:57]
ST_1 : Operation 409 [1/1] (0.00ns)   --->   "store i16 %match_matchBufferI_V_101, i16* @match_matchBufferI_V_26, align 4" [matchedRee/matchFilter.cpp:57]
ST_1 : Operation 410 [1/1] (0.00ns)   --->   "%match_matchBufferQ_V_101 = load i16* @match_matchBufferQ_V_25, align 2" [matchedRee/matchFilter.cpp:58]
ST_1 : Operation 411 [1/1] (0.00ns)   --->   "store i16 %match_matchBufferQ_V_101, i16* @match_matchBufferQ_V_26, align 4" [matchedRee/matchFilter.cpp:58]
ST_1 : Operation 412 [1/1] (0.00ns)   --->   "%match_matchBufferI_V_102 = load i16* @match_matchBufferI_V_24, align 16" [matchedRee/matchFilter.cpp:57]
ST_1 : Operation 413 [1/1] (0.00ns)   --->   "store i16 %match_matchBufferI_V_102, i16* @match_matchBufferI_V_25, align 2" [matchedRee/matchFilter.cpp:57]
ST_1 : Operation 414 [1/1] (0.00ns)   --->   "%match_matchBufferQ_V_102 = load i16* @match_matchBufferQ_V_24, align 16" [matchedRee/matchFilter.cpp:58]
ST_1 : Operation 415 [1/1] (0.00ns)   --->   "store i16 %match_matchBufferQ_V_102, i16* @match_matchBufferQ_V_25, align 2" [matchedRee/matchFilter.cpp:58]
ST_1 : Operation 416 [1/1] (0.00ns)   --->   "%match_matchBufferI_V_103 = load i16* @match_matchBufferI_V_23, align 2" [matchedRee/matchFilter.cpp:57]
ST_1 : Operation 417 [1/1] (0.00ns)   --->   "store i16 %match_matchBufferI_V_103, i16* @match_matchBufferI_V_24, align 16" [matchedRee/matchFilter.cpp:57]
ST_1 : Operation 418 [1/1] (0.00ns)   --->   "%match_matchBufferQ_V_103 = load i16* @match_matchBufferQ_V_23, align 2" [matchedRee/matchFilter.cpp:58]
ST_1 : Operation 419 [1/1] (0.00ns)   --->   "store i16 %match_matchBufferQ_V_103, i16* @match_matchBufferQ_V_24, align 16" [matchedRee/matchFilter.cpp:58]
ST_1 : Operation 420 [1/1] (0.00ns)   --->   "%match_matchBufferI_V_104 = load i16* @match_matchBufferI_V_22, align 4" [matchedRee/matchFilter.cpp:57]
ST_1 : Operation 421 [1/1] (0.00ns)   --->   "store i16 %match_matchBufferI_V_104, i16* @match_matchBufferI_V_23, align 2" [matchedRee/matchFilter.cpp:57]
ST_1 : Operation 422 [1/1] (0.00ns)   --->   "%match_matchBufferQ_V_104 = load i16* @match_matchBufferQ_V_22, align 4" [matchedRee/matchFilter.cpp:58]
ST_1 : Operation 423 [1/1] (0.00ns)   --->   "store i16 %match_matchBufferQ_V_104, i16* @match_matchBufferQ_V_23, align 2" [matchedRee/matchFilter.cpp:58]
ST_1 : Operation 424 [1/1] (0.00ns)   --->   "%match_matchBufferI_V_105 = load i16* @match_matchBufferI_V_21, align 2" [matchedRee/matchFilter.cpp:57]
ST_1 : Operation 425 [1/1] (0.00ns)   --->   "store i16 %match_matchBufferI_V_105, i16* @match_matchBufferI_V_22, align 4" [matchedRee/matchFilter.cpp:57]
ST_1 : Operation 426 [1/1] (0.00ns)   --->   "%match_matchBufferQ_V_105 = load i16* @match_matchBufferQ_V_21, align 2" [matchedRee/matchFilter.cpp:58]
ST_1 : Operation 427 [1/1] (0.00ns)   --->   "store i16 %match_matchBufferQ_V_105, i16* @match_matchBufferQ_V_22, align 4" [matchedRee/matchFilter.cpp:58]
ST_1 : Operation 428 [1/1] (0.00ns)   --->   "%match_matchBufferI_V_106 = load i16* @match_matchBufferI_V_20, align 8" [matchedRee/matchFilter.cpp:57]
ST_1 : Operation 429 [1/1] (0.00ns)   --->   "store i16 %match_matchBufferI_V_106, i16* @match_matchBufferI_V_21, align 2" [matchedRee/matchFilter.cpp:57]
ST_1 : Operation 430 [1/1] (0.00ns)   --->   "%match_matchBufferQ_V_106 = load i16* @match_matchBufferQ_V_20, align 8" [matchedRee/matchFilter.cpp:58]
ST_1 : Operation 431 [1/1] (0.00ns)   --->   "store i16 %match_matchBufferQ_V_106, i16* @match_matchBufferQ_V_21, align 2" [matchedRee/matchFilter.cpp:58]
ST_1 : Operation 432 [1/1] (0.00ns)   --->   "%match_matchBufferI_V_107 = load i16* @match_matchBufferI_V_19, align 2" [matchedRee/matchFilter.cpp:57]
ST_1 : Operation 433 [1/1] (0.00ns)   --->   "store i16 %match_matchBufferI_V_107, i16* @match_matchBufferI_V_20, align 8" [matchedRee/matchFilter.cpp:57]
ST_1 : Operation 434 [1/1] (0.00ns)   --->   "%match_matchBufferQ_V_107 = load i16* @match_matchBufferQ_V_19, align 2" [matchedRee/matchFilter.cpp:58]
ST_1 : Operation 435 [1/1] (0.00ns)   --->   "store i16 %match_matchBufferQ_V_107, i16* @match_matchBufferQ_V_20, align 8" [matchedRee/matchFilter.cpp:58]
ST_1 : Operation 436 [1/1] (0.00ns)   --->   "%match_matchBufferI_V_108 = load i16* @match_matchBufferI_V_18, align 4" [matchedRee/matchFilter.cpp:57]
ST_1 : Operation 437 [1/1] (0.00ns)   --->   "store i16 %match_matchBufferI_V_108, i16* @match_matchBufferI_V_19, align 2" [matchedRee/matchFilter.cpp:57]
ST_1 : Operation 438 [1/1] (0.00ns)   --->   "%match_matchBufferQ_V_108 = load i16* @match_matchBufferQ_V_18, align 4" [matchedRee/matchFilter.cpp:58]
ST_1 : Operation 439 [1/1] (0.00ns)   --->   "store i16 %match_matchBufferQ_V_108, i16* @match_matchBufferQ_V_19, align 2" [matchedRee/matchFilter.cpp:58]
ST_1 : Operation 440 [1/1] (0.00ns)   --->   "%match_matchBufferI_V_109 = load i16* @match_matchBufferI_V_17, align 2" [matchedRee/matchFilter.cpp:57]
ST_1 : Operation 441 [1/1] (0.00ns)   --->   "store i16 %match_matchBufferI_V_109, i16* @match_matchBufferI_V_18, align 4" [matchedRee/matchFilter.cpp:57]
ST_1 : Operation 442 [1/1] (0.00ns)   --->   "%match_matchBufferQ_V_109 = load i16* @match_matchBufferQ_V_17, align 2" [matchedRee/matchFilter.cpp:58]
ST_1 : Operation 443 [1/1] (0.00ns)   --->   "store i16 %match_matchBufferQ_V_109, i16* @match_matchBufferQ_V_18, align 4" [matchedRee/matchFilter.cpp:58]
ST_1 : Operation 444 [1/1] (0.00ns)   --->   "%match_matchBufferI_V_110 = load i16* @match_matchBufferI_V_16, align 16" [matchedRee/matchFilter.cpp:57]
ST_1 : Operation 445 [1/1] (0.00ns)   --->   "store i16 %match_matchBufferI_V_110, i16* @match_matchBufferI_V_17, align 2" [matchedRee/matchFilter.cpp:57]
ST_1 : Operation 446 [1/1] (0.00ns)   --->   "%match_matchBufferQ_V_110 = load i16* @match_matchBufferQ_V_16, align 16" [matchedRee/matchFilter.cpp:58]
ST_1 : Operation 447 [1/1] (0.00ns)   --->   "store i16 %match_matchBufferQ_V_110, i16* @match_matchBufferQ_V_17, align 2" [matchedRee/matchFilter.cpp:58]
ST_1 : Operation 448 [1/1] (0.00ns)   --->   "%match_matchBufferI_V_111 = load i16* @match_matchBufferI_V_15, align 2" [matchedRee/matchFilter.cpp:57]
ST_1 : Operation 449 [1/1] (0.00ns)   --->   "store i16 %match_matchBufferI_V_111, i16* @match_matchBufferI_V_16, align 16" [matchedRee/matchFilter.cpp:57]
ST_1 : Operation 450 [1/1] (0.00ns)   --->   "%match_matchBufferQ_V_111 = load i16* @match_matchBufferQ_V_15, align 2" [matchedRee/matchFilter.cpp:58]
ST_1 : Operation 451 [1/1] (0.00ns)   --->   "store i16 %match_matchBufferQ_V_111, i16* @match_matchBufferQ_V_16, align 16" [matchedRee/matchFilter.cpp:58]
ST_1 : Operation 452 [1/1] (0.00ns)   --->   "%match_matchBufferI_V_112 = load i16* @match_matchBufferI_V_14, align 4" [matchedRee/matchFilter.cpp:57]
ST_1 : Operation 453 [1/1] (0.00ns)   --->   "store i16 %match_matchBufferI_V_112, i16* @match_matchBufferI_V_15, align 2" [matchedRee/matchFilter.cpp:57]
ST_1 : Operation 454 [1/1] (0.00ns)   --->   "%match_matchBufferQ_V_112 = load i16* @match_matchBufferQ_V_14, align 4" [matchedRee/matchFilter.cpp:58]
ST_1 : Operation 455 [1/1] (0.00ns)   --->   "store i16 %match_matchBufferQ_V_112, i16* @match_matchBufferQ_V_15, align 2" [matchedRee/matchFilter.cpp:58]
ST_1 : Operation 456 [1/1] (0.00ns)   --->   "%match_matchBufferI_V_113 = load i16* @match_matchBufferI_V_13, align 2" [matchedRee/matchFilter.cpp:57]
ST_1 : Operation 457 [1/1] (0.00ns)   --->   "store i16 %match_matchBufferI_V_113, i16* @match_matchBufferI_V_14, align 4" [matchedRee/matchFilter.cpp:57]
ST_1 : Operation 458 [1/1] (0.00ns)   --->   "%match_matchBufferQ_V_113 = load i16* @match_matchBufferQ_V_13, align 2" [matchedRee/matchFilter.cpp:58]
ST_1 : Operation 459 [1/1] (0.00ns)   --->   "store i16 %match_matchBufferQ_V_113, i16* @match_matchBufferQ_V_14, align 4" [matchedRee/matchFilter.cpp:58]
ST_1 : Operation 460 [1/1] (0.00ns)   --->   "%match_matchBufferI_V_114 = load i16* @match_matchBufferI_V_12, align 8" [matchedRee/matchFilter.cpp:57]
ST_1 : Operation 461 [1/1] (0.00ns)   --->   "store i16 %match_matchBufferI_V_114, i16* @match_matchBufferI_V_13, align 2" [matchedRee/matchFilter.cpp:57]
ST_1 : Operation 462 [1/1] (0.00ns)   --->   "%match_matchBufferQ_V_114 = load i16* @match_matchBufferQ_V_12, align 8" [matchedRee/matchFilter.cpp:58]
ST_1 : Operation 463 [1/1] (0.00ns)   --->   "store i16 %match_matchBufferQ_V_114, i16* @match_matchBufferQ_V_13, align 2" [matchedRee/matchFilter.cpp:58]
ST_1 : Operation 464 [1/1] (0.00ns)   --->   "%match_matchBufferI_V_115 = load i16* @match_matchBufferI_V_11, align 2" [matchedRee/matchFilter.cpp:57]
ST_1 : Operation 465 [1/1] (0.00ns)   --->   "store i16 %match_matchBufferI_V_115, i16* @match_matchBufferI_V_12, align 8" [matchedRee/matchFilter.cpp:57]
ST_1 : Operation 466 [1/1] (0.00ns)   --->   "%match_matchBufferQ_V_115 = load i16* @match_matchBufferQ_V_11, align 2" [matchedRee/matchFilter.cpp:58]
ST_1 : Operation 467 [1/1] (0.00ns)   --->   "store i16 %match_matchBufferQ_V_115, i16* @match_matchBufferQ_V_12, align 8" [matchedRee/matchFilter.cpp:58]
ST_1 : Operation 468 [1/1] (0.00ns)   --->   "%match_matchBufferI_V_116 = load i16* @match_matchBufferI_V_10, align 4" [matchedRee/matchFilter.cpp:57]
ST_1 : Operation 469 [1/1] (0.00ns)   --->   "store i16 %match_matchBufferI_V_116, i16* @match_matchBufferI_V_11, align 2" [matchedRee/matchFilter.cpp:57]
ST_1 : Operation 470 [1/1] (0.00ns)   --->   "%match_matchBufferQ_V_116 = load i16* @match_matchBufferQ_V_10, align 4" [matchedRee/matchFilter.cpp:58]
ST_1 : Operation 471 [1/1] (0.00ns)   --->   "store i16 %match_matchBufferQ_V_116, i16* @match_matchBufferQ_V_11, align 2" [matchedRee/matchFilter.cpp:58]
ST_1 : Operation 472 [1/1] (0.00ns)   --->   "%match_matchBufferI_V_117 = load i16* @match_matchBufferI_V_9, align 2" [matchedRee/matchFilter.cpp:57]
ST_1 : Operation 473 [1/1] (0.00ns)   --->   "store i16 %match_matchBufferI_V_117, i16* @match_matchBufferI_V_10, align 4" [matchedRee/matchFilter.cpp:57]
ST_1 : Operation 474 [1/1] (0.00ns)   --->   "%match_matchBufferQ_V_117 = load i16* @match_matchBufferQ_V_9, align 2" [matchedRee/matchFilter.cpp:58]
ST_1 : Operation 475 [1/1] (0.00ns)   --->   "store i16 %match_matchBufferQ_V_117, i16* @match_matchBufferQ_V_10, align 4" [matchedRee/matchFilter.cpp:58]
ST_1 : Operation 476 [1/1] (0.00ns)   --->   "%match_matchBufferI_V_118 = load i16* @match_matchBufferI_V_8, align 16" [matchedRee/matchFilter.cpp:57]
ST_1 : Operation 477 [1/1] (0.00ns)   --->   "store i16 %match_matchBufferI_V_118, i16* @match_matchBufferI_V_9, align 2" [matchedRee/matchFilter.cpp:57]
ST_1 : Operation 478 [1/1] (0.00ns)   --->   "%match_matchBufferQ_V_118 = load i16* @match_matchBufferQ_V_8, align 16" [matchedRee/matchFilter.cpp:58]
ST_1 : Operation 479 [1/1] (0.00ns)   --->   "store i16 %match_matchBufferQ_V_118, i16* @match_matchBufferQ_V_9, align 2" [matchedRee/matchFilter.cpp:58]
ST_1 : Operation 480 [1/1] (0.00ns)   --->   "%match_matchBufferI_V_119 = load i16* @match_matchBufferI_V_7, align 2" [matchedRee/matchFilter.cpp:57]
ST_1 : Operation 481 [1/1] (0.00ns)   --->   "store i16 %match_matchBufferI_V_119, i16* @match_matchBufferI_V_8, align 16" [matchedRee/matchFilter.cpp:57]
ST_1 : Operation 482 [1/1] (0.00ns)   --->   "%match_matchBufferQ_V_119 = load i16* @match_matchBufferQ_V_7, align 2" [matchedRee/matchFilter.cpp:58]
ST_1 : Operation 483 [1/1] (0.00ns)   --->   "store i16 %match_matchBufferQ_V_119, i16* @match_matchBufferQ_V_8, align 16" [matchedRee/matchFilter.cpp:58]
ST_1 : Operation 484 [1/1] (0.00ns)   --->   "%match_matchBufferI_V_120 = load i16* @match_matchBufferI_V_6, align 4" [matchedRee/matchFilter.cpp:57]
ST_1 : Operation 485 [1/1] (0.00ns)   --->   "store i16 %match_matchBufferI_V_120, i16* @match_matchBufferI_V_7, align 2" [matchedRee/matchFilter.cpp:57]
ST_1 : Operation 486 [1/1] (0.00ns)   --->   "%match_matchBufferQ_V_120 = load i16* @match_matchBufferQ_V_6, align 4" [matchedRee/matchFilter.cpp:58]
ST_1 : Operation 487 [1/1] (0.00ns)   --->   "store i16 %match_matchBufferQ_V_120, i16* @match_matchBufferQ_V_7, align 2" [matchedRee/matchFilter.cpp:58]
ST_1 : Operation 488 [1/1] (0.00ns)   --->   "%match_matchBufferI_V_121 = load i16* @match_matchBufferI_V_5, align 2" [matchedRee/matchFilter.cpp:57]
ST_1 : Operation 489 [1/1] (0.00ns)   --->   "store i16 %match_matchBufferI_V_121, i16* @match_matchBufferI_V_6, align 4" [matchedRee/matchFilter.cpp:57]
ST_1 : Operation 490 [1/1] (0.00ns)   --->   "%match_matchBufferQ_V_121 = load i16* @match_matchBufferQ_V_5, align 2" [matchedRee/matchFilter.cpp:58]
ST_1 : Operation 491 [1/1] (0.00ns)   --->   "store i16 %match_matchBufferQ_V_121, i16* @match_matchBufferQ_V_6, align 4" [matchedRee/matchFilter.cpp:58]
ST_1 : Operation 492 [1/1] (0.00ns)   --->   "%match_matchBufferI_V_122 = load i16* @match_matchBufferI_V_4, align 8" [matchedRee/matchFilter.cpp:57]
ST_1 : Operation 493 [1/1] (0.00ns)   --->   "store i16 %match_matchBufferI_V_122, i16* @match_matchBufferI_V_5, align 2" [matchedRee/matchFilter.cpp:57]
ST_1 : Operation 494 [1/1] (0.00ns)   --->   "%match_matchBufferQ_V_122 = load i16* @match_matchBufferQ_V_4, align 8" [matchedRee/matchFilter.cpp:58]
ST_1 : Operation 495 [1/1] (0.00ns)   --->   "store i16 %match_matchBufferQ_V_122, i16* @match_matchBufferQ_V_5, align 2" [matchedRee/matchFilter.cpp:58]
ST_1 : Operation 496 [1/1] (0.00ns)   --->   "%match_matchBufferI_V_123 = load i16* @match_matchBufferI_V_3, align 2" [matchedRee/matchFilter.cpp:57]
ST_1 : Operation 497 [1/1] (0.00ns)   --->   "store i16 %match_matchBufferI_V_123, i16* @match_matchBufferI_V_4, align 8" [matchedRee/matchFilter.cpp:57]
ST_1 : Operation 498 [1/1] (0.00ns)   --->   "%match_matchBufferQ_V_123 = load i16* @match_matchBufferQ_V_3, align 2" [matchedRee/matchFilter.cpp:58]
ST_1 : Operation 499 [1/1] (0.00ns)   --->   "store i16 %match_matchBufferQ_V_123, i16* @match_matchBufferQ_V_4, align 8" [matchedRee/matchFilter.cpp:58]
ST_1 : Operation 500 [1/1] (0.00ns)   --->   "%match_matchBufferI_V_124 = load i16* @match_matchBufferI_V_2, align 4" [matchedRee/matchFilter.cpp:57]
ST_1 : Operation 501 [1/1] (0.00ns)   --->   "store i16 %match_matchBufferI_V_124, i16* @match_matchBufferI_V_3, align 2" [matchedRee/matchFilter.cpp:57]
ST_1 : Operation 502 [1/1] (0.00ns)   --->   "%match_matchBufferQ_V_124 = load i16* @match_matchBufferQ_V_2, align 4" [matchedRee/matchFilter.cpp:58]
ST_1 : Operation 503 [1/1] (0.00ns)   --->   "store i16 %match_matchBufferQ_V_124, i16* @match_matchBufferQ_V_3, align 2" [matchedRee/matchFilter.cpp:58]
ST_1 : Operation 504 [1/1] (0.00ns)   --->   "%match_matchBufferI_V_125 = load i16* @match_matchBufferI_V_1, align 2" [matchedRee/matchFilter.cpp:57]
ST_1 : Operation 505 [1/1] (0.00ns)   --->   "store i16 %match_matchBufferI_V_125, i16* @match_matchBufferI_V_2, align 4" [matchedRee/matchFilter.cpp:57]
ST_1 : Operation 506 [1/1] (0.00ns)   --->   "%match_matchBufferQ_V_125 = load i16* @match_matchBufferQ_V_1, align 2" [matchedRee/matchFilter.cpp:58]
ST_1 : Operation 507 [1/1] (0.00ns)   --->   "store i16 %match_matchBufferQ_V_125, i16* @match_matchBufferQ_V_2, align 4" [matchedRee/matchFilter.cpp:58]
ST_1 : Operation 508 [1/1] (0.00ns)   --->   "%match_matchBufferI_V_126 = load i16* @match_matchBufferI_V, align 16" [matchedRee/matchFilter.cpp:57]
ST_1 : Operation 509 [1/1] (0.00ns)   --->   "store i16 %match_matchBufferI_V_126, i16* @match_matchBufferI_V_1, align 2" [matchedRee/matchFilter.cpp:57]
ST_1 : Operation 510 [1/1] (0.00ns)   --->   "%match_matchBufferQ_V_126 = load i16* @match_matchBufferQ_V, align 16" [matchedRee/matchFilter.cpp:58]
ST_1 : Operation 511 [1/1] (0.00ns)   --->   "store i16 %match_matchBufferQ_V_126, i16* @match_matchBufferQ_V_1, align 2" [matchedRee/matchFilter.cpp:58]
ST_1 : Operation 512 [1/1] (0.00ns)   --->   "store i16 %newVali_V_read, i16* @match_matchBufferI_V, align 16" [matchedRee/matchFilter.cpp:60]
ST_1 : Operation 513 [1/1] (0.00ns)   --->   "store i16 %newValq_V_read, i16* @match_matchBufferQ_V, align 16" [matchedRee/matchFilter.cpp:61]
ST_1 : Operation 514 [1/1] (0.00ns)   --->   "ret void" [matchedRee/matchFilter.cpp:62]


============================================================
+ Verbose Summary: Timing violations
============================================================
Target clock period: 5ns, clock uncertainty: 0.625ns.

 <State 1>: 0ns
The critical path consists of the following:


============================================================
+ Verbose Summary: Binding
============================================================
N/A
* FSMD analyzer results:
  - Output states:
 - Input state : 
  - Chain level:
	State 1


============================================================
+ Verbose Summary: Datapath Resource usage 
============================================================
N/A
